ID: 12435
Title: rpm  -ivh  clickhouse-server-20.6.1.4050-2.noarch.rpm failed, reports initscripts is needed by clickhouse-server-20.6.1.4050-2.noarch
Description:
(you don't have to strictly follow this form)
host os :centos 7.6 then use docker to install a centos 8
```docker pull centos:8
[root@VM_0_13_centos ch206]#  docker run -ti -v /tmp/ch206:/tmp centos:8 /bin/bash
[root@0fb71deef71d /]# cd /tmp
[root@0fb71deef71d tmp]# rpm -ivh clickhouse-common-static-20.6.1.4050-2.x86_64.rpm
warning: clickhouse-common-static-20.6.1.4050-2.x86_64.rpm: Header V4 RSA/SHA1 Signature, key ID e0c56bd4: NOKEY
Verifying...                          ################################# [100%]
Preparing...                          ################################# [100%]
Updating / installing...
   1:clickhouse-common-static-20.6.1.4################################# [100%]
[root@0fb71deef71d tmp]#  clickhouse-client -m
bash: clickhouse-client: command not found
[root@0fb71deef71d tmp]# rpm -ivh  clickhouse-server-20.6.1.4050-2.noarch.rpm
warning: clickhouse-server-20.6.1.4050-2.noarch.rpm: Header V4 RSA/SHA1 Signature, key ID e0c56bd4: NOKEY
error: Failed dependencies:
        initscripts is needed by clickhouse-server-20.6.1.4050-2.noarch
[root@0fb71deef71d tmp]# rpm -ivh clickhouse-client-20.6.1.4050-2.noarch.rpm
warning: clickhouse-client-20.6.1.4050-2.noarch.rpm: Header V4 RSA/SHA1 Signature, key ID e0c56bd4: NOKEY
Verifying...                          ################################# [100%]
Preparing...                          ################################# [100%]
Updating / installing...
   1:clickhouse-client-20.6.1.4050-2  ################################# [100%]
[root@0fb71deef71d tmp]# rpm -ivh  clickhouse-server-20.6.1.4050-2.noarch.rpm
warning: clickhouse-server-20.6.1.4050-2.noarch.rpm: Header V4 RSA/SHA1 Signature, key ID e0c56bd4: NOKEY
error: Failed dependencies:
        initscripts is needed by clickhouse-server-20.6.1.4050-2.noarch
```

**Describe the bug**
A clear and concise description of what works not as it is supposed to.

**How to reproduce**
* Which ClickHouse server version to use
* Which interface to use, if matters
* Non-default settings, if any
* `CREATE TABLE` statements for all tables involved
* Sample data for all these tables, use [clickhouse-obfuscator](https://github.com/ClickHouse/ClickHouse/blob/master/programs/obfuscator/Obfuscator.cpp#L42-L80) if necessary
* Queries to run that lead to unexpected result

**Expected behavior**
A clear and concise description of what you expected to happen.

**Error message and/or stacktrace**
If applicable, add screenshots to help explain your problem.

**Additional context**
Add any other context about the problem here.
