ID: 15125
Title: use `rpm -Uvh clickhouse*rpm` to upgrade to 20.9, but cannot start the server by `service clickhouse-server start`
Description:
(you don't have to strictly follow this form)
```
[root@centos tmp]# rpm -qa clickhouse*
clickhouse-client-20.8.1.4513-2.noarch
clickhouse-common-static-20.8.1.4513-2.x86_64
clickhouse-server-20.8.1.4513-2.noarch
[root@centos tmp]# service clickhouse-server stop
Stop clickhouse-server service: DONE
[root@centos tmp]# axel -a https://repo.yandex.ru/clickhouse/rpm/stable/x86_64/clickhouse-client-20.9.2.20-2.noarch.rpm
...
[root@centos tmp]#rpm -Uvh clickhouse*rpm
warning: clickhouse-client-20.9.2.20-2.noarch.rpm: Header V4 RSA/SHA1 Signature, key ID e0c56bd4: NOKEY
Preparing...                          ################################# [100%]
Updating / installing...
   1:clickhouse-common-static-20.9.2.2################################# [ 17%]
   2:clickhouse-client-20.9.2.20-2    ################################# [ 33%]
   3:clickhouse-server-20.9.2.20-2    ################################# [ 50%]
Path to data directory in /etc/clickhouse-server/config.xml: /var/lib/clickhouse/
Cleaning up / removing...
   4:clickhouse-server-20.8.1.4513-2  ################################# [ 67%]
   5:clickhouse-client-20.8.1.4513-2  ################################# [ 83%]
   6:clickhouse-common-static-20.8.1.4################################# [100%]
[root@centos tmp]# service clickhouse-server status
clickhouse-server service is stopped

[root@centos tmp]# service clickhouse-server start
Init script is already running
```
**Describe the bug**
A clear and concise description of what works not as it is supposed to.

**How to reproduce**
* Which ClickHouse server version to use
* Which interface to use, if matters
* Non-default settings, if any
* `CREATE TABLE` statements for all tables involved
* Sample data for all these tables, use [clickhouse-obfuscator](https://github.com/ClickHouse/ClickHouse/blob/master/programs/obfuscator/Obfuscator.cpp#L42-L80) if necessary
* Queries to run that lead to unexpected result

**Expected behavior**
A clear and concise description of what you expected to happen.

**Error message and/or stacktrace**
If applicable, add screenshots to help explain your problem.

**Additional context**
Add any other context about the problem here.
