ID: 23183
Title: [aarch64] Uncaught exception in clickhouse-client
Description:

i download the ci build output binary

```shell
 wget https://clickhouse-builds.s3.yandex.net/0/9110a76d00807baf9dc368cd613512298188269b/clickhouse_special_build_check/clang-11-aarch64_relwithdebuginfo_none_bundled_unsplitted_disable_False_binary/clickhouse
```

and run command:

```shell
root@ubuntu-8658944997-7vjh6:/# ./clickhouse client -h
libc++abi: terminating with uncaught exception of type boost::wrapexcept<boost::program_options::invalid_command_line_syntax>: the required argument for option is missing
Aborted (core dumped)
root@ubuntu-8658944997-7vjh6:/# uname -a
Linux ubuntu-8658944997-7vjh6 4.19.90-17.ky10.aarch64 #1 SMP Sun Jun 28 14:27:40 CST 2020 aarch64 aarch64 aarch64 GNU/Linux
root@ubuntu-8658944997-7vjh6:/# ./clickhouse client --version
ClickHouse client version 21.5.1.6580 (official build).
```

but our old clickhouse version 20.3.18.186 runing correct:
```shell
[root@Malluma ch]# uname -a
Linux Malluma 4.19.90-17.ky10.aarch64 #1 SMP Sun Jun 28 14:27:40 CST 2020 aarch64 aarch64 aarch64 GNU/Linux
[root@Malluma ch]# ./clickhouse-aarch64-20.3.18.186 client --v
Bad arguments: option '--v' is ambiguous and matches '--version', '--version-clean', and '--vertical'
[root@Malluma ch]# ./clickhouse-aarch64-20.3.18.186 client ---version
Bad arguments: unrecognised option '---version'
[root@Malluma ch]# ./clickhouse-aarch64-20.3.18.186 client -h
Bad arguments: the required argument for option '--host' is missing
```
It seems that the new version brings new bugs?

both new and old version running under QEMU is correctly.
