ID: 1012
Title: Replace statement conflict with multiple rows
Description:
tidb> CREATE TABLE t (a int, b int, PRIMARY KEY(a), UNIQUE KEY(b));
Query OK, 0 row affected (0.01 sec)
tidb> insert into t values (1, 2);
Query OK, 1 row affected (0.00 sec)
tidb> insert into t values (2, 1);
Query OK, 1 row affected (0.00 sec)
tidb> replace into t(a, b) values (1, 1);
2016/03/25 11:20:18 main.go:236: [error] [kv:3]key already exist
github.com/pingcap/tidb/kv/index_iter.go:196: 
github.com/pingcap/tidb/table/tables/tables.go:575: 
github.com/pingcap/tidb/table/tables/tables.go:285: 
github.com/pingcap/tidb/table/tables/tables.go:216: 
github.com/pingcap/tidb/executor/executor_write.go:896: 
github.com/pingcap/tidb/executor/executor_write.go:868: 
github.com/pingcap/tidb/executor/adapter.go:84: 
github.com/pingcap/tidb/tidb.go:172: 
github.com/pingcap/tidb/session.go:384: 
github.com/pingcap/tidb/driver.go:345: 
github.com/pingcap/tidb/interpreter/main.go:120:  

MySQL:

mysql> CREATE TABLE t (a int, b int, PRIMARY KEY(a), UNIQUE KEY(b));
Query OK, 0 rows affected (0.02 sec)

mysql> insert into t values (1, 2);
Query OK, 1 row affected (0.01 sec)

mysql> insert into t values (2, 1);
Query OK, 1 row affected (0.00 sec)

mysql> replace into t(a, b) values (1, 1);
Query OK, 3 rows affected (0.00 sec)

mysql> select \* from t;
+---+------+
| a | b    |
+---+------+
| 1 |    1 |
+---+------+
1 row in set (0.00 sec)
