ID: 11080
Title: different behavior when inserting too long data  in MySQL 5.7 and TiDB 3.0
Description:
## Bug Report

Please answer these questions before submitting your issue. Thanks!

1. What did you do?
If possible, provide a recipe for reproducing the error.

```
mysql> desc history1;

+----------+--------------+------+------+---------+-------+
| Field    | Type         | Null | Key  | Default | Extra |
+----------+--------------+------+------+---------+-------+
| h_c_id   | int(11)      | YES  |      | NULL    |       |
| h_c_d_id | tinyint(4)   | YES  |      | NULL    |       |
| h_c_w_id | smallint(6)  | YES  | MUL  | NULL    |       |
| h_d_id   | tinyint(4)   | YES  |      | NULL    |       |
| h_w_id   | smallint(6)  | YES  | MUL  | NULL    |       |
| h_date   | datetime     | YES  |      | NULL    |       |
| h_amount | decimal(6,2) | YES  |      | NULL    |       |
| h_data   | varchar(24)  | YES  |      | NULL    |       |
+----------+--------------+------+------+---------+-------+
8 rows in set (0.00 sec)

mysql> INSERT INTO history1 (h_c_d_id, h_c_w_id, h_c_id, h_d_id,  h_w_id, h_date, h_amount, h_data) VALUES (6,1,642,6,1,NOW(),5,'name-ussgn name-zamed    ');
```

2. What did you expect to see?

Like MySQL 5.7, insert successfully but with a warning, e.g. 

```
mysql> INSERT INTO history1 (h_c_d_id, h_c_w_id, h_c_id, h_d_id,  h_w_id, h_date, h_amount, h_data) VALUES (6,1,642,6,1,NOW(),5,'name-ussgn name-zamed    ');
Query OK, 1 row affected, 1 warning (0.00 sec)

mysql> SHOW WARNINGS;
+-------+------+---------------------------------------------+
| Level | Code | Message                                     |
+-------+------+---------------------------------------------+
| Note  | 1265 | Data truncated for column 'h_data' at row 1 |
+-------+------+---------------------------------------------+
1 row in set (0.00 sec)
```

3. What did you see instead?

Meet error: 

```
ERROR 1406 (22001): Data too long for column 'h_data' at row 1
```

I find that both MySQL 5.7 and TiDB use the same sql mode:

```
mysql> select @@sql_mode;
+-------------------------------------------------------------------------------------------------------------------------------------------+
| @@sql_mode                                                                                                                                |
+-------------------------------------------------------------------------------------------------------------------------------------------+
| ONLY_FULL_GROUP_BY,STRICT_TRANS_TABLES,NO_ZERO_IN_DATE,NO_ZERO_DATE,ERROR_FOR_DIVISION_BY_ZERO,NO_AUTO_CREATE_USER,NO_ENGINE_SUBSTITUTION |
+------------------------------
```

If I want to insert the long data, I have to change the SQL mode:

```
mysql> set @@sql_mode='';
Query OK, 0 rows affected (0.01 sec)

mysql> INSERT INTO history1 (h_c_d_id, h_c_w_id, h_c_id, h_d_id,  h_w_id, h_date, h_amount, h_data) VALUES (6,1,642,6,1,NOW(),5,'name-ussgn name-zamed    ');
Query OK, 1 row affected, 1 warning (0.01 sec)

mysql> show warnings;
+---------+------+------------------------------------------+
| Level   | Code | Message                                  |
+---------+------+------------------------------------------+
| Warning | 1406 | Data Too Long, field len 24, data len 25 |
+---------+------+------------------------------------------+
1 row in set (0.01 sec)
```

