ID: 11425
Title: Alter table set pre_split_regions fail
Description:
## Bug Report

Please answer these questions before submitting your issue. Thanks!

1. What did you do?
Alter table test to set `PRE_SPLIT_REGIONS=6` fail without any error.
```sql
mysql> create table test(a char(10) not null,b char(20)) shard_row_id_bits=6;
Query OK, 0 rows affected (0.01 sec)

mysql> show create table test;
+-------+-----------------------------------------------------------------------------------------------------------------------------------------------------------------------+
| Table | Create Table                                                                                                                                                          |
+-------+-----------------------------------------------------------------------------------------------------------------------------------------------------------------------+
| test  | CREATE TABLE `test` (
  `a` char(10) NOT NULL,
  `b` char(20) DEFAULT NULL
) ENGINE=InnoDB DEFAULT CHARSET=utf8mb4 COLLATE=utf8mb4_bin/*!90000 SHARD_ROW_ID_BITS=6 */ |
+-------+-----------------------------------------------------------------------------------------------------------------------------------------------------------------------+
1 row in set (0.00 sec)

mysql> alter table test pre_split_regions=6;
Query OK, 0 rows affected (0.00 sec)

mysql> show create table test;
+-------+-----------------------------------------------------------------------------------------------------------------------------------------------------------------------+
| Table | Create Table                                                                                                                                                          |
+-------+-----------------------------------------------------------------------------------------------------------------------------------------------------------------------+
| test  | CREATE TABLE `test` (
  `a` char(10) NOT NULL,
  `b` char(20) DEFAULT NULL
) ENGINE=InnoDB DEFAULT CHARSET=utf8mb4 COLLATE=utf8mb4_bin/*!90000 SHARD_ROW_ID_BITS=6 */ |
+-------+-----------------------------------------------------------------------------------------------------------------------------------------------------------------------+
1 row in set (0.00 sec)

mysql> drop table test;
Query OK, 0 rows affected (0.01 sec)

mysql> create table test(a char(10) not null,b char(20)) shard_row_id_bits=6 pre_split_regions=6;
Query OK, 0 rows affected (0.01 sec)

mysql> show create table test;
+-------+-------------------------------------------------------------------------------------------------------------------------------------------------------------------------------------------+
| Table | Create Table                                                                                                                                                                              |
+-------+-------------------------------------------------------------------------------------------------------------------------------------------------------------------------------------------+
| test  | CREATE TABLE `test` (
  `a` char(10) NOT NULL,
  `b` char(20) DEFAULT NULL
) ENGINE=InnoDB DEFAULT CHARSET=utf8mb4 COLLATE=utf8mb4_bin/*!90000 SHARD_ROW_ID_BITS=6 PRE_SPLIT_REGIONS=6 */ |
+-------+-------------------------------------------------------------------------------------------------------------------------------------------------------------------------------------------+
1 row in set (0.00 sec)
```


2. What did you expect to see?
Alter success.


3. What did you see instead?
Nothing happened


4. What version of TiDB are you using (`tidb-server -V` or run `select tidb_version();` on TiDB)?
Master branch
