ID: 11513
Title: drop view does not work as expected 
Description:
## Bug Report

Please answer these questions before submitting your issue. Thanks!

1. What did you do?
If possible, provide a recipe for reproducing the error.
In Mysql, we have the following 
```
mysql> create table abc(qty INT, price INT);
Query OK, 0 rows affected (0.02 sec)

mysql> CREATE VIEW v AS SELECT qty, price, qty*price AS value FRom abc;
Query OK, 0 rows affected (0.03 sec)

mysql> drop table v;
ERROR 1051 (42S02): Unknown table 'test.v'
```

while, in TiDB, the thing is not consistent with MySQL. 
```
mysql> create table abc(qty INT, price INT);
Query OK, 0 rows affected (0.02 sec)

mysql> CREATE VIEW v AS SELECT qty, price, qty*price AS value FRom abc;
Query OK, 0 rows affected (0.03 sec)
mysql> show tables;
+--------------------------+
| Tables_in_tispark_test   |
+--------------------------+
| abc                      |
| v                        |
+--------------------------+
mysql> drop table v;
Query OK, 0 rows affected (0.20 sec)

mysql> show tables;
+--------------------------+
| Tables_in_tispark_test   |
+--------------------------+
| abc                      |
| test_view                |
+--------------------------+

```

2. What did you expect to see?

drop table should report error. 

3. What did you see instead?
drop table query drops the view. 


4. What version of TiDB are you using (`tidb-server -V` or run `select tidb_version();` on TiDB)?
```
mysql> select tidb_version();
+--------------------------------------------------------------------------------------------------------------------------------------------------------------------------------------------------------------------------------------------------------------------------------------------------------------------------------------+
| tidb_version()                                                                                                                                                                                                                                                                                                                       |
+--------------------------------------------------------------------------------------------------------------------------------------------------------------------------------------------------------------------------------------------------------------------------------------------------------------------------------------+
| Release Version: v3.0.0-rc.1-419-gaf15f725b
Git Commit Hash: af15f725b5558651627b94faacdb525f2d60920f
Git Branch: master
UTC Build Time: 2019-07-29 10:46:33
GoVersion: go version go1.12.6 darwin/amd64
Race Enabled: false
TiKV Min Version: 2.1.0-alpha.1-ff3dd160846b7d1aed9079c389fc188f7f5ea13e
Check Table Before Drop: false |
+--------------------------------------------------------------------------------------------------------------------------------------------------------------------------------------------------------------------------------------------------------------------------------------------------------------------------------------+
1 row in set (0.01 sec)
```