ID: 12186
Title: Could not run tests under Go 1.13
Description:
## Bug Report

Please answer these questions before submitting your issue. Thanks!

1. What did you do?
If possible, provide a recipe for reproducing the error.

```sh
$ git clone git@github.com:pingcap/tidb.git
$ cd tidb
$ git log -n 1                             
commit 0f55274760064a2e5ceffbd492616c0ffba75643 (HEAD -> master, origin/master, origin/HEAD)
Author: djshow832 <873581766@qq.com>
Date:   Thu Sep 12 19:53:16 2019 +0800

    infoschema, session: support for events_statements_summary_by_digest (#12017)
$ make dev
```

2. What did you expect to see?

All tests are ok.


3. What did you see instead?

```sh
GO111MODULE=on go build -o ../bin/errcheck github.com/kisielk/errcheck
errcheck
error: failed to check packages: errors while loading package github.com/pingcap/tidb/kv/memdb: [/home/kev/projects/my/tidb/kv/memdb/memdb.s:12:35: expected ';', found 'EOF' /home/kev/projects/my/tidb/kv/memdb/memdb.s:12:35: expected 'IDENT', found 'EOF' /home/kev/projects/my/tidb/kv/memdb/memdb.s:12:35: expected 'package', found 'EOF' -: package ; expected memdb]
cd tools/check; \
GO111MODULE=on go build -o ../bin/revive github.com/mgechev/revive
linting
go mod tidy
./tools/check/check-tidy.sh
Makefile:112: recipe for target 'tidy' failed
make: *** [tidy] Error 1
```

4. What version of TiDB are you using (`tidb-server -V` or run `select tidb_version();` on TiDB)?

`master` branch. last commit=`0f55274760064a2e5ceffbd492616c0ffba75643`

```sh
$ go version    
go version go1.13 linux/amd64

$ go env        
GO111MODULE=""
GOARCH="amd64"
GOBIN=""
GOCACHE="/home/kev/.cache/go-build"
GOENV="/home/kev/.config/go/env"
GOEXE=""
GOFLAGS=""
GOHOSTARCH="amd64"
GOHOSTOS="linux"
GONOPROXY=""
GONOSUMDB=""
GOOS="linux"
GOPATH="/home/kev/projects/go"
GOPRIVATE=""
GOPROXY="https://proxy.golang.org,direct"
GOROOT="/home/kev/.go"
GOSUMDB="sum.golang.org"
GOTMPDIR=""
GOTOOLDIR="/home/kev/.go/pkg/tool/linux_amd64"
GCCGO="gccgo"
AR="ar"
CC="gcc"
CXX="g++"
CGO_ENABLED="1"
GOMOD="/home/kev/projects/my/tidb/go.mod"
CGO_CFLAGS="-g -O2"
CGO_CPPFLAGS=""
CGO_CXXFLAGS="-g -O2"
CGO_FFLAGS="-g -O2"
CGO_LDFLAGS="-g -O2"
PKG_CONFIG="pkg-config"
GOGCCFLAGS="-fPIC -m64 -pthread -fmessage-length=0 -fdebug-prefix-map=/tmp/go-build534614702=/tmp/go-build -gno-record-gcc-switches"
```