ID: 12356
Title: Window Function: not report error when a illegal windown not use (inconsistent with mysql)
Description:
## Bug Report

1. What did you do?

```sql
create table temptest (val int, val1 int);

SELECT val FROM temptest WINDOW w AS (ORDER BY val, val1 RANGE 1 PRECEDING);
```

Note that there have an unuse window `w` in select


2. What did you expect to see?

In Mysql 8.0.16

```sql
mysql> create table temptest (val int, val1 int);
Query OK, 0 rows affected (0.05 sec)

mysql> SELECT val FROM temptest WINDOW w AS (ORDER BY val, val1 RANGE 1 PRECEDING);
ERROR 3587 (HY000): Window 'w' with RANGE N PRECEDING/FOLLOWING frame requires exactly one ORDER BY expression, of numeric or temporal type
```

3. What did you see instead?

In TiDB

```sql
mysql> create table temptest (val int, val1 int);
Query OK, 0 rows affected (0.16 sec)

mysql> SELECT val FROM temptest WINDOW w AS (ORDER BY val, val1 RANGE 1 PRECEDING);
Empty set (0.01 sec)
```

4. What version of TiDB are you using (`tidb-server -V` or run `select tidb_version();` on TiDB)?

```sql
mysql> select tidb_version();
+------------------------------------------------------------------------------------------------------------------------------------------------------------------------------------------------------------------------------------------------------------------------------------------------------+
| tidb_version()                                                                                                                                                                                                                                                                                       |
+------------------------------------------------------------------------------------------------------------------------------------------------------------------------------------------------------------------------------------------------------------------------------------------------------+
| Release Version: v3.0.3
Git Commit Hash: 836982c617fbaa42d74616eb9ba9ed4cae46c46b
Git Branch: HEAD
UTC Build Time: 2019-08-30 02:42:42
GoVersion: go version go1.12 linux/amd64
Race Enabled: false
TiKV Min Version: v3.0.0-60965b006877ca7234adaced7890d7b029ed1306
Check Table Before Drop: false |
+------------------------------------------------------------------------------------------------------------------------------------------------------------------------------------------------------------------------------------------------------------------------------------------------------+
1 row in set (0.00 sec)
```
