ID: 12420
Title: bigint unsigned primary key duplicate error info is not correct
Description:
## Bug Report

Please answer these questions before submitting your issue. Thanks!

1. What did you do?
If possible, provide a recipe for reproducing the error.

Check the below symptoms.

2. What did you expect to see?
On MySQL:

```
mysql> create table t(a bigint unsigned primary key);
Query OK, 0 rows affected (0.05 sec)

mysql> insert into t values(18446744073709551615);
Query OK, 1 row affected (0.01 sec)

mysql> insert into t values(18446744073709551615);
ERROR 1062 (23000): Duplicate entry '18446744073709551615' for key 'PRIMARY'
```


3. What did you see instead?
On TiDB:

```
mysql> create table t(a bigint unsigned primary key);
Query OK, 0 rows affected (0.01 sec)

mysql> insert into t values(18446744073709551615);
Query OK, 1 row affected (0.01 sec)

mysql> insert into t values(18446744073709551615);
ERROR 1062 (23000): Duplicate entry '-1' for key 'PRIMARY'
mysql> select * from t;
+----------------------+
| a                    |
+----------------------+
| 18446744073709551615 |
+----------------------+
1 row in set (0.00 sec)
```

4. What version of TiDB are you using (`tidb-server -V` or run `select tidb_version();` on TiDB)?

```
mysql> select tidb_version()\G
*************************** 1. row ***************************
tidb_version(): Release Version: v4.0.0-alpha-367-gde2df75a3-dirty
Git Commit Hash: de2df75a3e3cbebfa03e0d1ab33d6b70e6228eee
Git Branch: master
UTC Build Time: 2019-09-26 09:29:39
GoVersion: go version go1.12.9 darwin/amd64
Race Enabled: false
TiKV Min Version: v3.0.0-60965b006877ca7234adaced7890d7b029ed1306
Check Table Before Drop: false
1 row in set (0.00 sec)
```