ID: 12442
Title: When ORDER BY clause has conflict with DISTINCT, incompatible with mysql
Description:
## Bug Report

When `ORDER BY` has conflict with `DISTINCT`, mysql will report error, but TiDB will just ignore `ORDER BY`

1. What did you do?

```sql
create table ttest (v1 int, v2 int);
insert into ttest values(1, 2), (4,6), (1, 7);
select distinct v1 from ttest order by v2;
```

2. What did you expect to see?

In Mysql 8.0.16

```sql
mysql> create table ttest (v1 int, v2 int);
Query OK, 0 rows affected (0.06 sec)

mysql> insert into ttest values(1, 2), (4,6), (1, 7);
Query OK, 3 rows affected (0.02 sec)
Records: 3  Duplicates: 0  Warnings: 0

mysql> select distinct v1 from ttest order by v2;
ERROR 3065 (HY000): Expression #1 of ORDER BY clause is not in SELECT list, references column 'randgen.ttest.v2' which is not in SELECT list; this is incompatible with DISTINCT
```

3. What did you see instead?

In TiDB:

```sql
mysql> create table ttest (v1 int, v2 int);
Query OK, 0 rows affected (0.23 sec)

mysql> insert into ttest values(1, 2), (4,6), (1, 7);
Query OK, 3 rows affected (0.06 sec)
Records: 3  Duplicates: 0  Warnings: 0

mysql> select distinct v1 from ttest order by v2;
+------+
| v1   |
+------+
|    1 |
|    4 |
+------+
2 rows in set (0.01 sec)
```


4. What version of TiDB are you using (`tidb-server -V` or run `select tidb_version();` on TiDB)?

```sql
mysql> select tidb_version();
+------------------------------------------------------------------------------------------------------------------------------------------------------------------------------------------------------------------------------------------------------------------------------------------------------+
| tidb_version()                                                                                                                                                                                                                                                                                       |
+------------------------------------------------------------------------------------------------------------------------------------------------------------------------------------------------------------------------------------------------------------------------------------------------------+
| Release Version: v3.0.3
Git Commit Hash: 836982c617fbaa42d74616eb9ba9ed4cae46c46b
Git Branch: HEAD
UTC Build Time: 2019-08-30 02:42:42
GoVersion: go version go1.12 linux/amd64
Race Enabled: false
TiKV Min Version: v3.0.0-60965b006877ca7234adaced7890d7b029ed1306
Check Table Before Drop: false |
+------------------------------------------------------------------------------------------------------------------------------------------------------------------------------------------------------------------------------------------------------------------------------------------------------+
1 row in set (0.00 sec)

```
