ID: 13551
Title: Compare multi fields with subquery fail
Description:
## Bug Report

Please answer these questions before submitting your issue. Thanks!

1. What did you do?
If possible, provide a recipe for reproducing the error.

```
CREATE TABLE t1(c1 int, c2 int);
CREATE TABLE t2(c1 int, c2 int);
INSERT INTO t1(`c1`, `c2`) VALUES(2, 4);
INSERT INTO t2(`c1`, `c2`) VALUES(2, 4);
SELECT * FROM t2 WHERE (SELECT c1, c2 FROM t2 LIMIT 1) = ANY (SELECT c1, c2 FROM t1);
```

2. What did you expect to see?

* MySQL 8.0

```
mysql> CREATE TABLE t1(c1 int, c2 int);
Query OK, 0 rows affected (0.01 sec)

mysql> CREATE TABLE t2(c1 int, c2 int);
Query OK, 0 rows affected (0.00 sec)

mysql> INSERT INTO t1(`c1`, `c2`) VALUES(2, 4);
Query OK, 1 row affected (0.01 sec)

mysql> INSERT INTO t2(`c1`, `c2`) VALUES(2, 4);
Query OK, 1 row affected (0.00 sec)

mysql> SELECT * FROM t2 WHERE (SELECT c1, c2 FROM t2 LIMIT 1) = ANY (SELECT c1, c2 FROM t1);
+------+------+
| c1   | c2   |
+------+------+
|    2 |    4 |
+------+------+
1 row in set (0.00 sec)
```

3. What did you see instead?

* TiDB

```
mysql> CREATE TABLE t1(c1 int, c2 int);
Query OK, 0 rows affected (0.08 sec)

mysql> CREATE TABLE t2(c1 int, c2 int);
Query OK, 0 rows affected (0.09 sec)

mysql> INSERT INTO t1(`c1`, `c2`) VALUES(2, 4);
Query OK, 1 row affected (0.01 sec)

mysql> INSERT INTO t2(`c1`, `c2`) VALUES(2, 4);
Query OK, 1 row affected (0.01 sec)

mysql> SELECT * FROM t2 WHERE (SELECT c1, c2 FROM t2 LIMIT 1) = ANY (SELECT c1, c2 FROM t1);
ERROR 1241 (21000): Operand should contain 1 column(s)
```

4. What version of TiDB are you using (`tidb-server -V` or run `select tidb_version();` on TiDB)?

```
Release Version: v4.0.0-alpha-882-gf73cd98cc
Git Commit Hash: f73cd98ccee3346ad820a8ba81ea1e38add677f8
Git Branch: master
UTC Build Time: 2019-11-18 04:38:40
GoVersion: go version go1.13 linux/amd64
Race Enabled: false
TiKV Min Version: v3.0.0-60965b006877ca7234adaced7890d7b029ed1306
Check Table Before Drop: false
```