ID: 14159
Title: Incompatible with MySQL when selection conditions contain invalid string numbers
Description:
## Bug Report

Please answer these questions before submitting your issue. Thanks!

1. What did you do?
If possible, provide a recipe for reproducing the error.
```
create table t (v varchar(100));
insert into t values ("3289742893213123732904809");
select * from t where v;
```

2. What did you expect to see?
```
mysql> create table t (v varchar(100));
Query OK, 0 rows affected (0.05 sec)

mysql> insert into t values ("3289742893213123732904809");
Query OK, 1 row affected (0.00 sec)

mysql> select * from t where v;
+---------------------------+
| v                         |
+---------------------------+
| 3289742893213123732904809 |
+---------------------------+
1 row in set, 1 warning (0.00 sec)
```


3. What did you see instead?
```
mysql> create table t (v varchar(100));
Query OK, 0 rows affected (0.01 sec)

mysql> insert into t values ("3289742893213123732904809");
Query OK, 1 row affected (0.00 sec)

mysql> select * from t where v;
ERROR 1105 (HY000): other error: [types:1690]BIGINT value is out of range in '3289742893213123732904809'
```


4. What version of TiDB are you using (`tidb-server -V` or run `select tidb_version();` on TiDB)?
Master branch.