ID: 14398
Title: different query result when plan cache is enabled
Description:
## Bug Report

Please answer these questions before submitting your issue. Thanks!

1. What did you do?

Enable prepare plan cache in config, and execute queries below:
```
mysql> create table t(col_double double);
Query OK, 0 rows affected (0.01 sec)

mysql> insert into t values(1);
Query OK, 1 row affected (0.00 sec)

mysql> set session tidb_enable_vectorized_expression = 0;
Query OK, 0 rows affected (0.00 sec)

mysql> insert into mysql.expr_pushdown_blacklist values('cast');
Query OK, 1 row affected (0.01 sec)

mysql> admin reload expr_pushdown_blacklist;
Query OK, 0 rows affected (0.00 sec)

mysql> prepare stmt from "SELECT * FROM (SELECT col_double AS c0 FROM t) t WHERE (ABS((REPEAT(?, ?) OR 5617780767323292672)) < LN(EXP(c0)) + (? ^ ?))";
Query OK, 0 rows affected (0.00 sec)

mysql> set @a1 = "JuvkBX7ykVux20zQlkwDK2DFelgn7";
Query OK, 0 rows affected (0.00 sec)

mysql> set @a2 = 1;
Query OK, 0 rows affected (0.00 sec)

mysql> set @a3 = -112990.35179796701;
Query OK, 0 rows affected (0.00 sec)

mysql> set @a4 = 87997.92704840179;
Query OK, 0 rows affected (0.00 sec)

mysql> execute stmt using @a1, @a2, @a3, @a4;
ERROR 1690 (22003): constant 18446744073709490463 overflows bigint
```

2. What did you expect to see?

Last `execute` should not report error, like the behavior when plan cache is disabled.

```
mysql> create table t(col_double double);
Query OK, 0 rows affected (0.00 sec)

mysql> insert into t values(1);
Query OK, 1 row affected (0.00 sec)

mysql> set session tidb_enable_vectorized_expression = 0;
Query OK, 0 rows affected (0.00 sec)

mysql> insert into mysql.expr_pushdown_blacklist values('cast');
Query OK, 1 row affected (0.00 sec)

mysql> admin reload expr_pushdown_blacklist;
Query OK, 0 rows affected (0.00 sec)

mysql> prepare stmt from "SELECT * FROM (SELECT col_double AS c0 FROM t) t WHERE (ABS((REPEAT(?, ?) OR 5617780767323292672)) < LN(EXP(c0)) + (? ^ ?))";
Query OK, 0 rows affected (0.01 sec)

mysql> set @a1 = "JuvkBX7ykVux20zQlkwDK2DFelgn7";
Query OK, 0 rows affected (0.00 sec)

mysql> set @a2 = 1;
Query OK, 0 rows affected (0.00 sec)

mysql> set @a3 = -112990.35179796701;
Query OK, 0 rows affected (0.00 sec)

mysql> set @a4 = 87997.92704840179;
Query OK, 0 rows affected (0.00 sec)

mysql> execute stmt using @a1, @a2, @a3, @a4;
+------+
| c0   |
+------+
|    1 |
+------+
1 row in set, 3 warnings (0.00 sec)
```

3. What did you see instead?

Last query reports error.

4. What version of TiDB are you using (`tidb-server -V` or run `select tidb_version();` on TiDB)?

```
57bb931a273d37a1d59e3f7b6a09dd94ff8e2326
```