ID: 14871
Title: Conds2TableDual should be aware of prepare plan cache
Description:
## Bug Report

Please answer these questions before submitting your issue. Thanks!

1. What did you do?
If possible, provide a recipe for reproducing the error.

```
mysql> create table t(a varchar(8), b varchar(8));
Query OK, 0 rows affected (0.01 sec)

mysql> insert into t values('1','1');
Query OK, 1 row affected (0.01 sec)

mysql> select count(1) from t t1 left join t t2 on t1.a = t2.a where t2.b = '1' and t2.b = '2';
+----------+
| count(1) |
+----------+
|        0 |
+----------+
1 row in set (0.00 sec)

mysql> select count(1) from t t1 left join t t2 on t1.a = t2.a where t2.b = '1' and t2.b = '1';
+----------+
| count(1) |
+----------+
|        1 |
+----------+
1 row in set (0.00 sec)

mysql> prepare stmt from "select count(1) from t t1 left join t t2 on t1.a = t2.a where t2.b = ? and t2.b = ?";
Query OK, 0 rows affected (0.01 sec)

mysql> set @p0 = '1', @p1 = '2';
Query OK, 0 rows affected (0.00 sec)

mysql> execute stmt using @p0, @p1;
+----------+
| count(1) |
+----------+
|        0 |
+----------+
1 row in set (0.00 sec)

mysql> set @p0 = '1', @p1 = '1';
Query OK, 0 rows affected (0.01 sec)

mysql> execute stmt using @p0, @p1;
+----------+
| count(1) |
+----------+
|        0 |
+----------+
1 row in set (0.00 sec)
```

2. What did you expect to see?

Last `execute` should return 1.

3. What did you see instead?

It returns 0.

4. What version of TiDB are you using (`tidb-server -V` or run `select tidb_version();` on TiDB)?

```
Master: fe05ed5257bc2235108986062652496bb363b61e
```
