ID: 15537
Title: different behavior of reading/writing invalid dates with option `ALLOW_INVALID_DATES`
Description:
## Bug Report

Please answer these questions before submitting your issue. Thanks!

### 1. What did you do?

<!-- If possible, provide a recipe for reproducing the error. -->

```mysql
drop table t;
create table t (col datetime);
set sql_mode = 'ALLOW_INVALID_DATES';
insert into t values ('2004-04-31');
select * from t;
```

### 2. What did you expect to see?

W/ MySQL 5.7
```mysql
mysql> drop table t;
Query OK, 0 rows affected (0.01 sec)

mysql> create table t (col datetime);
Query OK, 0 rows affected (0.01 sec)

mysql> set sql_mode = 'ALLOW_INVALID_DATES';
Query OK, 0 rows affected, 1 warning (0.00 sec)

mysql> insert into t values ('2004-04-31');
Query OK, 1 row affected (0.00 sec)

mysql> select * from t;
+---------------------+
| col                 |
+---------------------+
| 2004-04-31 00:00:00 |
+---------------------+
1 row in set (0.00 sec)
```


### 3. What did you see instead?

W/ tidb + tikv (not mocktikv)
```mysql
mysql> drop table t;
Query OK, 0 rows affected (0.19 sec)

mysql> create table t (col datetime);
Query OK, 0 rows affected (0.06 sec)

mysql> set sql_mode = 'ALLOW_INVALID_DATES';
Query OK, 0 rows affected (0.00 sec)

mysql> insert into t values ('2004-04-31');
Query OK, 1 row affected (0.01 sec)

mysql> select * from t;
ERROR 1292 (22007): Incorrect datetime value: '2004-04-31 00:00:00'
```
### 4. What version of TiDB are you using? (`tidb-server -V` or run `select tidb_version();` on TiDB)
