ID: 15782
Title: planner: invalid join results when push conditions down to subquery with left outer join
Description:
## Bug Report

Please answer these questions before submitting your issue. Thanks!

### 1. What did you do?
```
create table t1 (id int);
create table t2 (id int, v varchar(10));
insert into t1 values (1);
insert into t2 values (1, 'x');
select * from (
  select ifnull(t2.v, t1.id) as t2v from t1
  left join t2 on t1.id = t2.id
) t where t2v != 'x';
```

### 2. What did you expect to see?
```
mysql> create table t1 (id int);
Query OK, 0 rows affected (0.05 sec)

mysql> create table t2 (id int, v varchar(10));
Query OK, 0 rows affected (0.00 sec)

mysql> insert into t1 values (1);
Query OK, 1 row affected (0.00 sec)

mysql> insert into t2 values (1, 'x');
Query OK, 1 row affected (0.00 sec)

mysql> select * from (
    ->   select ifnull(t2.v, t1.id) as t2v from t1
    ->   left join t2 on t1.id = t2.id
    -> ) t where t2v != 'x';
Empty set (0.01 sec)
```

### 3. What did you see instead?
```
mysql> create table t1 (id int);
Query OK, 0 rows affected (0.01 sec)

mysql> create table t2 (id int, v varchar(10));
Query OK, 0 rows affected (0.00 sec)

mysql> insert into t1 values (1);
Query OK, 1 row affected (0.00 sec)

mysql> insert into t2 values (1, 'x');
Query OK, 1 row affected (0.00 sec)

mysql> select * from (
    ->   select ifnull(t2.v, t1.id) as t2v from t1
    ->   left join t2 on t1.id = t2.id
    -> ) t where t2v != 'x';
+------+
| t2v  |
+------+
| 1    |
+------+
1 row in set (0.00 sec)
```

### 4. What version of TiDB are you using? (`tidb-server -V` or run `select tidb_version();` on TiDB)
The latest master branch.