ID: 15972
Title: QB_NAME of hint cannot be hit
Description:
## Description
## Bug Report

Please answer these questions before submitting your issue. Thanks!

### 1. What did you do?

<!-- If possible, provide a recipe for reproducing the error. -->


```mysql
mysql> SELECT /*+ HASH_JOIN(v@sel1) */ * FROM (select null) v NATURAL LEFT JOIN (select null) v1;
+------+
| NULL |
+------+
| NULL |
+------+
1 row in set, 1 warning (0.00 sec)

mysql> show warnings;
+---------+------+-----------------------------------------------------------------------+
| Level   | Code | Message                                                               |
+---------+------+-----------------------------------------------------------------------+
| Warning | 1105 | Hint HASH_JOIN(`v`@`sel1`) is ignored due to unknown query block name |
+---------+------+-----------------------------------------------------------------------+
1 row in set (0.00 sec)

mysql> SELECT /*+ HASH_JOIN(@sel_1 v@sel1) */ * FROM (select null) v NATURAL LEFT JOIN (select null) v1;
+------+
| NULL |
+------+
| NULL |
+------+
1 row in set, 1 warning (0.00 sec)

mysql> show warnings;
+---------+------+--------------------------------------------------------------------------------+
| Level   | Code | Message                                                                        |
+---------+------+--------------------------------------------------------------------------------+
| Warning | 1105 | Hint HASH_JOIN(@`sel_1` `v`@`sel1`) is ignored due to unknown query block name |
+---------+------+--------------------------------------------------------------------------------+
1 row in set (0.00 sec)

mysql> SELECT /*+ HASH_JOIN(@sel_1 v) */ * FROM (select null) v NATURAL LEFT JOIN (select null) v1;
+------+
| NULL |
+------+
| NULL |
+------+
1 row in set, 1 warning (0.00 sec)

mysql> show warnings;
+---------+------+----------------------------------------------------------------------------------------------------------------------------------------------+
| Level   | Code | Message                                                                                                                                      |
+---------+------+----------------------------------------------------------------------------------------------------------------------------------------------+
| Warning | 1815 | There are no matching table names for (v) in optimizer hint /*+ HASH_JOIN(v) */ or /*+ TIDB_HJ(v) */. Maybe you can use the table alias name |
+---------+------+----------------------------------------------------------------------------------------------------------------------------------------------+
1 row in set (0.00 sec)
```

### 2. What did you expect to see?

### 3. What did you see instead?

### 4. What version of TiDB are you using? (`tidb-server -V` or run `select tidb_version();` on TiDB)
master branch , 664d5bbef
## SIG slack channel

 [#sig-planner](https://slack.tidb.io/invite?team=tidb-community&channel=sig-planner&ref=high-performance)

## Score

- 300

## Mentor

* @lzmhhh123
