ID: 16205
Title: plan cache: random_bytes function return the same result
Description:
## Bug Report

Please answer these questions before submitting your issue. Thanks!

### 1. What did you do?

<!-- If possible, provide a recipe for reproducing the error. -->
prepared-plan-cache.enabled = true
```
prepare stmt from " select random_bytes(3)";
execute stmt;
execute stmt;
execute stmt;
```

### 2. What did you expect to see?
different results
```
mysql> execute stmt;
+-----------------+
| random_bytes(3) |
+-----------------+
| t��             |
+-----------------+
1 row in set (0.00 sec)

mysql> execute stmt;
+-----------------+
| random_bytes(3) |
+-----------------+
| 0%�             |
+-----------------+
1 row in set (0.00 sec)

mysql> execute stmt;
+-----------------+
| random_bytes(3) |
+-----------------+
�             |
+-----------------+
1 row in set (0.00 sec)
```

### 3. What did you see instead?
```
mysql> execute stmt;                                                                                                              +-----------------+
| random_bytes(3) |
+-----------------+
| ��             |
+-----------------+
1 row in set (0.05 sec)

mysql> execute stmt;
+-----------------+
| random_bytes(3) |
+-----------------+
| ��             |
+-----------------+
1 row in set (0.05 sec)

mysql> execute stmt;
+-----------------+
| random_bytes(3) |
+-----------------+
| ��             |
+-----------------+
1 row in set (0.05 sec)
```

### 4. What version of TiDB are you using? (`tidb-server -V` or run `select tidb_version();` on TiDB)
```
Release Version: v4.0.0-beta.2-151-g78922a8
Git Commit Hash: 78922a8abef2f21e4d8990d37c6c67ac7b0eef42
Git Branch: HEAD
UTC Build Time: 2020-04-07 05:45:12
GoVersion: go1.13.7
Race Enabled: false
TiKV Min Version: v3.0.0-60965b006877ca7234adaced7890d7b029ed1306
Check Table Before Drop: false
```