ID: 17098
Title: collation function results wrong value
Description:
## Bug Report

Please answer these questions before submitting your issue. Thanks!

### 1. What did you do?

<!-- If possible, provide a recipe for reproducing the error. -->
```
mysql> create table t1(a char);
Query OK, 0 rows affected (0.01 sec)

mysql> create table t2(a char);
Query OK, 0 rows affected (0.01 sec)

mysql> insert into t1 values("a");
Query OK, 1 row affected (0.00 sec)

mysql> insert into t2 values("a");
Query OK, 1 row affected (0.00 sec)

mysql> select collation(t1.a) from t1 union select collation(t2.a) from t2;
+-----------------+
| collation(t1.a) |
+-----------------+
| u               |
+-----------------+
1 row in set, 2 warnings (0.01 sec)
```


### 4. What version of TiDB are you using? (`tidb-server -V` or run `select tidb_version();` on TiDB)
master