ID: 17812
Title: P1-[4.0 bug hunting]-[SQL Plan Management]-Incorrect result or run-time error after changing column type
Description:
Bug Hunter issue tidb-challenge-program/bug-hunting-issue#10

---

Consider the following statements:
```sql
CREATE TABLE t0(c0 INT, c1 DECIMAL UNIQUE);
CREATE TABLE t1(c0 INT);
INSERT INTO t0(c1) VALUES (0), (1);
INSERT INTO t1(c0) VALUES (0);
ALTER TABLE t0 MODIFY c1 INT;
SELECT t1.c0 FROM t1, t0 WHERE t0.c1; -- expected: {0}, actual: {0, 0}
```
Unexpectedly, the `SELECT` fetches two rows. I would expect only a single one to be fetched. Furthermore, when dropping the `UNIQUE` constraint, the query fails with an error:
```
mysql> CREATE TABLE t0(c0 INT, c1 DECIMAL);
Query OK, 0 rows affected (0.00 sec)

mysql> CREATE TABLE t1(c0 INT);
Query OK, 0 rows affected (0.00 sec)

mysql> INSERT INTO t0(c1) VALUES (0), (1);
Query OK, 2 rows affected (0.00 sec)
Records: 2  Duplicates: 0  Warnings: 0

mysql> INSERT INTO t1(c0) VALUES (0);
Query OK, 1 row affected (0.00 sec)

mysql> ALTER TABLE t0 MODIFY c1 INT;
Query OK, 0 rows affected (0.01 sec)

mysql> SELECT t1.c0 FROM t1, t0 WHERE t0.c1; -- expected: {0}, actual: {1}
ERROR 1105 (HY000): runtime error: index out of range [7] with length 7
```
Environment:
```
| Release Version: v4.0.0-beta.2-231-gc66320c46
Git Commit Hash: c66320c46456c0d5b23b3b0403be6b9f8227d6d8
Git Branch: master
UTC Build Time: 2020-04-14 11:12:29
GoVersion: go1.13.4
Race Enabled: false
TiKV Min Version: v3.0.0-60965b006877ca7234adaced7890d7b029ed1306
Check Table Before Drop: false |
```
An incorrect query result seems to qualify as a P0 bug, according to https://github.com/pingcap/community/blob/master/bug-hunting-programs/bug-hunting-program.md.