ID: 17918
Title: Alter table exchange partition does not work if table has tiflash replica
Description:
## Bug Report

Please answer these questions before submitting your issue. Thanks!

### 1. Minimal reproduce step (Required)
```
mysql> create table e(id INT NOT NULL,fname VARCHAR(30),lname VARCHAR(30)) PARTITION BY RANGE (id) ( PARTITION p0 VALUES LESS THAN (50),PARTITION p1 VALUES LESS THAN (100),PARTITION p2 VALUES LESS THAN (150), PARTITION p3 VALUES LESS THAN (MAXVALUE)); 
Query OK, 0 rows affected (0.14 sec)
mysql> alter table e set tiflash replica 1;
Query OK, 0 rows affected (0.07 sec)
mysql> create table e2(id int not null, fname varchar(30), lname varchar(30));  
Query OK, 0 rows affected (0.07 sec)
mysql> alter table e2 set tiflash replica 1;
Query OK, 0 rows affected (0.07 sec)
mysql> ALTER TABLE e EXCHANGE PARTITION p0 WITH TABLE e2;
ERROR 1736 (HY000): Tables have different definitions
```
<!-- a step by step guide for reproducing the bug. -->

### 2. What did you expect to see? (Required)
Exchange partition success.
### 3. What did you see instead (Required)
Exchange partition failed.
### 4. Affected version (Required)
master
<!-- v3.0.0, v4.0.0, etc -->

### 5. Root Cause Analysis

<!-- should be filled by the investigator before it's closed -->
