ID: 19229
Title: Incorrect error message of inserting enum & set
Description:
## Bug Report

Please answer these questions before submitting your issue. Thanks!

### 1. Minimal reproduce step (Required)

<!-- a step by step guide for reproducing the bug. -->

```mysql
CREATE TABLE enumt (type enum('a', 'b') );
insert into enumt values('xxx');
insert into enumt values('-1');

CREATE TABLE sett (type set('a', 'b') );
insert into sett values('xxx');
insert into sett values('-1');
```

### 2. What did you expect to see? (Required)

```mysql
mysql> CREATE TABLE enumt (type enum('a', 'b') );
Query OK, 0 rows affected (0.01 sec)

mysql> insert into enumt values('xxx');
ERROR 1265 (01000): Data truncated for column 'type' at row 1
mysql> insert into enumt values('-1');
ERROR 1265 (01000): Data truncated for column 'type' at row 1

mysql> CREATE TABLE sett (type set('a', 'b') );
Query OK, 0 rows affected (0.00 sec)

mysql> insert into sett values('xxx');
ERROR 1265 (01000): Data truncated for column 'type' at row 1
mysql> insert into sett values('-1');
ERROR 1265 (01000): Data truncated for column 'type' at row 1
```

### 3. What did you see instead (Required)


```mysql
mysql> CREATE TABLE enumt (type enum('a', 'b') );
Query OK, 0 rows affected (0.01 sec)

mysql> insert into enumt values('xxx');
ERROR 1366 (HY000): Incorrect enum value: 'xxx' for column 'type' at row 1
mysql> insert into enumt values('-1');
ERROR 1366 (HY000): Incorrect enum value: '-1' for column 'type' at row 1

mysql> CREATE TABLE sett (type set('a', 'b') );
Query OK, 0 rows affected (0.01 sec)

mysql> insert into sett values('xxx');
ERROR 1105 (HY000): cannot convert datum from char to type set.
mysql> insert into sett values('-1');
ERROR 1105 (HY000): cannot convert datum from char to type set.
```

### 4. What is your TiDB version? (Required)

<!-- Paste the output of SELECT tidb_version() -->

v4.0.4