ID: 19350
Title: alter table set default succeeds for auto_increment or auto_random
Description:
## Bug Report

Please answer these questions before submitting your issue. Thanks!

### 1. Minimal reproduce step (Required)

``` sql
mysql> create table t(a bigint auto_random, primary key(a));
Query OK, 0 rows affected, 1 warning (0.01 sec)

mysql> select default(a) from t;
ERROR 1364 (HY000): Field 'a' doesn't have a default value
mysql> select default(a) from t;
ERROR 1364 (HY000): Field 'a' doesn't have a default value
mysql> ALTER TABLE t ALTER COLUMN a SET DEFAULT((1+1));
Query OK, 0 rows affected (0.01 sec)

mysql> select default(a) from t;
Empty set (0.00 sec)
```

### 4. What is your TiDB version? (Required)

<!-- Paste the output of SELECT tidb_version() -->

