ID: 20460
Title: Failed to build PhysicalHashJoinExecutor by enable cascades optimizer
Description:
## Description
## Bug Report

Please answer these questions before submitting your issue. Thanks!

### 1. Minimal reproduce step (Required)

`drop table if exists t1, t2;`
`create table t1(a bigint, b bigint);`
`create table t2(a bigint, b bigint);`
`set session tidb_enable_cascases_planner=1;`
`select /*+ HASH_JOIN(t1) */ t1.b, t2.b from t1 inner join t2 on t1.a = t2.b and t1.a = 1;`

<!-- a step by step guide for reproducing the bug. -->

### 2. What did you expect to see? (Required)
without cascades planner

```
mysql> set session tidb_enable_cascades_planner=0;
Query OK, 0 rows affected (0.00 sec)

mysql> select /*+ HASH_JOIN(t1) */ t1.b, t2.b from t1 inner join t2 on t1.a = t2.b and t1.a = 1;
Empty set (0.00 sec)
```

### 3. What did you see instead (Required)
```
mysql> set session tidb_enable_cascades_planner=1;
Query OK, 0 rows affected (0.00 sec)

mysql> select /*+ HASH_JOIN(t1) */ t1.b, t2.b from t1 inner join t2 on t1.a = t2.b and t1.a = 1;
ERROR 8118 (HY000): Failed to build executor
```

### 4. What is your TiDB version? (Required)

<!-- Paste the output of SELECT tidb_version() -->
```
mysql> select tidb_version();
+-----------------------------------------------------------------------------------------------------------------------------------------------------------------------------------------------------------------------------------------------------------------------------------------------------------------------------+
| tidb_version()                                                                                                                                                                                                                                                                                                              |
+-----------------------------------------------------------------------------------------------------------------------------------------------------------------------------------------------------------------------------------------------------------------------------------------------------------------------------+
| Release Version: v4.0.0-beta.2-1373-g50f5ddc70
Edition: Community
Git Commit Hash: 50f5ddc70e6c44f993561ca0bb4277dc18bec3b7
Git Branch: master
UTC Build Time: 2020-10-14 16:14:45
GoVersion: go1.15.2
Race Enabled: false
TiKV Min Version: v3.0.0-60965b006877ca7234adaced7890d7b029ed1306
Check Table Before Drop: false |
+-----------------------------------------------------------------------------------------------------------------------------------------------------------------------------------------------------------------------------------------------------------------------------------------------------------------------------+
1 row in set (0.00 sec)
```
## SIG slack channel

 [#sig-planner](https://slack.tidb.io/invite?team=tidb-community&channel=sig-planner&ref=high-performance)

## Score

- 900

## Mentor

* @lzmhhh123
