ID: 22193
Title: admin check failed in blob type prefixed clustered index
Description:
## Bug Report

Please answer these questions before submitting your issue. Thanks!

### 1. Minimal reproduce step (Required)

```sql
set @@global.tidb_row_format_version = 1;
```

Restart session to load the global variables.

```sql
drop table if exists t;
set @@tidb_enable_clustered_index=true;
create table t (col_0 blob(20), col_1 int, primary key(col_0(1)), unique key idx(col_0(2)));
insert into t values('aaa', 1);
begin;
update t set col_0 = 'ccc';
update t set col_0 = 'ddd';
commit;
select cast(col_0 as char(20)) from t use index (`primary`);
select cast(col_0 as char(20)) from t use index (idx);
admin check table t;
```

<!-- a step by step guide for reproducing the bug. -->

### 2. What did you expect to see? (Required)

```
mysql> select cast(col_0 as char(20)) from t use index (`primary`);
+-------------------------+
| cast(col_0 as char(20)) |
+-------------------------+
| ddd                     |
+-------------------------+
1 row in set (0.00 sec)

mysql> select cast(col_0 as char(20)) from t use index (idx);
+-------------------------+
| cast(col_0 as char(20)) |
+-------------------------+
| ddd                     |
+-------------------------+
1 row in set (0.01 sec)

mysql> admin check table t;
Query OK, 0 rows affected (0.04 sec)
```

### 3. What did you see instead (Required)

```
mysql> select cast(col_0 as char(20)) from t use index (`primary`);
+-------------------------+
| cast(col_0 as char(20)) |
+-------------------------+
| ddd                     |
+-------------------------+
1 row in set (0.00 sec)

mysql> select cast(col_0 as char(20)) from t use index (idx);
ERROR 1105 (HY000): inconsistent index idx handle count 2 isn't equal to value count 1

mysql> admin check table t;
ERROR 1105 (HY000): handle &kv.CommonHandle{encoded:[]uint8{0x1, 0x63, 0x0, 0x0, 0x0, 0x0, 0x0, 0x0, 0x0, 0xf8}, colEndOffsets:[]uint16{0xa}}, index:types.Datum{k:0x6, decimal:0x0, length:0x0, i:0, collation:"binary", b:[]uint8{0x63, 0x63}, x:interface {}(nil)} != record:<nil>
```

### 4. What is your TiDB version? (Required)

<!-- Paste the output of SELECT tidb_version() -->
master `4a4acbe5fdf999eed3af72e03160e005a3c9fd51`
