ID: 2238
Title: mysql forbid specify target table ** for update in FROM clause
Description:
Please answer these questions before submitting your issue. Thanks!

1. What did you do?
If possible, provide a recipe for reproducing the error.

mysql> desc t;
+-------+---------+------+-----+---------+-------+
| Field | Type    | Null | Key | Default | Extra |
+-------+---------+------+-----+---------+-------+
| a     | int(11) | YES  |     | NULL    |       |
| b     | int(11) | YES  |     | NULL    |       |
+-------+---------+------+-----+---------+-------+
2 rows in set (0.00 sec)

mysql> insert into t values(1+1,0);
Query OK, 1 row affected (0.01 sec)

mysql> insert into t values(1+1,(select count(*) from t));
ERROR 1093 (HY000): You can't specify target table 't' for update in FROM clause

2. What did you expect to see?



3. What did you see instead?

in TiDB:
mysql> create table t(a int, b int);
Query OK, 0 rows affected (0.00 sec)

mysql> insert into t values(1+1,(select count(*) from t));
Query OK, 1 row affected (0.00 sec)


4. What version of Go are you using (`go version`)?

