ID: 22423
Title: StrToInt not return the error like mysql in convert.go
Description:
## Bug Report

Please answer these questions before submitting your issue. Thanks!

### 1. Minimal reproduce step (Required)
```
mysql> drop table if exists ti;
Query OK, 0 rows affected, 1 warning (0.00 sec)
mysql> create table ti(id int);
Query OK, 0 rows affected (0.11 sec)
mysql> insert into ti values('100.1asdf');
ERROR 1264 (22003): Out of range value for column 'id' at row 1
mysql> 
```
<!-- a step by step guide for reproducing the bug. -->

### 2. What did you expect to see? (Required)
```
mysql>  insert into t1(id1) values('100.1asdf');
ERROR 1265 (01000): Data truncated for column 'id1' at row 1
mysql>
```
### 3. What did you see instead (Required)
```
mysql> insert into ti values('100.1asdf');
ERROR 1264 (22003): Out of range value for column 'id' at row 1
mysql> 
```
### 4. What is your TiDB version? (Required)
```
mysql> select tidb_version()\G
*************************** 1. row ***************************
tidb_version(): Release Version: v4.0.8
Edition: Community
Git Commit Hash: 66ac9fc31f1733e5eb8d11891ec1b38f9c422817
Git Branch: heads/refs/tags/v4.0.8
UTC Build Time: 2020-10-30 08:21:16
GoVersion: go1.13
Race Enabled: false
TiKV Min Version: v3.0.0-60965b006877ca7234adaced7890d7b029ed1306
Check Table Before Drop: false
1 row in set (0.00 sec)

mysql> 
```
<!-- Paste the output of SELECT tidb_version() -->

