ID: 24284
Title: `insert ignore` cast invalid data to bit is not compatible with MySQL 
Description:
## Bug Report

Please answer these questions before submitting your issue. Thanks!

### 1. Minimal reproduce step (Required)
```sql
create table t03(a int, b bit(1), primary key (a, b));
insert ignore into t03 values (1, 0x30);
```

<!-- a step by step guide for reproducing the bug. -->

### 2. What did you expect to see? (Required)
```sql
mysql> insert ignore into t03 values (1, 0x30);
Query OK, 1 row affected, 1 warning (0.09 sec)

mysql> select * from t03;
+---+------+
| a | b    |
+---+------+
| 1 | 0x01 |
+---+------+
1 row in set (0.14 sec)
mysql> select version();
+-----------+
| version() |
+-----------+
| 8.0.23    |
+-----------+
1 row in set (0.07 sec)

```
### 3. What did you see instead (Required)
```sql
mysql> insert ignore into t03 values (1, 0x30);
Query OK, 1 row affected, 1 warning (0.26 sec)

mysql> select * from t03;
+---+------+
| a | b    |
+---+------+
| 1 | 0x00 |
+---+------+
1 row in set (0.10 sec)
```
### 4. What is your TiDB version? (Required)

<!-- Paste the output of SELECT tidb_version() -->
```sql
mysql> select tidb_version();
+---------------------------------------------------------------------------------------------------------------------------------------------------------------------------------------------------------------------------------------------------------------------------------------------------------------------------------+
| tidb_version()                                                                                                                                                                                                                                                                                                                  |
+---------------------------------------------------------------------------------------------------------------------------------------------------------------------------------------------------------------------------------------------------------------------------------------------------------------------------------+
| Release Version: v4.0.0-beta.2-2707-g6889ab44a-dirty
Edition: Community
Git Commit Hash: 6889ab44a5bf21ec0465cd84a4baf68072f1bd3c
Git Branch: master
UTC Build Time: 2021-04-22 13:12:44
GoVersion: go1.13
Race Enabled: false
TiKV Min Version: v3.0.0-60965b006877ca7234adaced7890d7b029ed1306
Check Table Before Drop: false |
+---------------------------------------------------------------------------------------------------------------------------------------------------------------------------------------------------------------------------------------------------------------------------------------------------------------------------------+
1 row in set (0.25 sec)


```
