ID: 24387
Title: Cast string to date failed
Description:
## Bug Report

Please answer these questions before submitting your issue. Thanks!

### 1. Minimal reproduce step (Required)
```
mysql> CREATE TABLE t(title text, created_at datetime);
Query OK, 0 rows affected (0.72 sec)

mysql>  INSERT INTO t(`title`, `created_at`) VALUES("2.0.8 hotfix", current_timestamp());
Query OK, 1 row affected (0.26 sec)

mysql> SELECT * FROM t WHERE title=created_at;
Empty set, 1 warning (0.10 sec)

mysql> show warnings;
+---------+------+-------------------------------------------------------------+
| Level   | Code | Message                                                     |
+---------+------+-------------------------------------------------------------+
| Warning | 1292 | evaluation failed: Incorrect datetime value: '2.0.8 hotfix' |
+---------+------+-------------------------------------------------------------+
1 row in set (0.12 sec)

mysql> select cast(title as date) from t;
ERROR 1105 (HY000): strconv.Atoi: parsing "8 hotfix": invalid syntax
mysql> SELECT * FROM t WHERE cast(title as date) = '2021-03-31';
Empty set, 1 warning (0.09 sec)

```

<!-- a step by step guide for reproducing the bug. -->

### 2. What did you expect to see? (Required)
Returns no error.

### 3. What did you see instead (Required)
```
mysql> select cast(title as date) from t;
ERROR 1105 (HY000): strconv.Atoi: parsing "8 hotfix": invalid syntax
```


### 4. What is your TiDB version? (Required)
```
mysql> select tidb_version();
+--------------------------------------------------------------------------------------------------------------------------------------------------------------------------------------------------------------------------------------------------------------------------------------------------------------------+
| tidb_version()                                                                                                                                                                                                                                                                                                     |
+--------------------------------------------------------------------------------------------------------------------------------------------------------------------------------------------------------------------------------------------------------------------------------------------------------------------+
| Release Version: v5.0.1
Edition: Community
Git Commit Hash: 1145e347d3469d8e89f88dce86f6926ca44b3cd8
Git Branch: heads/refs/tags/v5.0.1
UTC Build Time: 2021-04-23 05:51:17
GoVersion: go1.13
Race Enabled: false
TiKV Min Version: v3.0.0-60965b006877ca7234adaced7890d7b029ed1306
Check Table Before Drop: false |
+--------------------------------------------------------------------------------------------------------------------------------------------------------------------------------------------------------------------------------------------------------------------------------------------------------------------+
1 row in set (0.09 sec)
```
<!-- Paste the output of SELECT tidb_version() -->

