ID: 24901
Title: DML: delete with where report "Error 1292: Truncated incorrect INTEGER value"
Description:
## Bug Report

Please answer these questions before submitting your issue. Thanks!

### 1. Minimal reproduce step (Required)

```
Create Table: CREATE TABLE `UK_MULTI_COL_11642` (
  `COL1` tinytext DEFAULT NULL,
  `COL2` int DEFAULT NULL,
  `COL3` date DEFAULT NULL,
  UNIQUE KEY `U_M_COL` (`COL1`(10),`COL2`,`COL3`)
) ENGINE=InnoDB DEFAULT CHARSET=utf8mb4 COLLATE=utf8mb4_bin;

delete from alias using UK_MULTI_COL_11642_tmp, UK_MULTI_COL_11642_tmp alias where UK_MULTI_COL_11642_tmp.col1 = alias.col1 and alias.col1 = 9014995430707778518;
```

### 2. What did you expect to see? (Required)
```
mysql> delete from alias using UK_MULTI_COL_11642_tmp, UK_MULTI_COL_11642_tmp alias where UK_MULTI_COL_11642_tmp.col1 = alias.col1 and alias.col1 = 0xE9BA95E799AFE6BEAEE88588E5BBB0E79FB5E6A5A7E9B2A6E8A48EE5ABBAC69FE89EBCE7BE87E5A7A7E7BFA7E9A39CE68CA1E58385E893B3E7B6BC;
Query OK, 1 row affected (0.00 sec)

mysql> delete from alias using UK_MULTI_COL_11642_tmp, UK_MULTI_COL_11642_tmp alias where UK_MULTI_COL_11642_tmp.col1 = alias.col1 and alias.col1 = NULL;
Query OK, 0 rows affected (0.01 sec)

mysql> delete from alias using UK_MULTI_COL_11642_tmp, UK_MULTI_COL_11642_tmp alias where UK_MULTI_COL_11642_tmp.col1 = alias.col1 and alias.col1 = 0xE78EA8E98FA8E6A789E68E90E7BA8BE8AB8DE786A0E8AE8FE7B993E8A593E6B5B1E6BDA5E6BE84E98396E5A3B5E78F89E9B2AFE7BE87E7A086E58CB8;
Query OK, 1 row affected (0.00 sec)

mysql> delete from alias using UK_MULTI_COL_11642_tmp, UK_MULTI_COL_11642_tmp alias where UK_MULTI_COL_11642_tmp.col1 = alias.col1 and alias.col1 = 9014995430707778518;
Query OK, 0 rows affected (0.02 sec)
```

### 3. What did you see instead (Required)
```
mysql> delete from alias using UK_MULTI_COL_11642_tmp, UK_MULTI_COL_11642_tmp alias where UK_MULTI_COL_11642_tmp.col1 = alias.col1 and alias.col1 = 0xE9BA95E799AFE6BEAEE88588E5BBB0E79FB5E6A5A7E9B2A6E8A48EE5ABBAC69FE89EBCE7BE87E5A7A7E7BFA7E9A39CE68CA1E58385E893B3E7B6BC;
Query OK, 1 row affected (0.02 sec)

mysql> delete from alias using UK_MULTI_COL_11642_tmp, UK_MULTI_COL_11642_tmp alias where UK_MULTI_COL_11642_tmp.col1 = alias.col1 and alias.col1 = NULL;
Query OK, 0 rows affected (0.00 sec)

mysql> delete from alias using UK_MULTI_COL_11642_tmp, UK_MULTI_COL_11642_tmp alias where UK_MULTI_COL_11642_tmp.col1 = alias.col1 and alias.col1 = 0xE78EA8E98FA8E6A789E68E90E7BA8BE8AB8DE786A0E8AE8FE7B993E8A593E6B5B1E6BDA5E6BE84E98396E5A3B5E78F89E9B2AFE7BE87E7A086E58CB8;
Query OK, 1 row affected (0.01 sec)

mysql> delete from alias using UK_MULTI_COL_11642_tmp, UK_MULTI_COL_11642_tmp alias where UK_MULTI_COL_11642_tmp.col1 = alias.col1 and alias.col1 = 9014995430707778518;
ERROR 1292 (22007): Truncated incorrect INTEGER value: '銔咐喜忽妕哃覣跊鸠遂宁邧世祕姵喇骘圶勓庈'
```

### 4. What is your TiDB version? (Required)

```
+---------------------------------------------------------------------------------------------------------------------------------------------------------------------------------------------------------------------------------------------------------------------------------------------------------------------------+
| tidb_version()                                                                                                                                                                                                                                                                                                            |
+---------------------------------------------------------------------------------------------------------------------------------------------------------------------------------------------------------------------------------------------------------------------------------------------------------------------------+
| Release Version: v4.0.0-beta.2-2904-ge92df204b
Edition: Community
Git Commit Hash: e92df204b53310029b7c32c5143ab6cebbf7ff18
Git Branch: master
UTC Build Time: 2021-05-14 11:16:04
GoVersion: go1.13
Race Enabled: false
TiKV Min Version: v3.0.0-60965b006877ca7234adaced7890d7b029ed1306
Check Table Before Drop: false |
+---------------------------------------------------------------------------------------------------------------------------------------------------------------------------------------------------------------------------------------------------------------------------------------------------------------------------+
```

