ID: 24924
Title: about "grant  File_priv"
Description:
## General

`File_priv` is a global permission and cannot specify a target authorization.

TiDB should not return an ERROR 1054

### mysql 8.0

```
mysql> create database testdb;
Query OK, 1 row affected (0.00 sec)

mysql> create user 3064@'%' identified by '123qwe';
Query OK, 0 rows affected (0.01 sec)

mysql> grant  file on testdb.* to 3064@'%';
ERROR 1221 (HY000): Incorrect usage of DB GRANT and GLOBAL PRIVILEGES
```

### TiDB 5.0.1 

```
mysql> create database testdb;
Query OK, 1 row affected (0.00 sec)

mysql> create user 3064@'%' identified by '123qwe';
Query OK, 0 rows affected (0.01 sec)

MySQL > grant  FILE on testdb.* to 3064@'%';
ERROR 1054 (42S22): Unknown column 'File_priv' in 'field list'

MySQL > grant file on testdb.* to 3064@'%';                                               
ERROR 1054 (42S22): Unknown column 'File_priv' in 'field list'
```







