ID: 25569
Title: tiflash should act same as tikv when timestamp for stale read was set to comming time
Description:
## Bug Report

Please answer these questions before submitting your issue. Thanks!

### 1. Minimal reproduce step (Required)
mysql> select @@tidb_isolation_read_engines;
+-------------------------------+
| @@tidb_isolation_read_engines |
+-------------------------------+
| tikv,tiflash,tidb             |
+-------------------------------+
1 row in set (0.05 sec)

mysql> start transaction read only as of timestamp now() + interval 600 second;
Query OK, 0 rows affected (0.04 sec)

mysql> select count(*) from t;    <<was sent to tiflash by default.
+----------+
| count(*) |
+----------+
|  4194304 |
+----------+
1 row in set (0.10 sec)

mysql> set @@tidb_isolation_read_engines=tikv;   <<<force to send it to tikv
Query OK, 0 rows affected (0.04 sec)

mysql> select count(*) from t;
ERROR 1105 (HY000): region data not ready

<!-- a step by step guide for reproducing the bug. -->

### 2. What did you expect to see? (Required)
same as tikv, return "ERROR 1105 (HY000): region data not ready".

### 3. What did you see instead (Required)
return data instead of error, if there is new data wrote between now, this transaction can't meet SI.

### 4. What is your TiDB version? (Required)
mysql> select tidb_version();
+----------------------------------------------------------------------------------------------------------------------------------------------------------------------------------------------------------------------------------------------------------------------------------------------------------------------+
| tidb_version()                                                                                                                                                                                                                                                                                                       |
+----------------------------------------------------------------------------------------------------------------------------------------------------------------------------------------------------------------------------------------------------------------------------------------------------------------------+
| Release Version: v5.1.0
Edition: Community
Git Commit Hash: 4ca5d03fbe2fe1d2106a29a38b4c99be66b36eb1
Git Branch: heads/refs/tags/v5.1.0
UTC Build Time: 2021-06-17 07:24:39
GoVersion: go1.16.4
Race Enabled: false
TiKV Min Version: v3.0.0-60965b006877ca7234adaced7890d7b029ed1306
Check Table Before Drop: false |
+----------------------------------------------------------------------------------------------------------------------------------------------------------------------------------------------------------------------------------------------------------------------------------------------------------------------+
1 row in set (0.05 sec)

<!-- Paste the output of SELECT tidb_version() -->

