ID: 26923
Title: index out of range when explain format = 'verbose' for connection id
Description:
## Bug Report

Please answer these questions before submitting your issue. Thanks!

### 1. Minimal reproduce step (Required)
```
use test
show processlist;
explain format = 'verbose' for connection 3;
```

### 2. What did you expect to see? (Required)
```
mysql> show processlist;
+------+------+-----------------+------+---------+------+------------+------------------+
| Id   | User | Host            | db   | Command | Time | State      | Info             |
+------+------+-----------------+------+---------+------+------------+------------------+
|    3 | root | 127.0.0.1:60964 | test | Query   |    0 | autocommit | show processlist |
+------+------+-----------------+------+---------+------+------------+------------------+
1 row in set (0.00 sec)

mysql> explain format = 'verbose' for connection 3;
Query OK, 0 rows affected (0.00 sec)
```

### 3. What did you see instead (Required)
```
mysql> show processlist;
+------+------+-----------------+------+---------+------+------------+------------------+
| Id   | User | Host            | db   | Command | Time | State      | Info             |
+------+------+-----------------+------+---------+------+------------+------------------+
|    3 | root | 127.0.0.1:60964 | test | Query   |    0 | autocommit | show processlist |
+------+------+-----------------+------+---------+------+------------+------------------+
1 row in set (0.00 sec)

mysql> explain format = 'verbose' for connection 3;
ERROR 1105 (HY000): runtime error: index out of range [6] with length 6
```


### 4. What is your TiDB version? (Required)
```
mysql> SELECT tidb_version();
+---------------------------------------------------------------------------------------------------------------------------------------------------------------------------------------------------------------------------------------------------------------------------------------------------------------------------+
| tidb_version()                                                                                                                                                                                                                                                                                                            |
+---------------------------------------------------------------------------------------------------------------------------------------------------------------------------------------------------------------------------------------------------------------------------------------------------------------------------+
| Release Version: v5.2.0-alpha-518-gebb7d7026
Edition: Community
Git Commit Hash: ebb7d70268be38f49db34ebdc115e18eed3e1dff
Git Branch: master
UTC Build Time: 2021-08-05 07:17:38
GoVersion: go1.16.4
Race Enabled: false
TiKV Min Version: v3.0.0-60965b006877ca7234adaced7890d7b029ed1306
Check Table Before Drop: false |
+---------------------------------------------------------------------------------------------------------------------------------------------------------------------------------------------------------------------------------------------------------------------------------------------------------------------------+
1 row in set (0.00 sec)
```

