ID: 27148
Title: TiDB throw error for mpp queries
Description:
## Bug Report

Please answer these questions before submitting your issue. Thanks!

### 1. Minimal reproduce step (Required)
```
mysql> CREATE TABLE `cxo_competition_compare_stat_weekly` (
`week_flag` varchar(20) COLLATE utf8mb4_0900_ai_ci DEFAULT NULL ,
`week_date_flag` varchar(20) COLLATE utf8mb4_0900_ai_ci DEFAULT NULL ,
`week_start_date` date DEFAULT NULL ,
`is_company` int(11) DEFAULT NULL ,
`is_product` int(11) DEFAULT NULL ,
`brand` varchar(20) COLLATE utf8mb4_0900_ai_ci DEFAULT NULL ,
`city_code` varchar(20) COLLATE utf8mb4_0900_ai_ci DEFAULT NULL,
`city_name` varchar(20) COLLATE utf8mb4_0900_ai_ci DEFAULT NULL ,
`city_level` int(11) DEFAULT NULL ,
`level_desc` varchar(20) COLLATE utf8mb4_0900_ai_ci DEFAULT NULL ,
`province_code` varchar(20) COLLATE utf8mb4_0900_ai_ci DEFAULT NULL,
`province_name` varchar(20) COLLATE utf8mb4_0900_ai_ci DEFAULT NULL ,
`region_code` varchar(128) COLLATE utf8mb4_0900_ai_ci DEFAULT NULL ,
`region_name` varchar(128) COLLATE utf8mb4_0900_ai_ci DEFAULT NULL ,
`stat_type` varchar(128) COLLATE utf8mb4_0900_ai_ci DEFAULT NULL ,
`week_insur_cnt` bigint(20) DEFAULT NULL ,
`baidu_index` bigint(20) DEFAULT NULL ,
`store_cnt` bigint(20) DEFAULT NULL ,
`cumu_store_cnt` bigint(20) DEFAULT NULL ,
`energy_cnt` bigint(20) DEFAULT NULL ,
`cumu_energy_cnt` bigint(20) DEFAULT NULL , 
`max_date` date DEFAULT NULL,
KEY `week_flag` (`week_flag`),
KEY `brand` (`brand`)
);
mysql> alter table cxo_competition_compare_stat_weekly set tiflash replica 1;
mysql> insert into cxo_competition_compare_stat_weekly values(11,11,'2020-01-01',11,11,11,11,11,11,11,11,11,11,11,11,11,11,11,11,11,11,'2020-01-01');

mysql> set sql_mode="";
mysql> select
    week_date_flag  as date_code,
    sum(sum(store_cnt))over(partition by  case when 'level' = 'region' then if('all' = 'all',region_name,city_name)         when 'level' = 'level' then if('all' = 'all',level_desc,city_name)     end ,if(brand in ('理想','理想one'),'理想',brand) order by week_date_flag) as store_cnt
    from cxo_competition_compare_stat_weekly group by week_date_flag;

ERROR 1105 (HY000): other error for mpp stream: DB::Exception: Block schema mismatch in TiRemoteBlockInputStream(ExchangeReceiver): different types: expected Nullable(Decimal(63,0)), got Nullable(Decimal(41,0))
```
<!-- a step by step guide for reproducing the bug. -->

### 2. What did you expect to see? (Required)
query finishes without error
### 3. What did you see instead (Required)
throw `Block schema mismatch in TiRemoteBlockInputStream(ExchangeReceiver): different types: expected Nullable(Decimal(63,0)), got Nullable(Decimal(41,0))`.
### 4. What is your TiDB version? (Required)
```
mysql> select tidb_version();
+--------------------------------------------------------------------------------------------------------------------------------------------------------------------------------------------------------------------------------------------------------------------------------------------------------------------+
| tidb_version()                                                                                                                                                                                                                                                                                                     |
+--------------------------------------------------------------------------------------------------------------------------------------------------------------------------------------------------------------------------------------------------------------------------------------------------------------------+
| Release Version: v5.0.2
Edition: Community
Git Commit Hash: dc40a093a0058b95fc859f60d4b84337dbdff9f6
Git Branch: heads/refs/tags/v5.0.2
UTC Build Time: 2021-06-07 08:42:39
GoVersion: go1.13
Race Enabled: false
TiKV Min Version: v3.0.0-60965b006877ca7234adaced7890d7b029ed1306
Check Table Before Drop: false |
+--------------------------------------------------------------------------------------------------------------------------------------------------------------------------------------------------------------------------------------------------------------------------------------------------------------------+
1 row in set (0.00 sec)
```
<!-- Paste the output of SELECT tidb_version() -->

