ID: 27276
Title: `Drop if exists` did not work well for temporary table
Description:
## Bug Report

Please answer these questions before submitting your issue. Thanks!

### 1. Minimal reproduce step (Required)

```
drop global temporary table if exists test.noexist;
```

```
drop temporary table if exists test.noexist;
```

```
create table test.t1 (a int);
drop temporary table if exists test.t1;
```

### 2. What did you expect to see? (Required)

```
mysql> drop global temporary table if exists test.noexist;
Query OK, 0 rows affected, 1 warning (0.00 sec)
```

```
mysql> drop temporary table if exists test.noexist;
Query OK, 0 rows affected, 1 warning (0.00 sec)
```

```
mysql> drop temporary table if exists test.t1;
Query OK, 0 rows affected, 1 warning (0.00 sec)
```

### 3. What did you see instead (Required)

```
mysql> drop global temporary table if exists test.noexist;
ERROR 1051 (42S02): Unknown table 'test.noexist'
```

```
mysql> drop temporary table if exists test.noexist;
ERROR 1051 (42S02): Unknown table 'test.noexist'
```

```
mysql> drop temporary table if exists test.t1;
ERROR 1051 (42S02): Unknown table 'test.t1'
```

### 4. What is your TiDB version? (Required)

master

