ID: 27544
Title: the partition expression value of  mod( year(a) - abs(weekday(a) + dayofweek(a)), 4) + 1  is incorrect
Description:
## Bug Report

Please answer these questions before submitting your issue. Thanks!

### 1. Minimal reproduce step (Required)

<!-- a step by step guide for reproducing the bug. -->
```
use test;
drop table if exists t3;
set @@tidb_enable_list_partition=on;
create table t3 (a datetime) partition by list (mod( year(a) - abs(weekday(a) + dayofweek(a)), 4) + 1) (
partition p0 values in (2),
partition p1 values in (3),
partition p3 values in (4)
);

insert into t3 values ('1921-05-10 15:20:10');
insert into t3 values ('2021-05-19 15:20:20');
insert into t3 values ('2202-05-22 15:20:30');
```
### 2. What did you expect to see? (Required)
mysql 8.0.21
```
mysql> insert into t3 values ('1921-05-10 15:20:10');
Query OK, 1 row affected (0.01 sec)

mysql> insert into t3 values ('2021-05-19 15:20:20');
Query OK, 1 row affected (0.00 sec)

mysql> insert into t3 values ('2202-05-22 15:20:30');
Query OK, 1 row affected (0.00 sec)
```
### 3. What did you see instead (Required)
release-5.0 & release-5.1 & release-5.2 & master
```
mysql> insert into t3 values ('1921-05-10 15:20:10');
ERROR 1526 (HY000): Table has no partition for value 1922
mysql> insert into t3 values ('2021-05-19 15:20:20');
ERROR 1526 (HY000): Table has no partition for value 2020
mysql> insert into t3 values ('2202-05-22 15:20:30');
ERROR 1526 (HY000): Table has no partition for value 2203
```
### 4. What is your TiDB version? (Required)

<!-- Paste the output of SELECT tidb_version() -->

```
Release Version: v5.2.0-alpha-717-g22034c5bc
Edition: Community
Git Commit Hash: 22034c5bcd690dda3a9e794d6057cb5d9385d7cf
Git Branch: master
UTC Build Time: 2021-08-24 02:03:00
GoVersion: go1.16.5
Race Enabled: false
TiKV Min Version: v3.0.0-60965b006877ca7234adaced7890d7b029ed1306
Check Table Before Drop: false
```