ID: 27897
Title: SET GLOBAL tidb_skip_isolation_level_check=1 doesn't work as expected
Description:
## Bug Report

Please answer these questions before submitting your issue. Thanks!

### 1. Minimal reproduce step (Required)

<!-- a step by step guide for reproducing the bug. -->
```
mysql> SET GLOBAL tidb_skip_isolation_level_check=1;
Query OK, 0 rows affected (0.02 sec)
```
Disconnect and reconnect to TiDB
```
mysql> SET TRANSACTION ISOLATION LEVEL SERIALIZABLE;
ERROR 8048 (HY000): The isolation level 'SERIALIZABLE' is not supported. Set tidb_skip_isolation_level_check=1 to skip this error
```

### 2. What did you expect to see? (Required)

```
mysql> SET GLOBAL tidb_skip_isolation_level_check=1;
Query OK, 0 rows affected (0.03 sec)
```
Disconnect and reconnect to TiDB
```
mysql> SET TRANSACTION ISOLATION LEVEL SERIALIZABLE;
Query OK, 0 rows affected, 1 warning (0.00 sec)
```

### 3. What did you see instead (Required)

```
mysql> SET GLOBAL tidb_skip_isolation_level_check=1;
Query OK, 0 rows affected (0.02 sec)
```
Disconnect and reconnect to TiDB
```
mysql> SET TRANSACTION ISOLATION LEVEL SERIALIZABLE;
ERROR 8048 (HY000): The isolation level 'SERIALIZABLE' is not supported. Set tidb_skip_isolation_level_check=1 to skip this error
```

### 4. What is your TiDB version? (Required)

<!-- Paste the output of SELECT tidb_version() -->
5.1.0 and all the new versions
