ID: 28095
Title: UPDATE with CAST has inconsistent behaviors in transaction
Description:
## Bug Report

Please answer these questions before submitting your issue. Thanks!

### 1. Minimal reproduce step (Required)
```
/* init */ drop table if exists t;
/* init */ create table t(a varchar(20));
/* init */ insert into t values ('abc'), ('def');

-- not in transaction
/* s */ update t set a = 'test' where cast(a as decimal); -- [1]

-- in transaction
/* s1 */ begin;
/* s1 */ update t set a = 'test' where cast(a as decimal); -- [2]

-- in transaction
/* s1 */ begin;
/* s1 */ update t set a = 'xyz';
/* s1 */ update t set a = 'test' where cast(a as decimal); -- [3]
```
### 2. What did you expect to see? (Required)

The results of the UPDATE statements [1], [2] and [3] are the same.

### 3. What did you see instead (Required)

The results of the UPDATE statements [1], [2] are the same while the statement [3] gets an error.

[1] UPDATE in an implicit transaction:
```
/* init */ drop table if exists t;
/* init */ create table t(a varchar(20));
/* init */ insert into t values ('abc'), ('def');

mysql> update t set a = 'test' where cast(a as decimal);
Query OK, 0 rows affected (0.01 sec)
Rows matched: 0  Changed: 0  Warnings: 0
```

[2] UPDATE in an explicit transaction:
```
/* init */ drop table if exists t;
/* init */ create table t(a varchar(20));
/* init */ insert into t values ('abc'), ('def');

mysql> begin;
Query OK, 0 rows affected (0.00 sec)

mysql> update t set a = 'test' where cast(a as decimal);
Query OK, 0 rows affected (0.00 sec)
Rows matched: 0  Changed: 0  Warnings: 0
```

[3] UPDATE in an explicit transaction following another UPDATE
```
mysql> begin;
Query OK, 0 rows affected (0.00 sec)

mysql> update t set a = 'xyz';
Query OK, 2 rows affected (0.01 sec)
Rows matched: 2  Changed: 2  Warnings: 0

mysql> update t set a = 'test' where cast(a as decimal);
ERROR 8029 (HY000): Bad Number
```

### 4. What is your TiDB version? (Required)

```
mysql> select version();
+--------------------+
| version()          |
+--------------------+
| 5.7.25-TiDB-v5.2.1 |
+--------------------+
1 row in set (0.00 sec)
```

