ID: 28495
Title: The error message of `recover table` is different between global and local temporary tables
Description:
## Bug Report

Please answer these questions before submitting your issue. Thanks!

### 1. Minimal reproduce step (Required)

<!-- a step by step guide for reproducing the bug. -->

mysql> create temporary table temp(id int);
Query OK, 0 rows affected (0.01 sec)

mysql> drop table temp;
Query OK, 0 rows affected (0.00 sec)

mysql> recover table temp;
ERROR 1105 (HY000): Can't find dropped/truncated table 'temp' in GC safe point 2021-09-30 16:11:37 +0800 CST
mysql> set session tidb_enable_global_temporary_table=1;
Query OK, 0 rows affected (0.00 sec)

mysql> create global temporary table gtemp(id int) on commit delete rows;
Query OK, 0 rows affected (0.09 sec)

mysql> drop table gtemp;
Query OK, 0 rows affected (0.21 sec)

mysql> recover table gtemp;
ERROR 8200 (HY000): Recover/flashback table is not supported on temporary tables
MySQL>

### 2. What did you expect to see? (Required)

Flashback/recover local temporary tables also reports `Recover/flashback table is not supported on temporary tables`.

### 3. What did you see instead (Required)

Flashback/recover local temporary tables reports `Can't find dropped/truncated table 'temp' in GC safe point 2021-09-30 16:11:37 +0800 CST`.

### 4. What is your TiDB version? (Required)

<!-- Paste the output of SELECT tidb_version() -->

master