ID: 28532
Title: REVOKE ALL PRIVILEGES, GRANT OPTION.. fails
Description:
## Bug Report

Please answer these questions before submitting your issue. Thanks!

### 1. Minimal reproduce step (Required)

```sql
drop user if exists d1;
create user d1;
revoke all privileges, grant option from d1; -- fails
GRANT ALL PRIVILEGES ON *.* TO 'd1' WITH GRANT OPTION;
```

### 2. What did you expect to see? (Required)

```sql
mysql [localhost:8024] {root} (test) > drop user if exists d1;
Query OK, 0 rows affected (0.00 sec)

mysql [localhost:8024] {root} (test) > create user d1;
Query OK, 0 rows affected (0.00 sec)

mysql [localhost:8024] {root} (test) > revoke all privileges, grant option from d1; -- fails
Query OK, 0 rows affected (0.00 sec)

mysql [localhost:8024] {root} (test) > GRANT ALL PRIVILEGES ON *.* TO 'd1' WITH GRANT OPTION;
Query OK, 0 rows affected (0.00 sec)
```

### 3. What did you see instead (Required)

```sql
mysql> drop user if exists d1;
Query OK, 0 rows affected (0.00 sec)

mysql> create user d1;
Query OK, 0 rows affected (0.01 sec)

mysql> revoke all privileges, grant option from d1; -- fails
ERROR 1064 (42000): You have an error in your SQL syntax; check the manual that corresponds to your TiDB version for the right syntax to use can't convert to RoleIdentity, type *ast.PrivElem
mysql> GRANT ALL PRIVILEGES ON *.* TO 'd1' WITH GRANT OPTION;
Query OK, 0 rows affected (0.00 sec)

```

### 4. What is your TiDB version? (Required)

```sql
mysql> SELECT tidb_version()\G
*************************** 1. row ***************************
tidb_version(): Release Version: v5.3.0-alpha-256-gb0b559f23
Edition: Community
Git Commit Hash: b0b559f2389de5e27d0d2e12d2bfae049186b54b
Git Branch: master
UTC Build Time: 2021-10-01 14:52:33
GoVersion: go1.16.7
Race Enabled: false
TiKV Min Version: v3.0.0-60965b006877ca7234adaced7890d7b029ed1306
Check Table Before Drop: false
1 row in set (0.00 sec)
```
