ID: 28542
Title: CREATE TABLE LIKE does not validate defaults (invalid dates)
Description:
## Bug Report

Please answer these questions before submitting your issue. Thanks!

### 1. Minimal reproduce step (Required)

```sql
DROP TABLE IF EXISTS t1, t2;
SET sql_mode='ALLOW_INVALID_DATES';
CREATE TABLE t1 (dt datetime default '2008-02-31 00:00:00'); -- permitted because of SQL mode
SET sql_mode=DEFAULT;
CREATE TABLE t2 LIKE t1; -- should not be permitted
```

### 2. What did you expect to see? (Required)

```sql
mysql [localhost:8024] {root} (test) > DROP TABLE IF EXISTS t1, t2;
Query OK, 0 rows affected, 1 warning (0.00 sec)

mysql [localhost:8024] {root} (test) > SET sql_mode='ALLOW_INVALID_DATES';
Query OK, 0 rows affected (0.00 sec)

mysql [localhost:8024] {root} (test) > CREATE TABLE t1 (dt datetime default '2008-02-31 00:00:00'); -- permitted because of SQL mode
Query OK, 0 rows affected (0.01 sec)

mysql [localhost:8024] {root} (test) > SET sql_mode=DEFAULT;
Query OK, 0 rows affected (0.00 sec)

mysql [localhost:8024] {root} (test) > CREATE TABLE t2 LIKE t1; -- should not be permitted
ERROR 1067 (42000): Invalid default value for 'dt'
```

### 3. What did you see instead (Required)

```sql
mysql> DROP TABLE IF EXISTS t1, t2;
Query OK, 0 rows affected (0.02 sec)

mysql> SET sql_mode='ALLOW_INVALID_DATES';
Query OK, 0 rows affected (0.00 sec)

mysql> CREATE TABLE t1 (dt datetime default '2008-02-31 00:00:00'); -- permitted because of SQL mode
Query OK, 0 rows affected (0.01 sec)

mysql> SET sql_mode=DEFAULT;
Query OK, 0 rows affected (0.00 sec)

mysql> CREATE TABLE t2 LIKE t1; -- should not be permitted
Query OK, 0 rows affected (0.00 sec)

```

### 4. What is your TiDB version? (Required)

```sql
mysql> SELECT tidb_version()\G
*************************** 1. row ***************************
tidb_version(): Release Version: v5.3.0-alpha-256-gb0b559f23
Edition: Community
Git Commit Hash: b0b559f2389de5e27d0d2e12d2bfae049186b54b
Git Branch: master
UTC Build Time: 2021-10-01 14:52:33
GoVersion: go1.16.7
Race Enabled: false
TiKV Min Version: v3.0.0-60965b006877ca7234adaced7890d7b029ed1306
Check Table Before Drop: false
1 row in set (0.00 sec)
```
