ID: 28995
Title: DELETE with WHERE clause  "WHERE 1 = a" ERROR 1292 
Description:
## Bug Report

Please answer these questions before submitting your issue. Thanks!

### 1. Minimal reproduce step (Required)

```sql
drop table if exists t1;
CREATE TABLE t1(a BLOB);
INSERT INTO t1 VALUES('a');
select * from t1 WHERE 1 = a;
DELETE FROM t1 WHERE 1 = a;
DROP TABLE t1;
```
### 2. What did you expect to see? (Required)
```sql
mysql> drop table if exists t1;
Query OK, 0 rows affected, 1 warning (0.01 sec)
mysql> CREATE TABLE t1(a BLOB);
Query OK, 0 rows affected (0.00 sec)
mysql> INSERT INTO t1 VALUES('a');
Query OK, 1 row affected (0.00 sec)
mysql> select * from t1 WHERE 1 = a;
Empty set (0.00 sec)
mysql> DELETE FROM t1 WHERE 1 = a;
Query OK, 0 rows affected (0.00 sec)
```
### 3. What did you see instead (Required)
```sql
mysql> drop table if exists t1;
Query OK, 0 rows affected, 1 warning (0.01 sec)
mysql> CREATE TABLE t1(a BLOB);
Query OK, 0 rows affected (0.09 sec)
mysql> INSERT INTO t1 VALUES('a');
Query OK, 1 row affected (0.01 sec)
mysql> select * from t1 WHERE 1 = a;
Empty set, 1 warning (0.00 sec)
mysql> DELETE FROM t1 WHERE 1 = a;
ERROR 1292 (22007): Truncated incorrect INTEGER value: 'a'
```
### 4. What is your TiDB version? (Required)
| innodb_version          | 5.6.25                                                                   |
| protocol_version        | 10                                                                       |
| tidb_analyze_version    | 2                                                                        |
| tidb_row_format_version | 2                                                                        |
| tls_version             | TLSv1,TLSv1.1,TLSv1.2                                                    |
| version                 | 5.7.25-TiDB-v5.2.1                                                       |
| version_comment         | TiDB Server (Apache License 2.0) Community Edition, MySQL 5.7 compatible |
| version_compile_machine | x86_64                                                                   |
| version_compile_os      | osx10.8  
<!-- Paste the output of SELECT tidb_version() -->

