ID: 29172
Title: Partitioned table complains "leader placement policy is not defined" under local txn_scope
Description:
## Bug Report

### 1. Minimal reproduce step (Required)

```
mysql> set txn_scope='local';
Query OK, 0 rows affected (0.23 sec)

mysql> insert into users6 (username, email, dateofbirth, country) values ('alice', 'alice@pingcap.com', '1999-09-09', 'US');
ERROR 8236 (HY000): Placement policy didn't meet the constraint, reason: table users6's partition uscentral1's leader placement policy is not defined

mysql> set txn_scope='global';
Query OK, 0 rows affected (0.23 sec)

mysql> insert into users6 (username, email, dateofbirth, country) values ('alice', 'alice@pingcap.com', '1999-09-09', 'US');
Query OK, 1 row affected (1.22 sec)

mysql> show create table users6\G
*************************** 1. row ***************************
       Table: users6
Create Table: CREATE TABLE `users6` (
  `id` int(11) NOT NULL AUTO_INCREMENT,
  `username` varchar(64) NOT NULL,
  `email` varchar(64) NOT NULL,
  `dateofbirth` date NOT NULL,
  `country` varchar(10) NOT NULL,
  PRIMARY KEY (`id`,`country`) /*T![clustered_index] NONCLUSTERED */
) ENGINE=InnoDB DEFAULT CHARSET=utf8mb4 COLLATE=utf8mb4_bin AUTO_INCREMENT=67408
PARTITION BY LIST COLUMNS(country) (
  PARTITION `uswest1` VALUES IN ("CA") /*T![placement] LEADER_CONSTRAINTS="[+region=us-west1]" FOLLOWER_CONSTRAINTS="[+region=us-west1]" */,
  PARTITION `asianortheast1` VALUES IN ("JP") /*T![placement] LEADER_CONSTRAINTS="[+region=asia-northeast1]" FOLLOWER_CONSTRAINTS="[+region=asia-northeast1]" */,
  PARTITION `uscentral1` VALUES IN ("US") /*T![placement] LEADER_CONSTRAINTS="[+region=us-central1]" FOLLOWER_CONSTRAINTS="[+region=us-central1]" */
)
```

The tidb-server is located in `labels.zone=us-central1`, thus the local txn_scope should match the location of the `US` partition.

<!-- a step by step guide for reproducing the bug. -->

### 2. What did you expect to see? (Required)

`INSERT` succeed in local transaction mode

### 3. What did you see instead (Required)

Failure.

### 4. What is your TiDB version? (Required)

<!-- Paste the output of SELECT tidb_version() -->

```
mysql>  SELECT tidb_version();
+----------------------------------------------------------------------------------------------------------------------------------------------------------------------------------------------------------------------------------------------------------------------------------------------------------------------------+
| tidb_version()                                                                                                                                                                                                                                                                                                             |
+----------------------------------------------------------------------------------------------------------------------------------------------------------------------------------------------------------------------------------------------------------------------------------------------------------------------------+
| Release Version: v5.3.0-alpha-1204-g21b008864
Edition: Community
Git Commit Hash: 21b008864a5440191c682f5154b14d97b1070e67
Git Branch: master
UTC Build Time: 2021-10-26 10:13:25
GoVersion: go1.16.4
Race Enabled: false
TiKV Min Version: v3.0.0-60965b006877ca7234adaced7890d7b029ed1306
Check Table Before Drop: false |
+----------------------------------------------------------------------------------------------------------------------------------------------------------------------------------------------------------------------------------------------------------------------------------------------------------------------------+
1 row in set (0.26 sec)
```

