ID: 29266
Title: Granting privileges to temporary tables should fail
Description:
## Bug Report

Please answer these questions before submitting your issue. Thanks!

### 1. Minimal reproduce step (Required)

<!-- a step by step guide for reproducing the bug. -->

```sql
mysql> create user test_user;
Query OK, 0 rows affected (0.01 sec)

mysql> create database tmpdb;
Query OK, 0 rows affected (0.01 sec)

mysql> create temporary table tmpdb.t(id int);
Query OK, 0 rows affected (0.00 sec)

mysql> grant select on tmpdb.t to test_user;
Query OK, 0 rows affected (0.00 sec)
```

### 2. What did you expect to see? (Required)

```sql
mysql> create user test_user;
Query OK, 0 rows affected (0.01 sec)

mysql> create database tmpdb;
Query OK, 0 rows affected (0.01 sec)

mysql> create temporary table tmpdb.t(id int);
Query OK, 0 rows affected (0.00 sec)

mysql> grant select on tmpdb.t to test_user;
Query OK, 0 rows affected (0.00 sec)
```

### 3. What did you see instead (Required)

In MySQL 8.0:
```sql
mysql> create user test_user;
Query OK, 0 rows affected (0.01 sec)

mysql> create database tmpdb;
Query OK, 0 rows affected (0.01 sec)

mysql> create temporary table tmpdb.t(id int);
Query OK, 0 rows affected (0.01 sec)

mysql> grant select on tmpdb.t to test_user;
ERROR 1146 (42S02): Table 'tmpdb.t' doesn't exist
mysql> create table tmpdb.t(id int);
Query OK, 0 rows affected (0.07 sec)

mysql> grant select on tmpdb.t to test_user;
Query OK, 0 rows affected (0.05 sec)
```

### 4. What is your TiDB version? (Required)

<!-- Paste the output of SELECT tidb_version() -->

```
Release Version: None
Edition: Community
Git Commit Hash: None
Git Branch: None
UTC Build Time: None
GoVersion: go1.16.4
Race Enabled: false
TiKV Min Version: v3.0.0-60965b006877ca7234adaced7890d7b029ed1306
Check Table Before Drop: false
```