ID: 29271
Title: Creating temporary tables should need `CREATE TEMPORARY TABLES` privilege instead of `CREATE`
Description:
## Bug Report

Please answer these questions before submitting your issue. Thanks!

### 1. Minimal reproduce step (Required)

<!-- a step by step guide for reproducing the bug. -->

```sql
mysql -h127.1 -uroot -Ac

mysql> grant create on *.* to test_user;
Query OK, 0 rows affected (0.10 sec)

mysql> revoke create temporary tables on *.* from test_user;
Query OK, 0 rows affected (0.01 sec)
```

```sql
mysql -h127.1 -utest_user -Ac

mysql> create temporary table test.tmp(id int);
Query OK, 0 rows affected (0.00 sec)
```

### 2. What did you expect to see? (Required)

```sql
mysql -h127.1 -utest_user -Ac

mysql> create temporary table test.tmp(id int);
ERROR 1044 (42000): Access denied for user 'test_user'@'localhost' to database 'test'
```

### 3. What did you see instead (Required)

```sql
mysql -h127.1 -utest_user -Ac

mysql> create temporary table test.tmp(id int);
Query OK, 0 rows affected (0.00 sec)
```

### 4. What is your TiDB version? (Required)

<!-- Paste the output of SELECT tidb_version() -->

```
Release Version: None
Edition: Community
Git Commit Hash: None
Git Branch: None
UTC Build Time: None
GoVersion: go1.16.4
Race Enabled: false
TiKV Min Version: v3.0.0-60965b006877ca7234adaced7890d7b029ed1306
Check Table Before Drop: false
```