ID: 29282
Title: Prepared statements can't see temporary tables when the SQL involves multiple tables
Description:
## Bug Report

Please answer these questions before submitting your issue. Thanks!

### 1. Minimal reproduce step (Required)

<!-- a step by step guide for reproducing the bug. -->

```sql
mysql> create temporary table tmp(id int);
Query OK, 0 rows affected (0.00 sec)

mysql> prepare stmt from 'insert into t select * from tmp';
Query OK, 0 rows affected (0.01 sec)

mysql> execute stmt;
ERROR 1146 (42S02): Table 'tmpdb.tmp' doesn't exist
```

### 2. What did you expect to see? (Required)

```sql
mysql> create temporary table tmp(id int);
Query OK, 0 rows affected (0.03 sec)

mysql> prepare stmt from 'insert into t select * from tmp';
Query OK, 0 rows affected (0.00 sec)
Statement prepared

mysql> execute stmt;
Query OK, 0 rows affected (0.01 sec)
Records: 0  Duplicates: 0  Warnings: 0
```

### 3. What did you see instead (Required)

```sql
mysql> execute stmt;
ERROR 1146 (42S02): Table 'tmpdb.tmp' doesn't exist
```

### 4. What is your TiDB version? (Required)

<!-- Paste the output of SELECT tidb_version() -->

master