ID: 29327
Title: TiDB does not trim space from ENUM DEFAULT definition
Description:
## Bug Report

Please answer these questions before submitting your issue. Thanks!

### 1. Minimal reproduce step (Required)

<!-- a step by step guide for reproducing the bug. -->
```sql
drop table if exists t1;
CREATE TABLE `t1` (   `a` enum('','a','b') NOT NULL DEFAULT 'b' ) ENGINE=InnoDB DEFAULT CHARSET=utf8mb4 COLLATE=utf8mb4_0900_ai_ci;
show create table t1;
drop table if exists t1;
CREATE TABLE `t1` (   `a` enum('','a','b ') NOT NULL DEFAULT 'b ' ) ENGINE=InnoDB DEFAULT CHARSET=utf8mb4 COLLATE=utf8mb4_0900_ai_ci;
show create table t1;

```

### 2. What did you expect to see? (Required)
```sql
mysql> drop table if exists t1;
Query OK, 0 rows affected, 1 warning (0.00 sec)

mysql> CREATE TABLE `t1` (   `a` enum('','a','b') NOT NULL DEFAULT 'b' ) ENGINE=InnoDB DEFAULT CHARSET=utf8mb4 COLLATE=utf8mb4_0900_ai_ci;
Query OK, 0 rows affected (0.01 sec)

mysql> show create table t1;
+-------+------------------------------------------------------------------------------------------------------------------------------------+
| Table | Create Table                                                                                                                       |
+-------+------------------------------------------------------------------------------------------------------------------------------------+
| t1    | CREATE TABLE `t1` (
  `a` enum('','a','b') NOT NULL DEFAULT 'b'
) ENGINE=InnoDB DEFAULT CHARSET=utf8mb4 COLLATE=utf8mb4_0900_ai_ci |
+-------+------------------------------------------------------------------------------------------------------------------------------------+
1 row in set (0.00 sec)

mysql> drop table if exists t1;
Query OK, 0 rows affected (0.00 sec)

mysql> CREATE TABLE `t1` (   `a` enum('','a','b ') NOT NULL DEFAULT 'b ' ) ENGINE=InnoDB DEFAULT CHARSET=utf8mb4 COLLATE=utf8mb4_0900_ai_ci;
Query OK, 0 rows affected (0.01 sec)

mysql> show create table t1;
+-------+------------------------------------------------------------------------------------------------------------------------------------+
| Table | Create Table                                                                                                                       |
+-------+------------------------------------------------------------------------------------------------------------------------------------+
| t1    | CREATE TABLE `t1` (
  `a` enum('','a','b') NOT NULL DEFAULT 'b'
) ENGINE=InnoDB DEFAULT CHARSET=utf8mb4 COLLATE=utf8mb4_0900_ai_ci |
+-------+------------------------------------------------------------------------------------------------------------------------------------+
1 row in set (0.00 sec)

```
### 3. What did you see instead (Required)
```sql

mysql> drop table if exists t1;
Query OK, 0 rows affected, 1 warning (0.00 sec)

mysql> CREATE TABLE `t1` (   `a` enum('','a','b') NOT NULL DEFAULT 'b' ) ENGINE=InnoDB DEFAULT CHARSET=utf8mb4 COLLATE=utf8mb4_0900_ai_ci;
Query OK, 0 rows affected (0.13 sec)

mysql> show create table t1;
+-------+---------------------------------------------------------------------------------------------------------------------------------------------------------------+
| Table | Create Table                                                                                                                                                  |
+-------+---------------------------------------------------------------------------------------------------------------------------------------------------------------+
| t1    | CREATE TABLE `t1` (
  `a` enum('','a','b') COLLATE utf8mb4_0900_ai_ci NOT NULL DEFAULT 'b'
) ENGINE=InnoDB DEFAULT CHARSET=utf8mb4 COLLATE=utf8mb4_0900_ai_ci |
+-------+---------------------------------------------------------------------------------------------------------------------------------------------------------------+
1 row in set (0.00 sec)

mysql> drop table if exists t1;
Query OK, 0 rows affected (0.23 sec)

mysql> CREATE TABLE `t1` (   `a` enum('','a','b ') NOT NULL DEFAULT 'b ' ) ENGINE=InnoDB DEFAULT CHARSET=utf8mb4 COLLATE=utf8mb4_0900_ai_ci;
ERROR 1067 (42000): Invalid default value for 'a'
mysql> show create table t1;
ERROR 1146 (42S02): Table 'test.t1' doesn't exist

```
### 4. What is your TiDB version? (Required)

<!-- Paste the output of SELECT tidb_version() -->
```sql
| Release Version: v5.2.2
Edition: Community
Git Commit Hash: da1c21fd45a4ea5900ac16d2f4a248143f378d18
Git Branch: heads/refs/tags/v5.2.2
UTC Build Time: 2021-10-20 06:03:45
GoVersion: go1.16.5
Race Enabled: false
TiKV Min Version: v3.0.0-60965b006877ca7234adaced7890d7b029ed1306
Check Table Before Drop: false |

```
