ID: 29820
Title: Add feature for commit   options like  WORK AND CHAIN.
Description:
## Bug Report

Please answer these questions before submitting your issue. Thanks!

### 1. Minimal reproduce step (Required)

<!-- a step by step guide for reproducing the bug. -->
```sql
START TRANSACTION WITH CONSISTENT SNAPSHOT;
DELETE FROM t1;
COMMIT WORK AND CHAIN;
```

### 2. What did you expect to see? (Required)
```sql
Database changed
mysql> START TRANSACTION WITH CONSISTENT SNAPSHOT;
Query OK, 0 rows affected (0.00 sec)

mysql> DELETE FROM t1;
Query OK, 0 rows affected (0.00 sec)

mysql> COMMIT WORK AND CHAIN;
Query OK, 0 rows affected (0.00 sec)


```
### 3. What did you see instead (Required)
```sql
mysql> START TRANSACTION WITH CONSISTENT SNAPSHOT;
Query OK, 0 rows affected (0.00 sec)

mysql> DELETE FROM t1;
Query OK, 0 rows affected (0.00 sec)

mysql> COMMIT WORK AND CHAIN;
ERROR 1064 (42000): You have an error in your SQL syntax; check the manual that corresponds to your TiDB version for the right syntax to use line 1 column 11 near "WORK AND CHAIN" 
```
### 4. What is your TiDB version? (Required)

<!-- Paste the output of SELECT tidb_version() -->
```sql
| Release Version: v5.2.2
Edition: Community
Git Commit Hash: da1c21fd45a4ea5900ac16d2f4a248143f378d18
Git Branch: heads/refs/tags/v5.2.2
UTC Build Time: 2021-10-20 06:03:45
GoVersion: go1.16.5
Race Enabled: false
TiKV Min Version: v3.0.0-60965b006877ca7234adaced7890d7b029ed1306
Check Table Before Drop: false |
```
