ID: 29888
Title: View doesn't show warning for Non existent definer
Description:
## Bug Report

Forked from https://github.com/pingcap/tidb/pull/29854 

Warning for nonexistent definer
Following SQL SECURITY DEFINER/INVOKER

Please answer these questions before submitting your issue. Thanks!

### 1. Minimal reproduce step (Required)

<!-- a step by step guide for reproducing the bug. -->
```sql
CREATE DEFINER=root@localhost VIEW v1 AS (SELECT 1);
CREATE DEFINER=root@localhost VIEW v1 AS (SELECT 1);
CREATE DEFINER=foobar@localhost VIEW v2 AS (SELECT 1);
CREATE DEFINER=foobar@localhost SQL SECURITY INVOKER VIEW v3 AS (SELECT 1);
TABLE v1;
TABLE v2; 
TABLE v3;
```
### 2. What did you expect to see? (Required)
```sql
mysql> CREATE DEFINER=root@localhost VIEW v1 AS (SELECT 1);
Query OK, 0 rows affected (0.08 sec)

mysql>  CREATE DEFINER=foobar@localhost VIEW v2 AS (SELECT 1);
Query OK, 0 rows affected, 1 warning (0.02 sec)

mysql> show warning;
ERROR 1064 (42000): You have an error in your SQL syntax; check the manual that corresponds to your MySQL server version for the right syntax to use near 'warning' at line 1
mysql> show warnings;
+-------+------+-----------------------------------------------------------------------------------------------------------------------------------------------------------+
| Level | Code | Message                                                                                                                                                   |
+-------+------+-----------------------------------------------------------------------------------------------------------------------------------------------------------+
| Error | 1064 | You have an error in your SQL syntax; check the manual that corresponds to your MySQL server version for the right syntax to use near 'warning' at line 1 |
+-------+------+-----------------------------------------------------------------------------------------------------------------------------------------------------------+
1 row in set (0.00 sec)

mysql> CREATE DEFINER=foobar@localhost SQL SECURITY INVOKER VIEW v3 AS (SELECT 1);
Query OK, 0 rows affected, 1 warning (0.01 sec)

mysql> TABLE v1;
+---+
| 1 |
+---+
| 1 |
+---+
1 row in set (0.02 sec)

mysql> TABLE v2;
ERROR 1449 (HY000): The user specified as a definer ('foobar'@'localhost') does not exist
mysql> TABLE v3;
+---+
| 1 |
+---+
| 1 |
+---+
1 row in set (0.01 sec)

```

### 3. What did you see instead (Required)
```sql
mysql> CREATE DEFINER=root@localhost VIEW v1 AS (SELECT 1);
Query OK, 0 rows affected (0.12 sec)

mysql> CREATE DEFINER=foobar@localhost VIEW v2 AS (SELECT 1);
Query OK, 0 rows affected (0.06 sec)

mysql>  CREATE DEFINER=foobar@localhost SQL SECURITY INVOKER VIEW v3 AS (SELECT 1);
Query OK, 0 rows affected (0.12 sec)

mysql>  TABLE v1;
+---+
| 1 |
+---+
| 1 |
+---+
1 row in set (0.00 sec)

mysql> TABLE v2;
+---+
| 1 |
+---+
| 1 |
+---+
1 row in set (0.00 sec)

mysql> TABLE v3;
+---+
| 1 |
+---+
| 1 |
+---+
1 row in set (0.00 sec)

```

### 4. What is your TiDB version? (Required)

<!-- Paste the output of SELECT tidb_version() -->
```sql
| Release Version: v5.2.2
Edition: Community
Git Commit Hash: da1c21fd45a4ea5900ac16d2f4a248143f378d18
Git Branch: heads/refs/tags/v5.2.2
UTC Build Time: 2021-10-20 06:03:45
GoVersion: go1.16.5
Race Enabled: false
TiKV Min Version: v3.0.0-60965b006877ca7234adaced7890d7b029ed1306
Check Table Before Drop: false |
```