ID: 29930
Title: column alias is not supported in where clause, simple sql "select id as ida from t1 where ida = 1;"
Description:
## Bug Report

Please answer these questions before submitting your issue. Thanks!

### 1. Minimal reproduce step (Required)
use test;
create table t1 (id int primary key);
insert into t1 values (1),(2),(100);
select id as ida from t1 where ida = 1;

### 2. What did you expect to see? (Required)
return the result set which id is 1

### 3. What did you see instead (Required)
ERROR 1054 (42S22): Unknown column 'ida' in 'where clause'

### 4. What is your TiDB version? (Required)
Release Version: v5.2.2
Edition: Community
Git Commit Hash: da1c21fd45a4ea5900ac16d2f4a248143f378d18
Git Branch: heads/refs/tags/v5.2.2
UTC Build Time: 2021-10-20 06:08:33
GoVersion: go1.16.4
Race Enabled: false
TiKV Min Version: v3.0.0-60965b006877ca7234adaced7890d7b029ed1306
Check Table Before Drop: false



please check:
mysql> 
mysql> use test;
Database changed
mysql> create table t1 (id int primary key);
Query OK, 0 rows affected (0.57 sec)

mysql> insert into t1 values (1),(2),(100);
Query OK, 3 rows affected (0.02 sec)
Records: 3  Duplicates: 0  Warnings: 0

mysql> select id as ida from t1 where ida = 1;
ERROR 1054 (42S22): Unknown column 'ida' in 'where clause'
mysql> 
mysql> select tidb_version();
+----------------------------------------------------------------------------------------------------------------------------------------------------------------------------------------------------------------------------------------------------------------------------------------------------------------------+
| tidb_version()                                                                                                                                                                                                                                                                                                       |
+----------------------------------------------------------------------------------------------------------------------------------------------------------------------------------------------------------------------------------------------------------------------------------------------------------------------+
| Release Version: v5.2.2
Edition: Community
Git Commit Hash: da1c21fd45a4ea5900ac16d2f4a248143f378d18
Git Branch: heads/refs/tags/v5.2.2
UTC Build Time: 2021-10-20 06:08:33
GoVersion: go1.16.4
Race Enabled: false
TiKV Min Version: v3.0.0-60965b006877ca7234adaced7890d7b029ed1306
Check Table Before Drop: false |
+----------------------------------------------------------------------------------------------------------------------------------------------------------------------------------------------------------------------------------------------------------------------------------------------------------------------+
1 row in set (0.00 sec)

mysql> 

