ID: 30134
Title: Subquery returns more than 1 row using ANY()
Description:
## Bug Report

Please answer these questions before submitting your issue. Thanks!

### 1. Minimal reproduce step (Required)

<!-- a step by step guide for reproducing the bug. -->
```sql
DROP TABLE IF EXISTS t1;
CREATE TABLE t1(a INT);
INSERT INTO t1 VALUES (0), (0);
SELECT SUBSTRING(1, (SELECT 1 FROM t1 a1 RIGHT OUTER JOIN t1 ON 0)) AS d
FROM t1 WHERE 0 > ANY (SELECT a FROM t1);
```
### 2. What did you expect to see? (Required)
```sql
mysql> DROP TABLE IF EXISTS t1;
Query OK, 0 rows affected (0.00 sec)

mysql> CREATE TABLE t1(a INT);
Query OK, 0 rows affected (0.03 sec)

mysql> INSERT INTO t1 VALUES (0), (0);
Query OK, 2 rows affected (0.00 sec)
Records: 2  Duplicates: 0  Warnings: 0

mysql> SELECT SUBSTRING(1, (SELECT 1 FROM t1 a1 RIGHT OUTER JOIN t1 ON 0)) AS d
    -> FROM t1 WHERE 0 > ANY (SELECT a FROM t1);
Empty set (0.00 sec)
```
### 3. What did you see instead (Required)
```sql
mysql> DROP TABLE IF EXISTS t1;
Query OK, 0 rows affected (0.01 sec)

mysql> CREATE TABLE t1(a INT);
Query OK, 0 rows affected (0.00 sec)

mysql> INSERT INTO t1 VALUES (0), (0);
Query OK, 2 rows affected (0.00 sec)
Records: 2  Duplicates: 0  Warnings: 0

mysql> SELECT SUBSTRING(1, (SELECT 1 FROM t1 a1 RIGHT OUTER JOIN t1 ON 0)) AS d
    -> FROM t1 WHERE 0 > ANY (SELECT a FROM t1);
ERROR 1242 (21000): Subquery returns more than 1 row
```
### 4. What is your TiDB version? (Required)

<!-- Paste the output of SELECT tidb_version() -->
```sql
| Release Version: v5.2.2
Edition: Community
Git Commit Hash: da1c21fd45a4ea5900ac16d2f4a248143f378d18
Git Branch: heads/refs/tags/v5.2.2
UTC Build Time: 2021-10-20 06:03:45
GoVersion: go1.16.5
Race Enabled: false
TiKV Min Version: v3.0.0-60965b006877ca7234adaced7890d7b029ed1306
Check Table Before Drop: false |
```
