ID: 30506
Title: set with duplicated value gives warning in mysql and create table but in tidb it gives us error.
Description:
## Bug Report

Please answer these questions before submitting your issue. Thanks!

### 1. Minimal reproduce step (Required)

<!-- a step by step guide for reproducing the bug. -->
```sql
SET sql_mode = 'NO_ENGINE_SUBSTITUTION';
DROP TABLE If Exists t1;
create table t1(f1 set('1','2','3','4','5','6','7','8','9','10','11','12','13','1'));
show create table t1;
```

### 2. What did you expect to see? (Required)
```sql
mysql> SET sql_mode = 'NO_ENGINE_SUBSTITUTION';
Query OK, 0 rows affected (0.00 sec)

mysql> DROP TABLE If Exists t1;
Query OK, 0 rows affected (0.01 sec)

mysql> create table t1(f1 set('1','2','3','4','5','6','7','8','9','10','11','12','13','1'));
Query OK, 0 rows affected, 1 warning (0.02 sec)

mysql> show create table t1;
+-------+-----------------------------------------------------------------------------------------------------------------------------------------------+
| Table | Create Table                                                                                                                                  |
+-------+-----------------------------------------------------------------------------------------------------------------------------------------------+
| t1    | CREATE TABLE `t1` (
  `f1` set('1','2','3','4','5','6','7','8','9','10','11','12','13','1') DEFAULT NULL
) ENGINE=InnoDB DEFAULT CHARSET=utf8 |
+-------+-----------------------------------------------------------------------------------------------------------------------------------------------+
1 row in set (0.00 sec)

```
### 3. What did you see instead (Required)
```sql
mysql> SET sql_mode = 'NO_ENGINE_SUBSTITUTION';
Query OK, 0 rows affected (0.00 sec)

mysql> DROP TABLE If Exists t1;
Query OK, 0 rows affected, 1 warning (0.00 sec)

mysql> create table t1(f1 set('1','2','3','4','5','6','7','8','9','10','11','12','13','1'));
ERROR 1291 (HY000): Column 'f1' has duplicated value '1' in SET
mysql> show create table t1;
ERROR 1146 (42S02): Table 'mysql.t1' doesn't exist

```
### 4. What is your TiDB version? (Required)

<!-- Paste the output of SELECT tidb_version() -->
```sql
| Release Version: v5.3.0
Edition: Community
Git Commit Hash: 4a1b2e9fe5b5afb1068c56de47adb07098d768d6
Git Branch: heads/refs/tags/v5.3.0
UTC Build Time: 2021-11-24 13:31:24
GoVersion: go1.16.5
Race Enabled: false
TiKV Min Version: v3.0.0-60965b006877ca7234adaced7890d7b029ed1306
Check Table Before Drop: false |
```
