ID: 31432
Title: `INSERT IGNORE` into t1 returns error for wrong arguments
Description:
## Bug Report

### 1. Minimal reproduce step (Required)

```sql
DROP TABLE IF EXISTS t1;
CREATE TABLE t1(a INT) ENGINE = InnoDB;
INSERT IGNORE into t1(SELECT SLEEP(NULL));
SHOW WARNINGS;
SELECT * FROM t1;
DROP TABLE t1;
```

### 2. What did you expect to see? 
```
mysql> CREATE TABLE t1(a INT) ENGINE = InnoDB;
Query OK, 0 rows affected (0.02 sec)

mysql> INSERT IGNORE into t1(SELECT SLEEP(NULL));
Query OK, 1 row affected, 1 warning (0.01 sec)
Records: 1  Duplicates: 0  Warnings: 1

mysql> SHOW WARNINGS;
+---------+------+-------------------------------+
| Level   | Code | Message                       |
+---------+------+-------------------------------+
| Warning | 1210 | Incorrect arguments to sleep. |
+---------+------+-------------------------------+
1 row in set (0.00 sec)

mysql> SELECT * FROM t1;
+------+
| a    |
+------+
|    0 |
+------+
1 row in set (0.00 sec)
```

### 3. What did you see instead
```
mysql> CREATE TABLE t1(a INT) ENGINE = InnoDB;
Query OK, 0 rows affected (0.01 sec)

mysql> INSERT IGNORE into t1(SELECT SLEEP(NULL));
ERROR 1210 (HY000): Incorrect arguments to sleep
mysql> SHOW WARNINGS;
+-------+------+------------------------------+
| Level | Code | Message                      |
+-------+------+------------------------------+
| Error | 1210 | Incorrect arguments to sleep |
+-------+------+------------------------------+
1 row in set (0.01 sec)

mysql> SELECT * FROM t1;
Empty set (0.01 sec)
```

### 4. What is your TiDB version? 
```sql
tidb_version(): Release Version: v5.5.0-alpha-34-g9cc1b169f
Edition: Community
Git Commit Hash: 9cc1b169f9080b34eda8468d7a974d2a387673dd
Git Branch: master
UTC Build Time: 2022-01-05 19:21:07
GoVersion: go1.17.2
Race Enabled: false
TiKV Min Version: v3.0.0-60965b006877ca7234adaced7890d7b029ed1306
Check Table Before Drop: false
```
