ID: 31470
Title: TiDB COALESCE() Function with if results are  inconsistent with mysql.
Description:
## Bug Report

Please answer these questions before submitting your issue. Thanks!

### 1. Minimal reproduce step (Required)
```sql
drop table if exists t1;
CREATE TABLE t1 ( a bigint);
insert into t1 SELECT (IF(0, coalesce(null,1), now(0)+0)) as a;
insert into t1 SELECT (IF(0, coalesce(null,1), now(0)) + 0) as a;
select * from t1;
select if(0,coalesce(null),1),if(0,coalesce(null,1),1) ;
```

### 2. What did you expect to see? (Required)
```sql
mysql> select * from t1;
+----------------+
| a              |
+----------------+
| 20220107121534 |
| 20220107121534 |
+----------------+
2 rows in set (0.00 sec)

mysql> select if(0,coalesce(null),1),if(0,coalesce(null,1),1) ;
+------------------------+--------------------------+
| if(0,coalesce(null),1) | if(0,coalesce(null,1),1) |
+------------------------+--------------------------+
|                      1 |                        1 |
+------------------------+--------------------------+
1 row in set (0.00 sec)
```
### 3. What did you see instead (Required)
```sql
mysql> insert into t1 SELECT (IF(0, coalesce(null,1), now(0)) + 0) as a;
ERROR 1292 (22007): Truncated incorrect DOUBLE value: '2022-01-07 12:21:04'
mysql> select * from t1;
+----------------+
| a              |
+----------------+
| 20220107122104 |
+----------------+
1 row in set (0.00 sec)

mysql> select if(0,coalesce(null),1),if(0,coalesce(null,1),1) ;
+------------------------------------------------+--------------------------+
| if(0,coalesce(null),1)                         | if(0,coalesce(null,1),1) |
+------------------------------------------------+--------------------------+
| 0x31                                           |                        1 |
+------------------------------------------------+--------------------------+
1 row in set (0.00 sec)
```
### 4. What is your TiDB version? (Required)
```sql
| Release Version: v5.4.0-alpha-264-g6efa36df6
Edition: Community
Git Commit Hash: 6efa36df6cff325106f67ecfe3d79816ba37ca6a
Git Branch: master
UTC Build Time: 2021-12-28 02:03:55
GoVersion: go1.17.2
Race Enabled: false
TiKV Min Version: v3.0.0-60965b006877ca7234adaced7890d7b029ed1306
Check Table Before Drop: false |
```

