ID: 31471
Title: Windows function lead is giving error in execute statement  
Description:
## Bug Report

Please answer these questions before submitting your issue. Thanks!

### 1. Minimal reproduce step (Required)

<!-- a step by step guide for reproducing the bug. -->
```sql
CREATE TABLE t1 (d DOUBLE, id INT, sex CHAR(1), n INT NOT NULL AUTO_INCREMENT, PRIMARY KEY(n));
INSERT INTO t1(d, id, sex) VALUES (1.0, 1, 'M'),(2.0, 2, 'F'),(3.0, 3, 'F'),(4.0, 4, 'F'),(5.0, 5, 'M');
PREPARE p FROM "SELECT id, sex, LEAD(id, ?) OVER () FROM t1";
SET @p1= 3;
EXECUTE p USING @p1;
```
### 2. What did you expect to see? (Required)
```sql
mysql> CREATE TABLE t1 (d DOUBLE, id INT, sex CHAR(1), n INT NOT NULL AUTO_INCREMENT, PRIMARY KEY(n));
Query OK, 0 rows affected (0.01 sec)

mysql> INSERT INTO t1(d, id, sex) VALUES (1.0, 1, 'M'),(2.0, 2, 'F'),(3.0, 3, 'F'),(4.0, 4, 'F'),(5.0, 5, 'M');
Query OK, 5 rows affected (0.00 sec)
Records: 5  Duplicates: 0  Warnings: 0

mysql> PREPARE p FROM "SELECT id, sex, LEAD(id, ?) OVER () FROM t1";
Query OK, 0 rows affected (0.00 sec)
Statement prepared

mysql> SET @p1= 3;
Query OK, 0 rows affected (0.00 sec)

mysql> EXECUTE p USING @p1;
+------+------+---------------------+
| id   | sex  | LEAD(id, ?) OVER () |
+------+------+---------------------+
|    1 | M    |                   4 |
|    2 | F    |                   5 |
|    3 | F    |                NULL |
|    4 | F    |                NULL |
|    5 | M    |                NULL |
+------+------+---------------------+
5 rows in set (0.00 sec)

```
### 3. What did you see instead (Required)
```sql
mysql> CREATE TABLE t1 (d DOUBLE, id INT, sex CHAR(1), n INT NOT NULL AUTO_INCREMENT, PRIMARY KEY(n));
Query OK, 0 rows affected (0.01 sec)

mysql> INSERT INTO t1(d, id, sex) VALUES (1.0, 1, 'M'),(2.0, 2, 'F'),(3.0, 3, 'F'),(4.0, 4, 'F'),(5.0, 5, 'M');
Query OK, 5 rows affected (0.00 sec)
Records: 5  Duplicates: 0  Warnings: 0

mysql> PREPARE p FROM "SELECT id, sex, LEAD(id, ?) OVER () FROM t1";
ERROR 1210 (HY000): Incorrect arguments to lead
mysql> SET @p1= 3;
Query OK, 0 rows affected (0.00 sec)

mysql> EXECUTE p USING @p1;
ERROR 8111 (HY000): Prepared statement not found
```
### 4. What is your TiDB version? (Required)

<!-- Paste the output of SELECT tidb_version() -->
```sql
| Release Version: v5.5.0-alpha-60-g8c70432b0-dirty
Edition: Community
Git Commit Hash: 8c70432b000d648e9ea26cc57a7fe79d2e67d341
Git Branch: master
UTC Build Time: 2022-01-07 17:47:06
GoVersion: go1.16.9
Race Enabled: false
TiKV Min Version: v3.0.0-60965b006877ca7234adaced7890d7b029ed1306
Check Table Before Drop: false |
```
