ID: 32085
Title: UNLOCK TABLES does not unlock renamed tables correctly
Description:
## Bug Report

Please answer these questions before submitting your issue. Thanks!

### 1. Minimal reproduce step (Required)

<!-- a step by step guide for reproducing the bug. -->
```sql
CREATE TABLE t1 (i INT);
CREATE DATABASE mysqltest;
LOCK TABLES t1 WRITE;
ALTER TABLE t1 RENAME TO mysqltest.t1;
 UNLOCK TABLES;
DROP DATABASE mysqltest;

```
### 2. What did you expect to see? (Required)
```sql
mysql> CREATE TABLE t1 (i INT);
Query OK, 0 rows affected (0.04 sec)

mysql> CREATE DATABASE mysqltest;
Query OK, 1 row affected (0.00 sec)

mysql> LOCK TABLES t1 WRITE;
Query OK, 0 rows affected (0.00 sec)

mysql> ALTER TABLE t1 RENAME TO mysqltest.t1;
Query OK, 0 rows affected (0.01 sec)

mysql> unlock tables;
Query OK, 0 rows affected (0.00 sec)

mysql> DROP DATABASE mysqltest;
Query OK, 1 row affected (0.01 sec)

```
### 3. What did you see instead (Required)
```sql

mysql> CREATE TABLE t1 (i INT);
Query OK, 0 rows affected (0.07 sec)

mysql> CREATE DATABASE mysqltest;
Query OK, 0 rows affected (0.12 sec)

mysql> LOCK TABLES t1 WRITE;
Query OK, 0 rows affected (0.17 sec)

mysql> ALTER TABLE t1 RENAME TO mysqltest.t1;
Query OK, 0 rows affected (0.00 sec)

mysql> UNLOCK TABLES;
Query OK, 0 rows affected (0.00 sec)

mysql> DROP DATABASE mysqltest;
ERROR 8020 (HY000): Table 't1' was locked in WRITE by server: 79a237fd-1436-42b1-b047-4d5420375191_session: 5

```
### 4. What is your TiDB version? (Required)

<!-- Paste the output of SELECT tidb_version() -->
```sql
| Release Version: v5.5.0-alpha-252-gd177ee4ba-dirty
Edition: Community
Git Commit Hash: d177ee4ba6fd72990e21307024df0f62a3eba67a
Git Branch: master
UTC Build Time: 2022-02-01 04:35:26
GoVersion: go1.16.9
Race Enabled: false
TiKV Min Version: v3.0.0-60965b006877ca7234adaced7890d7b029ed1306
Check Table Before Drop: false |
```
