ID: 32221
Title: TiDB doesn't give errors for wrong  type value in `INET6_ATON`, `INET_ATON`, `UNHEX`
Description:
## Bug Report

Please answer these questions before submitting your issue. Thanks!

### 1. Minimal reproduce step 
```sql
SET sql_mode = default;
DROP TABLE IF EXISTS t2;
CREATE TABLE t2(ip VARBINARY(16));
INSERT INTO t2 VALUES (INET6_ATON('1.0002.3.4'));
INSERT INTO t2 VALUES (INET6_ATON('1.2.255'));
INSERT INTO t2 VALUES (INET6_ATON('1.2.256'));
INSERT INTO t2 VALUES (INET6_ATON('192.168.0x8.2'));
INSERT INTO t2 VALUES (inet_aton("122.256"));
INSERT INTO t2 VALUES (inet_aton("122.226."));
INSERT INTO t2 VALUES (inet_aton(""));
INSERT INTO t2 VALUES (UNHEX('Z0Q80F02'));

SELECT INET6_NTOA(ip), HEX(ip), LENGTH(ip) FROM t2;
DROP TABLE t2;
```
### 2. What did you expect to see? 
```sql
mysql> CREATE TABLE t2(ip VARBINARY(16));
Query OK, 0 rows affected (0.07 sec)
mysql> INSERT INTO t2 VALUES (INET6_ATON('1.0002.3.4'));
ERROR 1411 (HY000): Incorrect string value: ''1.0002.3.4'' for function inet6_aton
mysql> INSERT INTO t2 VALUES (INET6_ATON('1.2.255'));
ERROR 1411 (HY000): Incorrect string value: ''1.2.255'' for function inet6_aton
mysql> INSERT INTO t2 VALUES (INET6_ATON('1.2.256'));
ERROR 1411 (HY000): Incorrect string value: ''1.2.256'' for function inet6_aton
mysql> INSERT INTO t2 VALUES (INET6_ATON('192.168.0x8.2'));
ERROR 1411 (HY000): Incorrect string value: ''192.168.0x8.2'' for function inet6_aton
mysql> INSERT INTO t2 VALUES (inet_aton("122.256"));
ERROR 1411 (HY000): Incorrect string value: ''122.256'' for function inet_aton
mysql> INSERT INTO t2 VALUES (inet_aton("122.226."));
ERROR 1411 (HY000): Incorrect string value: ''122.226.'' for function inet_aton
mysql> INSERT INTO t2 VALUES (inet_aton(""));
ERROR 1411 (HY000): Incorrect string value: '''' for function inet_aton
mysql> INSERT INTO t2 VALUES (UNHEX('Z0Q80F02'));
ERROR 1411 (HY000): Incorrect string value: ''Z0Q80F02'' for function unhex
mysql> SELECT INET6_NTOA(ip), HEX(ip), LENGTH(ip) FROM t2;
Empty set (0.01 sec)
```

### 3. What did you see instead 
```sql
tidb> CREATE TABLE t2(ip VARBINARY(16));
Query OK, 0 rows affected (0.03 sec)
tidb> INSERT INTO t2 VALUES (INET6_ATON('1.0002.3.4'));
Query OK, 1 row affected (0.00 sec)
tidb> INSERT INTO t2 VALUES (INET6_ATON('1.2.255'));
Query OK, 1 row affected (0.00 sec)
tidb> INSERT INTO t2 VALUES (INET6_ATON('1.2.256'));
Query OK, 1 row affected (0.00 sec)
tidb> INSERT INTO t2 VALUES (INET6_ATON('192.168.0x8.2'));
Query OK, 1 row affected (0.00 sec)
tidb> INSERT INTO t2 VALUES (inet_aton("122.256"));
Query OK, 1 row affected (0.02 sec)
tidb> INSERT INTO t2 VALUES (inet_aton("122.226."));
Query OK, 1 row affected (0.00 sec)
tidb> INSERT INTO t2 VALUES (inet_aton(""));
Query OK, 1 row affected (0.00 sec)
tidb>INSERT INTO t2 VALUES (UNHEX('Z0Q80F02'));
Query OK, 1 row affected (0.01 sec)
tidb> SELECT INET6_NTOA(ip), HEX(ip), LENGTH(ip) FROM t2;
+----------------+---------+------------+
| INET6_NTOA(ip) | HEX(ip) | LENGTH(ip) |
+----------------+---------+------------+
| NULL           | NULL    |       NULL |
| NULL           | NULL    |       NULL |
| NULL           | NULL    |       NULL |
| NULL           | NULL    |       NULL |
| NULL           | NULL    |       NULL |
| NULL           | NULL    |       NULL |
| NULL           | NULL    |       NULL |
| NULL           | NULL    |       NULL |
+----------------+---------+------------+
8 rows in set (0.01 sec)
```

### 4. What is your TiDB version?
```
tidb_version(): Release Version: v5.5.0-alpha-210-g11f4ca802
Edition: Community
Git Commit Hash: 11f4ca802083ee38d5972730ba8f9b72395316fb
Git Branch: master
UTC Build Time: 2022-02-09 22:07:29
GoVersion: go1.17.2
Race Enabled: false
TiKV Min Version: v3.0.0-60965b006877ca7234adaced7890d7b029ed1306
Check Table Before Drop: false
```
