ID: 32544
Title: Inconsistent warning message 
Description:
## Bug Report

Please answer these questions before submitting your issue. Thanks!

### 1. Minimal reproduce step (Required)
```sql
DROP TABLE IF EXISTS t0;
CREATE TABLE t0 (c0 FLOAT);
INSERT INTO t0 VALUES(1);
SELECT c0 FROM t0 WHERE t0.c0 > 'a';
SHOW WARNINGS;
UPDATE t0 SET c0 = 2 WHERE t0.c0 > 'a';
SHOW WARNINGS;
```
<!-- a step by step guide for reproducing the bug. -->

### 2. What did you expect to see? (Required)
I think the warning message should be the same.
### 3. What did you see instead (Required)
```sql
mysql> SELECT c0 FROM t0 WHERE t0.c0 > 'a';
+------+
| c0   |
+------+
|    1 |
+------+
1 row in set, 1 warning (0.00 sec)

mysql> SHOW WARNINGS;
+---------+------+---------------------------------------+
| Level   | Code | Message                               |
+---------+------+---------------------------------------+
| Warning | 1292 | Truncated incorrect DOUBLE value: 'a' |
+---------+------+---------------------------------------+
1 row in set (0.00 sec)

mysql> UPDATE t0 SET c0 = 2 WHERE t0.c0 > 'a';
ERROR 1292 (22007): Truncated incorrect INTEGER value: 'a'
mysql> SHOW WARNINGS;
+-------+------+----------------------------------------+
| Level | Code | Message                                |
+-------+------+----------------------------------------+
| Error | 1292 | Truncated incorrect INTEGER value: 'a' |
+-------+------+----------------------------------------+
1 row in set (0.00 sec)
```
'a' in SELECT is treated as a DOUBLE value, while in UPDATE is an INTEGER value.
### 4. What is your TiDB version? (Required)

<!-- Paste the output of SELECT tidb_version() -->
mysql> SELECT tidb_version();
+----------------------------------------------------------------------------------------------------------------------------------------------------------------------------------------------------------------------------------------------------------------------------------------------------------------------+
| tidb_version()
                               |
+----------------------------------------------------------------------------------------------------------------------------------------------------------------------------------------------------------------------------------------------------------------------------------------------------------------------+
| Release Version: v5.4.0
Edition: Community
Git Commit Hash: 55f3b24c1c9f506bd652ef1d162283541e428872
Git Branch: heads/refs/tags/v5.4.0
UTC Build Time: 2022-01-25 08:39:26
GoVersion: go1.16.4
Race Enabled: false
TiKV Min Version: v3.0.0-60965b006877ca7234adaced7890d7b029ed1306
Check Table Before Drop: false |
+----------------------------------------------------------------------------------------------------------------------------------------------------------------------------------------------------------------------------------------------------------------------------------------------------------------------+
1 row in set (0.00 sec)
