ID: 32588
Title: tidb incorrect error messages  when compared with mysql
Description:
## Bug Report

Please answer these questions before submitting your issue. Thanks!

### 1. Minimal reproduce step (Required)
```sql
drop view if exists v1;
create view v1 as select 5 into @w;
create view v1 as select 5 into outfile 'ttt';
rename table v10 to v22;
```

### 2. What did you expect to see? (Required)
```sql
mysql> create view v1 as select 5 into @w;
ERROR 1350 (HY000): View's SELECT contains a 'INTO' clause

mysql> create view v1 as select 5 into outfile 'ttt';
ERROR 1350 (HY000): View's SELECT contains a 'INTO' clause

mysql> rename table v10 to v22;
ERROR 1146 (42S02): Table 'test.v10' doesn't exist
```
### 3. What did you see instead (Required)
```sql
mysql> create view v1 as select 5 into @w;
ERROR 1064 (42000): You have an error in your SQL syntax; check the manual that corresponds to your TiDB version for the right syntax to use line 1 column 34 near "@w" 

mysql> create view v1 as select 5 into outfile 'ttt';
ERROR 1350 (HY000): View's SELECT contains a 'INFO' clause

mysql> rename table v10 to v22;
ERROR 1017 (HY000): Can't find file: 'test' (errno: {%!d(string=v10) %!d(string=v10)} - %!s(MISSING))
```
### 4. What is your TiDB version? (Required)
```sql
| Release Version: v5.5.0-alpha-182-gad9430039
Edition: Community
Git Commit Hash: ad9430039f54bb9af78d44831c176bc5eafcbba0
Git Branch: master
UTC Build Time: 2022-02-18 17:57:13
GoVersion: go1.17.2
Race Enabled: false
TiKV Min Version: v3.0.0-60965b006877ca7234adaced7890d7b029ed1306
Check Table Before Drop: false |
```

