ID: 33124
Title: create role and create user with gbk charset discrepancies 
Description:
## Bug Report

Please answer these questions before submitting your issue. Thanks!

### 1. Minimal reproduce step (Required)

```sql
set names gbk;
create role 啊@localhost;
create user ' 啊'@'localhost';
select user from mysql.user;
```

### 2. What did you expect to see? (Required)
```sql
mysql> create role 啊@localhost;
Query OK, 0 rows affected (0.00 sec)

mysql> create user ' 啊'@'localhost';
Query OK, 0 rows affected (0.00 sec)

mysql> select user from mysql.user ;
+------------------+
| user             |
+------------------+
| 啊@localhost     |
| ?                 |
| root             |
```
### 3. What did you see instead (Required)
```sql
mysql> create role 啊@localhost;
Query OK, 0 rows affected, 1 warning (0.00 sec)
mysql> show warnings;
+---------+------+------------------------------------+
| Level   | Code | Message                            |
+---------+------+------------------------------------+
| Warning | 1300 | Invalid gbk character string: '8A' 

mysql> create user ' 啊'@'localhost';
ERROR 1300 (HY000): Invalid gbk character string: '8A'
+------+
| user |
+------+
| root |
| ??    |
+------+
2 rows in set (0.00 sec)
```
### 4. What is your TiDB version? (Required)

<!-- Paste the output of SELECT tidb_version() -->
```sql
| Release Version: v6.0.0-alpha-62-g15ddcd085
Edition: Community
Git Commit Hash: 15ddcd085a8be0f97c1b5ce1e5397369c3061372
Git Branch: master
UTC Build Time: 2022-03-15 15:49:18
GoVersion: go1.17.2
Race Enabled: false
TiKV Min Version: v3.0.0-60965b006877ca7234adaced7890d7b029ed1306
Check Table Before Drop: false |
```
