ID: 34228
Title:  analyze table report error when usingd dynamic partition_prun_mode
Description:
version:v5.2.3
 analyze table report error when usingd dynamic partition_prun_mode
mysql> set @@session.tidb_partition_prune_mode = ‘static’;
Query OK, 0 rows affected (0.00 sec)

mysql> analyze table oracle_cb_metric_dbtime;
Query OK, 0 rows affected (13.97 sec)

mysql> set @@session.tidb_partition_prune_mode = ‘dynamic’;
Query OK, 0 rows affected (0.00 sec)

mysql> analyze table oracle_cb_metric_dbtime;
ERROR 1105 (HY000): invalid encoded key flag 9
mysql> set @@session.tidb_partition_prune_mode = ‘static’;
Query OK, 0 rows affected (0.00 sec)

mysql> analyze table oracle_cb_metric_dbtime;
Query OK, 0 rows affected (14.06 sec)

mysql> set @@session.tidb_partition_prune_mode = ‘dynamic’;
Query OK, 0 rows affected (0.00 sec)

mysql> analyze table oracle_cb_metric_dbtime;
ERROR 1105 (HY000): invalid encoded key flag 9
mysql>