ID: 38739
Title: Drop partition table's partition-key column error message not compatible with MySQL
Description:
## Bug Report

Please answer these questions before submitting your issue. Thanks!

### 1. Minimal reproduce step (Required)

mysql> create table t1 (a tinyint, b char) partition by range (a) ( partition p0 values less than (10) );
mysql> alter table t1 drop column a;

<!-- a step by step guide for reproducing the bug. -->

### 2. What did you expect to see? (Required)


mysql> create table t1 (a tinyint, b char) partition by range (a) ( partition p0 values less than (10) );
Query OK, 0 rows affected (0.04 sec)

mysql> alter table t1 drop column a;
ERROR 3855 (HY000): Column 'a' has a partitioning function dependency and cannot be dropped or renamed.

### 3. What did you see instead (Required)

mysql> create table t1 (a tinyint, b char) partition by range (a) ( partition p0 values less than (10) );
Query OK, 0 rows affected (0.11 sec)

mysql> alter table t1 drop column a;
ERROR 1054 (42S22): Unknown column 'a' in 'expression'

### 4. What is your TiDB version? (Required)

<!-- Paste the output of SELECT tidb_version() -->

mysql> SELECT tidb_version(); 
+------------------------------------------------------------------------------------------------------------------------------------------------------------------------------------------------------------------------------------------------------------------------------------------------------+
| tidb_version()                                                                                                                                                                                                                                                                                       |
+------------------------------------------------------------------------------------------------------------------------------------------------------------------------------------------------------------------------------------------------------------------------------------------------------+
| Release Version: v6.4.0-alpha-75-g61eed5c-dirty
Edition: Community
Git Commit Hash: 61eed5c362048c69771e9476c54fcb6411381670
Git Branch: newsql
UTC Build Time: 2022-10-29 05:13:10
GoVersion: go1.19.2
Race Enabled: false
TiKV Min Version: 6.2.0-alpha
Check Table Before Drop: false
Store: tikv |
+------------------------------------------------------------------------------------------------------------------------------------------------------------------------------------------------------------------------------------------------------------------------------------------------------+
1 row in set (0.00 sec)