ID: 41048
Title: case-sensitive when grant & revoke
Description:
## Bug Report

Please answer these questions before submitting your issue. Thanks!

### 1. Minimal reproduce step (Required)

mysql> show tables;
Empty set (0.00 sec)

mysql> create table public.TEST(id int);
Query OK, 0 rows affected (0.16 sec)

mysql> show tables;
+------------------+
| Tables_in_public |
+------------------+
| TEST             |
+------------------+
1 row in set (0.01 sec)

mysql> GRANT SELECT ON public.test TO 'root'@'%';
Query OK, 0 rows affected (0.03 sec)

mysql> revoke SELECT ON public.test from 'root'@'%';       
ERROR 1105 (HY000): get table privilege fail for root % public TEST
mysql> 
mysql> revoke SELECT ON public.TEST from 'root'@'%';    
ERROR 1105 (HY000): There is no such grant defined for user 'root' on host '%' on table public.TEST
mysql> 

### 2. What did you expect to see? (Required)
case-insensitive when grant & revoke
### 3. What did you see instead (Required)
case-sensitive when grant & revoke
### 4. What is your TiDB version? (Required)
mysql> select version();
+--------------------+
| version()          |
+--------------------+
| 5.7.25-TiDB-v6.5.0 |
+--------------------+
1 row in set (0.00 sec)

mysql> 


