ID: 41142
Title: ddl: column type change should have some warnings
Description:
## Bug Report

Please answer these questions before submitting your issue. Thanks!

### 1. Minimal reproduce step (Required)

<!-- a step by step guide for reproducing the bug. -->
MySQL
```
mysql> create table t (a int, b int, c decimal(12,2), index idx1(a), unique idx2(a), index idx3(a, b), index idx4(a, b, c) invisible);
Query OK, 0 rows affected (0.08 sec)

mysql> insert into t values(3000,3000,3000);
Query OK, 1 row affected (0.02 sec)

mysql> insert into t values(3001,3001,3001);
Query OK, 1 row affected (0.03 sec)

mysql> insert into t values(3002,3002,3002);
Query OK, 1 row affected (0.01 sec)

mysql> alter table t modify a tinyint;
ERROR 1264 (22003): Out of range value for column 'a' at row 1
mysql> alter table t drop index idx2;
Query OK, 0 rows affected (0.04 sec)
Records: 0  Duplicates: 0  Warnings: 0

mysql> alter table t modify a tinyint;
ERROR 1264 (22003): Out of range value for column 'a' at row 1
mysql> set @@sql_mode="";
Query OK, 0 rows affected (0.01 sec)

mysql> alter table t modify a tinyint;
Query OK, 3 rows affected, 3 warnings (0.05 sec)
Records: 3  Duplicates: 0  Warnings: 3
```
tidb
```
...

tidb> alter table t modify a tinyint;
Query OK, 0 rows affected, 1 warning (0.17 sec)

```


### 2. What did you expect to see? (Required)
should have 3 warnings

### 3. What did you see instead (Required)
1

### 4. What is your TiDB version? (Required)

<!-- Paste the output of SELECT tidb_version() -->
master
