ID: 45792
Title: ERROR 1467 (HY000): Failed to read auto-increment value from storage engine
Description:
```
mysql> create table t8 (a bigint auto_increment primary key nonclustered) SHARD_ROW_ID_BITS=4 PRE_SPLIT_REGIONS=3;
Query OK, 0 rows affected (0.14 sec)
mysql> show create table t8;
+-------+-------------------------------------------------------------------------------------------------------------------------------------------------------------------------------------------------------------------------------------+
| Table | Create Table                                                                                                                                                                                                                        |
+-------+-------------------------------------------------------------------------------------------------------------------------------------------------------------------------------------------------------------------------------------+
| t8    | CREATE TABLE `t8` (
  `a` bigint(20) NOT NULL AUTO_INCREMENT,
  PRIMARY KEY (`a`) /*T![clustered_index] NONCLUSTERED */
) ENGINE=InnoDB DEFAULT CHARSET=utf8mb4 COLLATE=utf8mb4_bin /*T! SHARD_ROW_ID_BITS=4 PRE_SPLIT_REGIONS=3 */ |
+-------+-------------------------------------------------------------------------------------------------------------------------------------------------------------------------------------------------------------------------------------+
1 row in set (0.01 sec)

mysql> insert into t8 values();
Query OK, 1 row affected (0.02 sec)

mysql> insert into t8 values(166666666666666666666);
ERROR 1264 (22003): Out of range value for column 'a' at row 1
mysql> insert into t8 values(1666666666666666666);
ERROR 1467 (HY000): Failed to read auto-increment value from storage engine
mysql> insert into t8 values();
ERROR 1467 (HY000): Failed to read auto-increment value from storage engine
mysql> set @@tidb_allow_remove_auto_inc = true;
Query OK, 0 rows affected (0.00 sec)

mysql> alter table t8 modify column a bigint;
Query OK, 0 rows affected (0.12 sec)

mysql> insert into t8 values(555);
ERROR 1467 (HY000): Failed to read auto-increment value from storage engine
```
version:
| Release Version: v6.5.3

why return this error