ID: 46041
Title: Table with `gbk` column can have TiFlash replica using `alter table add column xxx`
Description:
## Bug Report

Please answer these questions before submitting your issue. Thanks!

### 1. Minimal reproduce step (Required)
```
mysql> create table tgbk (id int) charset = gbk;
Query OK, 0 rows affected (0.21 sec)
mysql> alter table tgbk set tiflash replica 1;
Query OK, 0 rows affected (0.25 sec)

mysql> select * from information_schema.tiflash_replica where table_name = 'tgbk';
+--------------+------------+----------+---------------+-----------------+-----------+----------+
| TABLE_SCHEMA | TABLE_NAME | TABLE_ID | REPLICA_COUNT | LOCATION_LABELS | AVAILABLE | PROGRESS |
+--------------+------------+----------+---------------+-----------------+-----------+----------+
| test         | tgbk       |     1912 |             1 |                 |         1 |        1 |
+--------------+------------+----------+---------------+-----------------+-----------+----------+
1 row in set (0.02 sec)

mysql> alter table tgbk add column c1 varchar(10);
Query OK, 0 rows affected (0.60 sec)

mysql> show create table tgbk;
+-------+-----------------------------------------------------------------------------------------------------------------------------------------------+
| Table | Create Table                                                                                                                                  |
+-------+-----------------------------------------------------------------------------------------------------------------------------------------------+
| tgbk  | CREATE TABLE `tgbk` (
  `id` int(11) DEFAULT NULL,
  `c1` varchar(10) DEFAULT NULL
) ENGINE=InnoDB DEFAULT CHARSET=gbk COLLATE=gbk_chinese_ci |
+-------+-----------------------------------------------------------------------------------------------------------------------------------------------+
1 row in set (0.00 sec)

mysql> select * from information_schema.tiflash_replica where table_name = 'tgbk';
+--------------+------------+----------+---------------+-----------------+-----------+----------+
| TABLE_SCHEMA | TABLE_NAME | TABLE_ID | REPLICA_COUNT | LOCATION_LABELS | AVAILABLE | PROGRESS |
+--------------+------------+----------+---------------+-----------------+-----------+----------+
| test         | tgbk       |     1912 |             1 |                 |         1 |        1 |
+--------------+------------+----------+---------------+-----------------+-----------+----------+
1 row in set (0.00 sec)
```
<!-- a step by step guide for reproducing the bug. -->

### 2. What did you expect to see? (Required)
TiFlash does not support gbk encoding, TiDB should throw error when user trying to create tiflash replica for a table containing gbk columns. In this case, it is ok for the first ` alter table tgbk set tiflash replica 1;`, but TiDB should throw error for `alter table tgbk add column c1 varchar(10);` because it will add a gbk column for a table with tiflash replica.
### 3. What did you see instead (Required)

### 4. What is your TiDB version? (Required)

<!-- Paste the output of SELECT tidb_version() -->

