ID: 4750
Title: alias correlated variable in subquery  failed.
Description:
MySQL:

```
mysql> CREATE TABLE t1 (a INT, b INT);
Query OK, 0 rows affected (0.02 sec)

mysql> SELECT 1 FROM t1 as t1_outer GROUP BY a HAVING (SELECT t1_outer.a FROM t1 AS t1_inner GROUP BY b LIMIT 1);
Empty set (0.00 sec)
```

TiDB:
```
mysql> CREATE TABLE t1 (a INT, b INT);
Query OK, 0 rows affected (0.09 sec)

mysql> SELECT 1 FROM t1 as t1_outer GROUP BY a    HAVING (SELECT t1_outer.a FROM t1 AS t1_inner GROUP BY b LIMIT 1);
ERROR 1054 (42S22): Unknown column 't1_outer.a' in 'field list'
```

4. What version of TiDB are you using (`tidb-server -V`)?

```
mysql> select tidb_version();
+-----------------------------------------------------------------------------------------------------------------------------------------+
| tidb_version()                                                                                                                          |
+-----------------------------------------------------------------------------------------------------------------------------------------+
| Release Version: 0.9.0
Git Commit Hash: a7aaa64c76b5a1e5bb66caf94b888515cc334cf1
Git Branch: master
UTC Build Time: 2017-10-10 08:44:43 |
+-----------------------------------------------------------------------------------------------------------------------------------------+
1 row in set (0.00 sec)
```