ID: 48038
Title: Constraint name uniqueness is not enforced for check constraints
Description:
## Bug Report

Not enforcing the same name uniqueness as MySQL might cause issues with compatibility leading to migration and/or replication (TiCDC) issues.

### 1. Minimal reproduce step (Required)

```sql
CREATE TABLE t1 (id INT PRIMARY KEY, CONSTRAINT c1 CHECK (id<50));
CREATE TABLE t2 (id INT PRIMARY KEY, CONSTRAINT c1 CHECK (id<50));
```

### 2. What did you expect to see? (Required)

On MySQL 8.2.0:
```
sql> CREATE TABLE t1 (id INT PRIMARY KEY, CONSTRAINT c1 CHECK (id<50));
Query OK, 0 rows affected (0.0505 sec)

sql> CREATE TABLE t2 (id INT PRIMARY KEY, CONSTRAINT c1 CHECK (id<50));
ERROR: 3822 (HY000): Duplicate check constraint name 'c1'.
```

### 3. What did you see instead (Required)

On TiDB:
```
sql> SET GLOBAL tidb_enable_check_constraint=ON;
Query OK, 0 rows affected (0.0080 sec)

sql> CREATE TABLE t1 (id INT PRIMARY KEY, CONSTRAINT c1 CHECK (id<50));
Query OK, 0 rows affected (0.0254 sec)

sql> CREATE TABLE t2 (id INT PRIMARY KEY, CONSTRAINT c1 CHECK (id<50));
Query OK, 0 rows affected (0.0182 sec)
```
### 4. What is your TiDB version? (Required)

<!-- Paste the output of SELECT tidb_version() -->
```
Release Version: v7.6.0-alpha-23-gdfd9080bcf-dirty
Edition: Community
Git Commit Hash: dfd9080bcf49083e52d6cb714668da9b881dc54d
Git Branch: master
UTC Build Time: 2023-10-27 06:35:10
GoVersion: go1.21.0
Race Enabled: false
Check Table Before Drop: false
Store: unistore
1 row in set (0.0009 sec)
```