ID: 51634
Title: alter table t partitioning with unique index which not include partition columns should be forbiden
Description:
## Bug Report

Please answer these questions before submitting your issue. Thanks!

### 1. Minimal reproduce step (Required)

<!-- a step by step guide for reproducing the bug. -->

```
drop table if exists t;
create table t(a int, b int, unique idx_b(b));
alter table t partition by hash(a) partitions 3;
insert into t values (1,1), (2,1), (3, 1);
```

### 2. What did you expect to see? (Required)

return error.

### 3. What did you see instead (Required)

```
mysql> drop table t;
Query OK, 0 rows affected (0.28 sec)

mysql> drop table if exists t;
Query OK, 0 rows affected, 1 warning (0.01 sec)

mysql> create table t(a int, b int, unique idx_b(b));
alter table t partition by hash(a) partitions 3;Query OK, 0 rows affected (0.12 sec)

mysql> alter table t partition by hash(a) partitions 3;
Query OK, 0 rows affected, 1 warning (2.02 sec)

mysql>  insert into t values (1,1), (2,1), (3, 1);
Query OK, 3 rows affected (0.01 sec)
Records: 3  Duplicates: 0  Warnings: 0

mysql> select b from t;
+------+
| b    |
+------+
|    1 |
|    1 |
|    1 |
+------+
3 rows in set (0.00 sec)
```

### 4. What is your TiDB version? (Required)

<!-- Paste the output of SELECT tidb_version() -->

master
