ID: 51762
Title: can't exchange partition for table create fk then drop fk
Description:
## Bug Report

Please answer these questions before submitting your issue. Thanks!

### 1. Minimal reproduce step (Required)
```
create table pt36 (id int not null primary key auto_increment,t_id int not null) partition by hash(id) partitions 1;
create table nt36 (id int not null primary key auto_increment, t_id int not null,foreign key fk_id (t_id) references pt36(id));
ALTER TABLE nt36 DROP FOREIGN KEY fk_id;
alter table pt36 exchange partition p0 with table nt36;
```
<!-- a step by step guide for reproducing the bug. -->

### 2. What did you expect to see? (Required)
Success
### 3. What did you see instead (Required)
```
mysql> use test
Database changed
mysql> create table pt36 (id int not null primary key auto_increment,t_id int not null) partition by hash(id) partitions 1;
create table nt36 (id int not null primary key auto_increment, t_id int not null,foreign key fk_id (t_id) references pt36(id));
ALTER TABLE nt36 DROP FOREIGN KEY fk_id;
alter table pt36 exchange partition p0 with table nt36;Query OK, 0 rows affected (0.17 sec)

mysql> create table nt36 (id int not null primary key auto_increment, t_id int not null,foreign key fk_id (t_id) references pt36(id));
Query OK, 0 rows affected (0.45 sec)

mysql> ALTER TABLE nt36 DROP FOREIGN KEY fk_id;
Query OK, 0 rows affected (0.34 sec)

mysql> alter table pt36 exchange partition p0 with table nt36;
ERROR 1740 (HY000): Table to exchange with partition has foreign key references: 'nt36'
```
### 4. What is your TiDB version? (Required)

<!-- Paste the output of SELECT tidb_version() -->
v6.5.5
