ID: 52644
Title: UnionExec sometimes receives data truncated error from children when casting string to decimal
Description:
## Bug Report

Please answer these questions before submitting your issue. Thanks!

### 1. Minimal reproduce step (Required)
```
USE TEST;
CREATE TABLE `test1` (
  `bglac` varchar(21) DEFAULT NULL
) ENGINE=InnoDB DEFAULT CHARSET=utf8mb4 COLLATE=utf8mb4_bin;

CREATE TABLE `test` (
  `id` int(11) DEFAULT NULL,
  `bglac` varchar(21) DEFAULT NULL
) ENGINE=InnoDB DEFAULT CHARSET=utf8mb4 COLLATE=utf8mb4_bin
PARTITION BY HASH (`id`) PARTITIONS 3;

```

Unable to reproduce steadily when not in transaction:
```
insert into test values(1,'11,11');
insert into test1(bglac) select  sum(convert(ifnull(bglac, 0), decimal(21,3))) from test;
```
Reproduce steadily when in transaction using UnionScan:
```
begin;
insert into test values(1,'11,11');
insert into test1(bglac) select  sum(convert(ifnull(bglac, 0), decimal(21,3))) from test;
```

### 2. What did you expect to see? (Required)

No error.

### 3. What did you see instead (Required)

Sometimes report error if insert is not in transaction:
```
mysql> insert into test1(bglac) select  sum(convert(ifnull(bglac, 0), decimal(21,3))) from test;
ERROR 1265 (01000): Data truncated for column '%s' at row %d
mysql> insert into test1(bglac) select  sum(convert(ifnull(bglac, 0), decimal(21,3))) from test;
Query OK, 1 row affected, 1 warning (0.01 sec)
Records: 1  Duplicates: 0  Warnings: 1
```

Always report error in transaction:
```
mysql> begin;
Query OK, 0 rows affected (0.00 sec)
mysql> insert into test values(1,'11,11');
Query OK, 1 row affected (0.00 sec)
mysql> insert into test1(bglac) select  sum(convert(ifnull(bglac, 0), decimal(21,3))) from test;
ERROR 1265 (01000): Data truncated for column '%s' at row %d
```
### 4. What is your TiDB version? (Required)

v6.5.2

