ID: 53799
Title: Incomplete and incorrect errors for arguments of JSON functions
Description:
## Bug Report

Some JSON functions have errors where:
- The error text differs from MySQL
- The error has an incorrect number of arguments for the message
- The error has an error code that differs from MySQL

### 1. Minimal reproduce step (Required)

```
SELECT JSON_CONTAINS(123, '');
SELECT JSON_CONTAINS('{}', 123);
SELECT JSON_OVERLAPS(123, '');
SELECT JSON_OVERLAPS('{}', 123);
SELECT 'abc' MEMBER OF(123);
```
<!-- a step by step guide for reproducing the bug. -->

### 2. What did you expect to see? (Required)

With MySQL 8.4.0

```
mysql> SELECT JSON_CONTAINS(123, '');
ERROR 3146 (22032): Invalid data type for JSON data in argument 1 to function json_contains; a JSON string or JSON type is required.
mysql> SELECT JSON_CONTAINS('{}', 123);
ERROR 3146 (22032): Invalid data type for JSON data in argument 2 to function json_contains; a JSON string or JSON type is required.
mysql> SELECT JSON_OVERLAPS(123, '');
ERROR 3146 (22032): Invalid data type for JSON data in argument 1 to function json_overlaps; a JSON string or JSON type is required.
mysql> SELECT JSON_OVERLAPS('{}', 123);
ERROR 3146 (22032): Invalid data type for JSON data in argument 2 to function json_overlaps; a JSON string or JSON type is required.
mysql> SELECT 'abc' MEMBER OF(123);
ERROR 3146 (22032): Invalid data type for JSON data in argument 2 to function member of; a JSON string or JSON type is required.
```

### 3. What did you see instead (Required)

```
mysql> SELECT JSON_CONTAINS(123, '');
ERROR 3069 (22032): Invalid JSON data provided to function %!s(int=1): json_contains
mysql> SELECT JSON_CONTAINS('{}', 123);
ERROR 3069 (22032): Invalid JSON data provided to function %!s(int=2): json_contains
mysql> SELECT JSON_OVERLAPS(123, '');
ERROR 3069 (22032): Invalid JSON data provided to function %!s(int=1): json_overlaps
mysql> SELECT JSON_OVERLAPS('{}', 123);
ERROR 3069 (22032): Invalid JSON data provided to function %!s(int=2): json_overlaps
mysql> SELECT 'abc' MEMBER OF(123);
ERROR 3069 (22032): Invalid JSON data provided to function %!s(int=2): member of
```

### 4. What is your TiDB version? (Required)

<!-- Paste the output of SELECT tidb_version() -->
```
Release Version: v8.1.0
Edition: Community
Git Commit Hash: 945d07c5d5c7a1ae212f6013adfb187f2de24b23
Git Branch: HEAD
UTC Build Time: 2024-05-21 03:51:57
GoVersion: go1.21.10
Race Enabled: false
Check Table Before Drop: false
Store: tikv
```
