ID: 57675
Title: unexpected overflow error during insert into the partition table
Description:
## Bug Report

Please answer these questions before submitting your issue. Thanks!

### 1. Minimal reproduce step (Required)

<!-- a step by step guide for reproducing the bug. -->
``` SQL
create table tb (s char(10), b bit(48), bb blob(6)) partition by hash (b) partitions 16;
insert into tb values ('\0\b\n\r\t\Z', _binary '\0\b\n\r\t\Z', unhex('00080A0D091A'));
```

### 2. What did you expect to see? (Required)

MySQL:
``` sql
mysql> create table tb (s char(10), b bit(48), bb blob(6)) partition by hash (b) partitions 16;
Query OK, 0 rows affected (0.11 sec)

mysql> insert into tb values ('\0\b\n\r\t\Z', _binary '\0\b\n\r\t\Z', unhex('00080A0D091A'));
Query OK, 1 row affected (0.03 sec)

mysql> select * from tb;
+--------+----------------+----------------+
| s      | b              | bb             |
+--------+----------------+----------------+
|
	 | 0x00080A0D091A | 0x00080A0D091A |
+--------+----------------+----------------+
1 row in set (0.01 sec)
```

### 3. What did you see instead (Required)

``` SQL
mysql> create table tb (s char(10), b bit(48), bb blob(6)) partition by hash (b) partitions 16;
Query OK, 0 rows affected (0.04 sec)

mysql> insert into tb values ('\0\b\n\r\t\Z', _binary '\0\b\n\r\t\Z', unhex('00080A0D091A'));
ERROR 1690 (22003): constant 34528364826 overflows int
```

### 4. What is your TiDB version? (Required)
master
<!-- Paste the output of SELECT tidb_version() -->

