ID: 57860
Title: Fail to execute statement when not using expr_pushdown_blacklist
Description:
## Bug Report

Please answer these questions before submitting your issue. Thanks!

### 1. Minimal reproduce step (Required)
```sql
create table `t0` (`a` timestamp);
insert into `t0` values ('1970-07-23 10:04:59'),('2038-01-19 03:14:07');

insert into mysql.expr_pushdown_blacklist values('=', 'tikv', '');
admin reload expr_pushdown_blacklist;
select * from `t0` where date_sub(`a`, interval 10 month)=date_sub('1970-07-23 10:04:59', interval 10 month);
delete from mysql.expr_pushdown_blacklist;
admin reload expr_pushdown_blacklist;
select * from `t0` where date_sub(`a`, interval 10 month)=date_sub('1970-07-23 10:04:59', interval 10 month);

```

<!-- a step by step guide for reproducing the bug. -->

### 2. What did you expect to see? (Required)

Statements executed successfully.

### 3. What did you see instead (Required)

```sql
mysql> insert into mysql.expr_pushdown_blacklist values('=', 'tikv', '');
Query OK, 1 row affected (0.01 sec)

mysql> admin reload expr_pushdown_blacklist;
Query OK, 0 rows affected (0.04 sec)

mysql> select * from `t0` where date_sub(`a`, interval 10 month)=date_sub('1970-07-23 10:04:59', interval 10 month);
+---------------------+
| a                   |
+---------------------+
| 1970-07-23 10:04:59 |
+---------------------+
1 row in set (0.00 sec)

mysql> delete from mysql.expr_pushdown_blacklist;
Query OK, 2 rows affected (0.04 sec)

mysql> admin reload expr_pushdown_blacklist;
Query OK, 0 rows affected (0.03 sec)

mysql> select * from `t0` where date_sub(`a`, interval 10 month)=date_sub('1970-07-23 10:04:59', interval 10 month);
ERROR 1105 (HY000): other error: [components/tidb_query_expr/src/lib.rs:857]: ScalarFunction SubDateDatetimeInt is not supported in batch mode
```

### 4. What is your TiDB version? (Required)
```sql
Release Version: v8.5.0-alpha-79-g426ce3e570
Edition: Community
Git Commit Hash: 426ce3e57069afbd8f061d7ae39c79d3f9e2ff5d
Git Branch: master
UTC Build Time: 2024-11-09 12:25:03
GoVersion: go1.23.0
Race Enabled: false
Check Table Before Drop: false
Store: tikv 
```

<!-- Paste the output of SELECT tidb_version() -->

