ID: 58369
Title: The behavior when inserting BIT data is inconsistent with MySQL.
Description:
## Bug Report

Please answer these questions before submitting your issue. Thanks!

### 1. Minimal reproduce step (Required)

<!-- a step by step guide for reproducing the bug. -->

```sql
DROP TABLE IF EXISTS t0;
CREATE TABLE IF NOT EXISTS t0(c0 BLOB  NULL, c1 BIT(46))  PARTITION BY HASH(c1) partitions 14;
INSERT INTO t0(c0, c1) VALUES("q~", b'0011100001100111111101101100100111001001110');

```

### 2. What did you expect to see? (Required)

Mysql behavior
```sql
mysql> DROP TABLE IF EXISTS t0;
Query OK, 0 rows affected (0.04 sec)

mysql> CREATE TABLE IF NOT EXISTS t0(c0 BLOB  NULL, c1 BIT(46))  PARTITION BY HASH(c1) partitions 14;
Query OK, 0 rows affected (0.04 sec)

mysql> INSERT INTO t0(c0, c1) VALUES("q~", b'0011100001100111111101101100100111001001110');
Query OK, 1 row affected (0.01 sec)

mysql> SELECT VERSION();
+-----------+
| VERSION() |
+-----------+
| 8.4.1     |
+-----------+
1 row in set (0.00 sec)
```

### 3. What did you see instead (Required)
TiDB behavior
```sql
mysql> DROP TABLE IF EXISTS t0;
Query OK, 0 rows affected (0.25 sec)

mysql> CREATE TABLE IF NOT EXISTS t0(c0 BLOB  NULL, c1 BIT(46))  PARTITION BY HASH(c1) partitions 14;
Query OK, 0 rows affected (0.09 sec)

mysql> INSERT INTO t0(c0, c1) VALUES("q~", b'0011100001100111111101101100100111001001110');
ERROR 1690 (22003): constant 1938099162702 overflows int
```

### 4. What is your TiDB version? (Required)

<!-- Paste the output of SELECT tidb_version() -->
+----------------------------------------------------------------------------------------------------------------------------------------------------------------------------------------------------------------------------------------------+
| tidb_version()
                                                                                                                       |
+----------------------------------------------------------------------------------------------------------------------------------------------------------------------------------------------------------------------------------------------+
| Release Version: v8.4.0
Edition: Community
Git Commit Hash: 1a9f0fa25580907d3266dc3edf000ba24379a600
Git Branch: HEAD
UTC Build Time: 2024-11-07 15:18:43
GoVersion: go1.23.2
Race Enabled: false
Check Table Before Drop: false
Store: tikv |
+----------------------------------------------------------------------------------------------------------------------------------------------------------------------------------------------------------------------------------------------+
