ID: 59731
Title: auto_increment failed to execute when type convert
Description:
## Bug Report

Please answer these questions before submitting your issue. Thanks!

### 1. Minimal reproduce step (Required)

<!-- a step by step guide for reproducing the bug. -->



Alter table change to AUTO_INCREMENT should be executed normally.



### 2. What did you expect to see? (Required)

```sql
mysql> CREATE TABLE table1 (
                        pkId int DEFAULT NULL,
                        pkAttr0 int NOT NULL AUTO_INCREMENT,
                        PRIMARY KEY (pkAttr0)) ;
-- ok

mysql> alter table table1 AUTO_INCREMENT = 755;
-- ok

mysql> alter table table1 change pkAttr0 pkAttr0 smallint AUTO_INCREMENT;
-- ok
```



MySQL v8.4 can correctly change auto_increment.



### 3. What did you see instead (Required)

```sql
mysql> CREATE TABLE table1 (
                        pkId int DEFAULT NULL,
                        pkAttr0 int NOT NULL AUTO_INCREMENT,
                        PRIMARY KEY (pkAttr0)) ;
-- ok

mysql> alter table table1 AUTO_INCREMENT = 755;
-- ok

mysql> alter table table1 change pkAttr0 pkAttr0 smallint AUTO_INCREMENT;
-- [HY000][8200] Unsupported modify column: this column has primary key flag
```



But TiDB v8.5 can not handle these changes.



### 4. What is your TiDB version? (Required)

<!-- Paste the output of SELECT tidb_version() -->

TiDB v8.5

```
Release Version: v8.5.0
Edition: Community
Git Commit Hash: d13e52ed6e22cc5789bed7c64c861578cd2ed55b
Git Branch: HEAD
UTC Build Time: 2024-12-18 02:26:06
GoVersion: go1.23.3
Race Enabled: false
Check Table Before Drop: false
Store: tikv
```









