ID: 7791
Title: show create table result not correct when the table with a compression option
Description:
## Bug Report

Please answer these questions before submitting your issue. Thanks!

1. What did you do?
If possible, provide a recipe for reproducing the error.
```sql
mysql> CREATE TABLE t1 (c1 INT) COMPRESSION="zlib";
Query OK, 0 rows affected (0.12 sec)

mysql> show create table t1;
```

2. What did you expect to see?
```sql
mysql> show create table t1;
+-------+---------------------------------------------------------------------------------------------------------+
| Table | Create Table                                                                                            |
+-------+---------------------------------------------------------------------------------------------------------+
| t1    | CREATE TABLE `t1` (
  `c1` int(11) DEFAULT NULL
) ENGINE=InnoDB DEFAULT CHARSET=utf8 COMPRESSION='zlib' |
+-------+---------------------------------------------------------------------------------------------------------+
1 row in set (0.00 sec)
```

3. What did you see instead?
```sql
mysql> CREATE TABLE t1 (c1 INT) COMPRESSION="zlib";
Query OK, 0 rows affected (0.12 sec)

mysql> show create table t1;
+-------+--------------------------------------------------------------------------------------------------------------------------+
| Table | Create Table                                                                                                             |
+-------+--------------------------------------------------------------------------------------------------------------------------+
| t1    | CREATE TABLE `t1` (
  `c1` int(11) DEFAULT NULL
) ENGINE=InnoDB DEFAULT CHARSET=utf8 COLLATE=utf8_bin COMPRESSION=`zlib` |
+-------+--------------------------------------------------------------------------------------------------------------------------+
1 row in set (0.00 sec)

mysql> drop table t1;
Query OK, 0 rows affected (0.02 sec)

mysql> CREATE TABLE `t1` (
    ->   `c1` int(11) DEFAULT NULL
    -> ) ENGINE=InnoDB DEFAULT CHARSET=utf8 COLLATE=utf8_bin COMPRESSION=`zlib`;
ERROR 1105 (HY000): line 3 column 73 near "" (total length 120)
```


4. What version of TiDB are you using (`tidb-server -V` or run `select tidb_version();` on TiDB)?
eb0c6636cd0c8688cd351793838e476ac951d2f2
