ID: 8074
Title: PREPARE stmt fail or return wrong error type
Description:
## Bug Report

Please answer these questions before submitting your issue. Thanks!

1. What did you do?
```
mysql> use test;
Database changed
mysql> SET @sql = 'update  ep_performance_team_score_bak set criticism=5 where id=?';
Query OK, 0 rows affected (0.00 sec)

mysql> PREPARE stmt FROM @sql;
ERROR 1105 (HY000): Can not prepare multiple statements
```

2. What did you expect to see?
```
mysql> use test;
Database changed
mysql> SET @sql = 'update  ep_performance_team_score_bak set criticism=5 where id=?';
Query OK, 0 rows affected (0.00 sec)

mysql> PREPARE stmt FROM @sql;
ERROR 1146 (42S02): Table 'test.ep_performance_team_score_bak' doesn't exist
```


3. What did you see instead?
see 1.


4. What version of TiDB are you using (`tidb-server -V` or run `select tidb_version();` on TiDB)?
```
mysql> select tidb_version();
+------------------------------------------------------------------------------------------------------------------------------------------------------------------------------------------------------------------+
| tidb_version()                                                                                                                                                                                                   |
+------------------------------------------------------------------------------------------------------------------------------------------------------------------------------------------------------------------+
| Release Version: v2.0.7
Git Commit Hash: 29ec059cb3b7d14b6f52c2f219f94a89570162bc
Git Branch: HEAD
UTC Build Time: 2018-10-27 09:51:17
GoVersion: go version go1.10.1 linux/amd64
TiKV Min Version: 2.0.0-rc.4.1 |
+------------------------------------------------------------------------------------------------------------------------------------------------------------------------------------------------------------------+
1 row in set (0.00 sec)
```
