ID: 8203
Title: error message incompatible with MySQL
Description:
## Description
## Bug Report

Please answer these questions before submitting your issue. Thanks!

1. What did you do?

In TiDB:
```
mysql> CREATE TABLE `table100_int_autoinc` (
    ->   `col_date` date DEFAULT NULL,
    ->   `col_int_not_null_key` int(11) NOT NULL,
    ->   `pk` int(11) NOT NULL AUTO_INCREMENT,
    ->   `col_int_unsigned_not_null` int(10) unsigned NOT NULL,
    ->   PRIMARY KEY (`pk`),
    ->   KEY `col_int_not_null_key` (`col_int_not_null_key`)
    -> ) ENGINE=InnoDB AUTO_INCREMENT=101 DEFAULT CHARSET=latin1;
Query OK, 0 rows affected (0.04 sec)

mysql> INSERT INTO `table100_int_autoinc` VALUES ('2010-00-20',4,4,3);
ERROR 1292 (22007): Incorrect datetime value: '2010-00-20'
mysql> select version();
+--------------------------------------+
| version()                            |
+--------------------------------------+
| 5.7.10-TiDB-v2.1.0-rc.3-147-g379ee5b |
+--------------------------------------+
1 row in set (0.00 sec)
```

2. What did you expect to see?

In MySQL:
```
mysql> CREATE TABLE `table100_int_autoinc` (
    ->   `col_date` date DEFAULT NULL,
    ->   `col_int_not_null_key` int(11) NOT NULL,
    ->   `pk` int(11) NOT NULL AUTO_INCREMENT,
    ->   `col_int_unsigned_not_null` int(10) unsigned NOT NULL,
    ->   PRIMARY KEY (`pk`),
    ->   KEY `col_int_not_null_key` (`col_int_not_null_key`)
    -> ) ENGINE=InnoDB AUTO_INCREMENT=101 DEFAULT CHARSET=latin1;
Query OK, 0 rows affected (0.02 sec)

mysql> INSERT INTO `table100_int_autoinc` VALUES ('2010-00-20',4,4,3);
ERROR 1292 (22007): Incorrect date value: '2010-00-20' for column 'col_date' at row 1
mysql> select version();
+-----------+
| version() |
+-----------+
| 5.7.10    |
+-----------+
1 row in set (0.00 sec)
```

3. What did you see instead?

error message incompatible with MySQL.

4. What version of TiDB are you using (`tidb-server -V` or run `select tidb_version();` on TiDB)?
```
mysql> select version();
+--------------------------------------+
| version()                            |
+--------------------------------------+
| 5.7.10-TiDB-v2.1.0-rc.3-147-g379ee5b |
+--------------------------------------+
1 row in set (0.00 sec)
```
## SIG slack channel

 [#sig-exec](https://slack.tidb.io/invite?team=tidb-community&channel=sig-exec&ref=high-performance)

## Score

300

## Mentor

- @lzmhhh123
