ID: 8623
Title: error result when update bigint unsigned column to -1
Description:
## Description
## Bug Report

Please answer these questions before submitting your issue. Thanks!

1. What did you do?

```sql
create table t (a bigint unsigned);
insert into t value (1);
update t set a = -1;
```

2. What did you expect to see?
```sql
mysql> insert into t value (1);
Query OK, 1 row affected (0.07 sec)

mysql> update t set a = -1;
ERROR 1264 (22003): Out of range value for column 'a' at row 1
```


3. What did you see instead?
```sql
mysql> insert into t value (1);
Query OK, 1 row affected (0.01 sec)

mysql> update t set a = -1;
Query OK, 1 row affected (0.00 sec)

mysql> select * from t;
+----------------------+
| a                    |
+----------------------+
| 18446744073709551615 |
+----------------------+
1 row in set (0.01 sec)
```

4. What version of TiDB are you using (`tidb-server -V` or run `select tidb_version();` on TiDB)?

```sql
mysql> select tidb_version()\G
*************************** 1. row ***************************
tidb_version(): Release Version: v2.1.0-rc.3-294-g6e2d6c7aa
Git Commit Hash: 6e2d6c7aa7eba3ac4f3a5201f1a36bf534fa6298
Git Branch: master
UTC Build Time: 2018-12-08 05:24:33
GoVersion: go version go1.11.2 linux/amd64
Race Enabled: false
TiKV Min Version: 2.1.0-alpha.1-ff3dd160846b7d1aed9079c389fc188f7f5ea13e
Check Table Before Drop: false
```




## SIG slack channel
[#sig-exec](https://tidbcommunity.slack.com/archives/CMRD79DRR)

## Score
- 300

## Mentor
 * @qw4990
