ID: 9096
Title: join with USING clause/natural join doesn't work well
Description:
## Bug Report

Please answer these questions before submitting your issue. Thanks!

1. What did you do?
If possible, provide a recipe for reproducing the error.

```sql
mysql> create table testa( a int(11), b int(11));
Query OK, 0 rows affected (1.02 sec)

mysql> insert into testa values (1,2);
Query OK, 1 row affected (0.02 sec)

mysql> insert into testa values (2,3);
Query OK, 1 row affected (0.10 sec)

mysql> insert into testa values (4,3);
Query OK, 1 row affected (0.01 sec)

mysql> insert into testa values (8,6);
Query OK, 1 row affected (0.00 sec)

mysql> create table testb( a int(11), b int(11));
Query OK, 0 rows affected (1.01 sec)

mysql> insert into testb  values (2,99);
Query OK, 1 row affected (0.16 sec)
```

2. What did you expect to see?

```sql
mysql>  select a.a,a.b,b.a,b.b,IFNULL(b.b, 0)  from testa a left join testb  b using(a) where a.a=1;
+------+------+------+------+----------------+
| a    | b    | a    | b    | IFNULL(b.b, 0) |
+------+------+------+------+----------------+
|    1 |    2 | NULL | NULL |              0 |
+------+------+------+------+----------------+
1 row in set (0.00 sec)
```
3. What did you see instead?

```sql
mysql> select a.a,a.b,b.a,b.b,IFNULL(b.b, 0)  from testa a left join testb  b using(a) where a.a=1;
ERROR 1054 (42S22): Unknown column 'b.a' in 'field list'
```


4. What version of TiDB are you using (`tidb-server -V` or run `select tidb_version();` on TiDB)?
```
| Release Version: v2.0.11
Git Commit Hash: 83889a5d821f40412be1af2ad2f2393737f517fd
Git Branch: release-2.0
UTC Build Time: 2019-01-03 09:27:12
GoVersion: go version go1.11.2 linux/amd64
TiKV Min Version: 2.0.0-rc.4.1 |
```