ID: 9458
Title: wrong `modify_count / row_count` after `analyze`
Description:
## Bug Report

Please answer these questions before submitting your issue. Thanks!

1. What did you do?

```
mysql> create table tbl(a int);
Query OK, 0 rows affected (0.02 sec)

mysql> insert into tbl values(1),(2),(3),(4),(5);
Query OK, 5 rows affected (0.00 sec)
Records: 5  Duplicates: 0  Warnings: 0

mysql> analyze table tbl;
Query OK, 0 rows affected (0.01 sec)

mysql> show stats_meta where table_name = 'tbl';
+---------+------------+----------------+---------------------+--------------+-----------+
| Db_name | Table_name | Partition_name | Update_time         | Modify_count | Row_count |
+---------+------------+----------------+---------------------+--------------+-----------+
| test    | tbl        |                | 2019-02-26 10:48:32 |            0 |         5 |
+---------+------------+----------------+---------------------+--------------+-----------+
1 row in set (0.00 sec)

-- wait for several seconds

mysql> show stats_meta where table_name = 'tbl';
+---------+------------+----------------+---------------------+--------------+-----------+
| Db_name | Table_name | Partition_name | Update_time         | Modify_count | Row_count |
+---------+------------+----------------+---------------------+--------------+-----------+
| test    | tbl        |                | 2019-02-26 10:48:48 |            5 |        10 |
+---------+------------+----------------+---------------------+--------------+-----------+
1 row in set (0.01 sec)
```

2. What did you expect to see?

`Modify_count` and `Row_count` of `show stats_meta` should not change since we have no INSERT/UPDATE/DELETE.


3. What did you see instead?

`Modify_count` and `Row_count` increases by 5. The problem should be caused by the fact that we do not invalidate `TableDelta` in `SessionStatsCollector` after `ANALYZE`, so when the delta is dumped to storage engine, it would increase `Modify_count` and `Row_count` by 5 because we inserted 5 rows into the table, though they were inserted before `analyze`.

4. What version of TiDB are you using (`tidb-server -V` or run `select tidb_version();` on TiDB)?

```
mysql> select tidb_version();
+--------------------------------------------------------------------------------------------------------------------------------------------------------------------------------------------------------------------------------------------------------------------------------------------------------------------------------------+
| tidb_version()                                                                                                                                                                                                                                                                                                                       |
+--------------------------------------------------------------------------------------------------------------------------------------------------------------------------------------------------------------------------------------------------------------------------------------------------------------------------------------+
| Release Version: v3.0.0-beta-114-g5a283a98d
Git Commit Hash: 5a283a98dd6669bdc6d488b18a541369a2e211a8
Git Branch: master
UTC Build Time: 2019-02-25 11:19:21
GoVersion: go version go1.11.1 darwin/amd64
Race Enabled: false
TiKV Min Version: 2.1.0-alpha.1-ff3dd160846b7d1aed9079c389fc188f7f5ea13e
Check Table Before Drop: false |
+--------------------------------------------------------------------------------------------------------------------------------------------------------------------------------------------------------------------------------------------------------------------------------------------------------------------------------------+
1 row in set (0.00 sec)
```
