ID: 9734
Title: selection between dates is not compatible with Mysql
Description:
## Bug Report

Please answer these questions before submitting your issue. Thanks!

1. What did you do?
If possible, provide a recipe for reproducing the error.
```
create table t1(f1 date, f2 time, f3 datetime);
insert into t1 values ("2006-01-01", "12:01:01", "2006-01-01 12:01:01");
select f1 from t1 where date(f1) between cast("2006-1-1" as date) and cast("2006.1.1" as date);
```


2. What did you expect to see?
In Mysql
```
mysql> create table t1(f1 date, f2 time, f3 datetime);
Query OK, 0 rows affected (0.03 sec)

mysql> insert into t1 values ("2006-01-01", "12:01:01", "2006-01-01 12:01:01");
Query OK, 1 row affected (0.00 sec)

mysql> select f1 from t1 where date(f1) between cast("2006-1-1" as date) and cast("2006.1.1" as date);
+------------+
| f1         |
+------------+
| 2006-01-01 |
+------------+
1 row in set (0.01 sec)
```



3. What did you see instead?
In TiDB
```
mysql> create table t1(f1 date, f2 time, f3 datetime);
Query OK, 0 rows affected (0.01 sec)

mysql> insert into t1 values ("2006-01-01", "12:01:01", "2006-01-01 12:01:01");
Query OK, 1 row affected (0.00 sec)

mysql> select f1 from t1 where date(f1) between cast("2006-1-1" as date) and cast("2006.1.1" as date);
Empty set, 1 warning (0.00 sec)
```


4. What version of TiDB are you using (`tidb-server -V` or run `select tidb_version();` on TiDB)?
```
+------------------------------------------------------------------------------------------------------------------------------------------------------------------------------------------------------------------------------------------------------------------------------------------------------------------------------------+
| tidb_version()                                                                                                                                                                                                                                                                                                                     |
+------------------------------------------------------------------------------------------------------------------------------------------------------------------------------------------------------------------------------------------------------------------------------------------------------------------------------------+
| Release Version: v3.0.0-beta-212-g0681b8125
Git Commit Hash: 0681b8125080045ee0d4747ce61923164c6f2dd1
Git Branch: master
UTC Build Time: 2019-03-14 04:39:19
GoVersion: go version go1.12 darwin/amd64
Race Enabled: false
TiKV Min Version: 2.1.0-alpha.1-ff3dd160846b7d1aed9079c389fc188f7f5ea13e
Check Table Before Drop: false |
+------------------------------------------------------------------------------------------------------------------------------------------------------------------------------------------------------------------------------------------------------------------------------------------------------------------------------------+
```
