ID: 9767
Title: Handling invalid `YEAR` string is not compatible with Mysql
Description:
## Bug Report

Please answer these questions before submitting your issue. Thanks!

1. What did you do?
If possible, provide a recipe for reproducing the error.
```
CREATE TABLE t1 (y YEAR);
INSERT IGNORE INTO t1 VALUES ('abc');
SELECT * FROM t1;
```

2. What did you expect to see?
In Mysql
```
mysql> CREATE TABLE t1 (y YEAR);
Query OK, 0 rows affected (0.03 sec)

mysql> INSERT IGNORE INTO t1 VALUES ('abc');
Query OK, 1 row affected, 1 warning (0.00 sec)

mysql> SELECT * FROM t1;
+------+
| y    |
+------+
| 0000 |
+------+
1 row in set (0.00 sec)
```


3. What did you see instead?
In TiDB
```
mysql> CREATE TABLE t1 (y YEAR);
Query OK, 0 rows affected (0.01 sec)

mysql> INSERT IGNORE INTO t1 VALUES ('abc');
Query OK, 1 row affected, 1 warning (0.00 sec)

mysql> SELECT * FROM t1;
+------+
| y    |
+------+
| 2000 |
+------+
1 row in set (0.00 sec)
```


4. What version of TiDB are you using (`tidb-server -V` or run `select tidb_version();` on TiDB)?
```
+------------------------------------------------------------------------------------------------------------------------------------------------------------------------------------------------------------------------------------------------------------------------------------------------------------------------------------------+
| tidb_version()                                                                                                                                                                                                                                                                                                                           |
+------------------------------------------------------------------------------------------------------------------------------------------------------------------------------------------------------------------------------------------------------------------------------------------------------------------------------------------+
| Release Version: v3.0.0-beta-227-g06183393e-dirty
Git Commit Hash: 06183393ed536aa248248b72d4bf9f5010947f66
Git Branch: master
UTC Build Time: 2019-03-15 08:22:53
GoVersion: go version go1.12 darwin/amd64
Race Enabled: false
TiKV Min Version: 2.1.0-alpha.1-ff3dd160846b7d1aed9079c389fc188f7f5ea13e
Check Table Before Drop: false |
+------------------------------------------------------------------------------------------------------------------------------------------------------------------------------------------------------------------------------------------------------------------------------------------------------------------------------------------+
```
