ID: 9918
Title: `cast as char` is not compatible with MySQL
Description:
## Bug Report

Please answer these questions before submitting your issue. Thanks!

1. What did you do?
If possible, provide a recipe for reproducing the error.
```
create table t(a year);
insert into t values(0);
select *, cast('0000' as char), cast(a as char) from t;
```

2. What did you expect to see?
```
mysql> create table t(a year);
Query OK, 0 rows affected (0.07 sec)

mysql> insert into t values(0);
Query OK, 1 row affected (0.01 sec)

mysql> select *, cast('0000' as char), cast(a as char) from t;
+------+----------------------+-----------------+
| a    | cast('0000' as char) | cast(a as char) |
+------+----------------------+-----------------+
| 0000 | 0000                 | 0000            |
+------+----------------------+-----------------+
1 row in set (0.00 sec)
```

3. What did you see instead?
```
mysql> create table t(a year);
Query OK, 0 rows affected (0.01 sec)
mysql> insert into t values(0);
Query OK, 1 row affected (0.00 sec)

mysql> select *, cast('0000' as char), cast(a as char) from t;
+------+----------------------+-----------------+
| a    | cast('0000' as char) | cast(a as char) |
+------+----------------------+-----------------+
| 0000 | 0000                 | 0               |
+------+----------------------+-----------------+
1 row in set (0.00 sec)
```

4. What version of TiDB are you using (`tidb-server -V` or run `select tidb_version();` on TiDB)?
```
mysql> select tidb_version();
+---------------------------------------------------------------------------------------------------------------------------------------------------------------------------------------------------------------------------------------------------------------------------------------------------------------------------------------+
| tidb_version()                                                                                                                                                                                                                                                                                                                        |
+---------------------------------------------------------------------------------------------------------------------------------------------------------------------------------------------------------------------------------------------------------------------------------------------------------------------------------------+
| Release Version: v3.0.0-beta-260-g47a564b-dirty
Git Commit Hash: 47a564be2fc6045c6423e63b28a421924d5557bf
Git Branch: master
UTC Build Time: 2019-03-26 07:16:37
GoVersion: go version go1.12 linux/amd64
Race Enabled: false
TiKV Min Version: 2.1.0-alpha.1-ff3dd160846b7d1aed9079c389fc188f7f5ea13e
Check Table Before Drop: false |
+---------------------------------------------------------------------------------------------------------------------------------------------------------------------------------------------------------------------------------------------------------------------------------------------------------------------------------------+
1 row in set (0.00 sec)
```
