ID: 1049
Title:  [Bug]: sql(LOAD DATA infile) throw ERROR 1227 (42501): Access denied
Description:
### Please check the issue list for the same bug

- [X] I have checked issue list and this bug is encountered for the first time.

### Environment

```markdown
- OB Version&commit_id or other module version&commit_id (e.g. observer V3.1.2 8b23a93):
obServer :oceanbase-ce-3.1.4-10000092022071511 
obclient :obclient-2.0.2-3
obd搭建的三节点集群

- Hardware parameter:OS type & Compliler & CPU etc. 
[admin@ob2 root]$ cat /etc/redhat-release
CentOS Linux release 7.9.2009 (Core)
[admin@ob2 root]$ uname -r
3.10.0-1160.el7.x86_64
[admin@ob2 root]$ free -g
total used free shared buff/cache available
Mem: 15 7 3 0 4 2
Swap: 0 0 0
- Others
本机文件权限检查:
[root@ob2 ~]# ll /opt/
total 23572
-rwxrwxrwx 1 admin admin 24135125 Aug 18 16:27 part.tbl
[root@ob2 ~]# ll /
total 16
lrwxrwxrwx. 1 root root 7 Aug 16 15:51 bin → usr/bin
dr-xr-xr-x. 5 root root 4096 Aug 17 11:25 boot
drwxr-xr-x 5 admin admin 62 Aug 18 16:12 data
drwxr-xr-x 21 root root 3280 Aug 17 11:24 dev
drwxr-xr-x. 77 root root 8192 Aug 17 17:47 etc
drwxr-xr-x. 3 root root 19 Aug 17 11:03 home
lrwxrwxrwx. 1 root root 7 Aug 16 15:51 lib → usr/lib
lrwxrwxrwx. 1 root root 9 Aug 16 15:51 lib64 → usr/lib64
drwxr-xr-x. 2 root root 6 Apr 11 2018 media
drwxr-xr-x. 2 root root 6 Apr 11 2018 mnt
drwxrwxrwx. 2 root root 22 Aug 18 16:35 opt
dr-xr-xr-x 181 root root 0 Aug 17 11:24 proc
dr-xr-x—. 4 root root 197 Aug 18 18:02 root
drwxr-xr-x 25 root root 700 Aug 17 17:47 run
lrwxrwxrwx. 1 root root 8 Aug 16 15:51 sbin → usr/sbin
drwxr-xr-x. 2 root root 6 Apr 11 2018 srv
dr-xr-xr-x 13 root root 0 Aug 18 16:41 sys
drwxrwxrwt. 8 root root 211 Aug 19 11:20 tmp
drwxr-xr-x 4 root root 35 Aug 17 17:13 u01
drwxr-xr-x. 14 root root 166 Aug 17 17:08 usr
drwxr-xr-x. 19 root root 267 Aug 16 17:07 var
```


### Fast Reproduce Steps(Required)

使用sys租户建立了一个ly用户.使用ly用户使用上面的load data导入tpc-h生成的数据
**obclient and observer is same server**

操作记录:
Welcome to the OceanBase. Commands end with ; or \g.
Your OceanBase connection id is 3221498788
Server version: 5.7.25 OceanBase 3.1.4 (r10000092022071511-b4bfa011ceaef428782dcb65ae89190c40b78c2f) (Built Jul 15 2022 11:45:14)

Copyright (c) 2000, 2022, OceanBase and/or its affiliates. All rights reserved.

Type ‘help;’ or ‘\h’ for help. Type ‘\c’ to clear the current input statement.

obclient [(none)]> use tp;
Reading table information for completion of table and column names
You can turn off this feature to get a quicker startup with -A

Database changed
obclient [tp]> set global secure_file_priv = “”;
Query OK, 0 rows affected (0.695 sec)

obclient [tp]> grant file on *.* to ly;
Query OK, 0 rows affected (0.224 sec)

obclient [tp]> load data infile “/opt/part.tbl” into table PART fields terminated by “|”;
ERROR 1227 (42501): Access denied
obclient [tp]> load data infile ‘/opt/part.tbl’ into table PART fields terminated by “|”;
ERROR 1227 (42501): Access denied
obclient [tp]>

### Actual Behavior

ly用户被授予的权限检查:
obclient [tp]> SHOW GRANTS FOR ly;
±--------------------------------------------------------------+
| Grants for ly@% |
±--------------------------------------------------------------+
| GRANT ALL PRIVILEGES ON *.* TO ‘ly’ WITH GRANT OPTION |
| GRANT ALL PRIVILEGES ON tp.* TO ‘ly’ |
| GRANT ALL PRIVILEGES ON data_ny.* TO ‘ly’ WITH GRANT OPTION |
±--------------------------------------------------------------+
3 rows in set (0.018 sec)


检查ly用户所拥有的用户级权限
obclient [tp]> SELECT * FROM mysql.user WHERE user=‘ly’\G;
*************************** 1. row ***************************
host: %
user: ly
password: *737b6baf309fc303c962e168d64ba5384faa4f75
select_priv: Y
insert_priv: Y
update_priv: Y
delete_priv: Y
create_priv: Y
drop_priv: Y
reload_priv: N
shutdown_priv: N
process_priv: Y
file_priv: Y
grant_priv: Y
reference_priv: N
index_priv: Y
alter_priv: Y
show_db_priv: Y
super_priv: Y
create_tmp_table_priv: N
lock_tables_priv: N
execute_priv: N
repl_slave_priv: N
repl_client_priv: N
create_view_priv: Y
show_view_priv: Y
create_routine_priv: N
alter_routine_priv: N
create_user_priv: Y
event_priv: N
trigger_priv: N
create_tablespace_priv: N
ssl_type:
ssl_cipher:
x509_issuer:
x509_subject:
max_questions: 0
max_updates: 0
max_connections: 0
max_user_connections: 0
plugin: ob_native_password
authentication_string:
password_expired:
1 row in set (0.046 sec)


集群状态检查:
obclient [tp]> SELECT status FROM oceanbase.__all_server;
±-------+
| status |
±-------+
| active |
| active |
| active |
±-------+
3 rows in set (0.004 sec)



集群安装列表检查:
[root@ob2 ~]# su admin
[admin@ob2 root]$ obd cluster display obtest;
Get local repositories and plugins ok
Open ssh connection ok
Cluster status check ok
Connect to observer ok
Wait for observer init ok
±-----------------------------------------------+
| observer |
±-------------±--------±-----±------±-------+
| ip | version | port | zone | status |
±-------------±--------±-----±------±-------+
| 192.168.0.48 | 3.1.4 | 2881 | zone1 | active |
| 192.168.0.49 | 3.1.4 | 2881 | zone1 | active |
| 192.168.0.67 | 3.1.4 | 2881 | zone1 | active |
±-------------±--------±-----±------±-------+

Connect to obproxy ok
±-----------------------------------------------+
| obproxy |
±-------------±-----±----------------±-------+
| ip | port | prometheus_port | status |
±-------------±-----±----------------±-------+
| 192.168.0.49 | 2883 | 2884 | active |
±-------------±-----±----------------±-------+

### Expected Behavior

load data success

### other information

error log:
2022-08-19 13:58:31.586324] WARN [SQL.RESV] resolve (ob_load_data_resolver.cpp:132) [23707][1073][YB42C0A80030-0005E68F981C2498] [lt=41] [dc=0] no priv(ret=-5036, secure_file_priv=NULL, full_file_path=/opt/part.tbl)
[2022-08-19 13:58:31.586356] WARN [SQL.RESV] stmt_resolver_func (ob_resolver.cpp:126) [23707][1073][YB42C0A80030-0005E68F981C2498] [lt=26] [dc=0] execute stmt_resolver failed(ret=-5036, parse_tree.type_=3758)
[2022-08-19 13:58:31.586374] WARN [SQL] generate_stmt (ob_sql.cpp:1440) [23707][1073][YB42C0A80030-0005E68F981C2498] [lt=10] [dc=0] failed to resolve(ret=-5036)
[2022-08-19 13:58:31.586387] WARN [SQL] generate_physical_plan (ob_sql.cpp:1528) [23707][1073][YB42C0A80030-0005E68F981C2498] [lt=9] [dc=0] Failed to generate stmt(ret=-5036, result.get_exec_context().need_disconnect()=false)
[2022-08-19 13:58:31.586401] WARN [SQL] handle_physical_plan (ob_sql.cpp:3228) [23707][1073][YB42C0A80030-0005E68F981C2498] [lt=9] [dc=0] Failed to generate plan(ret=-5036, result.get_exec_context().need_disconnect()=false)
[2022-08-19 13:58:31.586439] WARN [SQL] handle_text_query (ob_sql.cpp:1209) [23707][1073][YB42C0A80030-0005E68F981C2498] [lt=35] [dc=0] fail to handle physical plan(ret=-5036)
[2022-08-19 13:58:31.586456] WARN [SQL] stmt_query (ob_sql.cpp:171) [23707][1073][YB42C0A80030-0005E68F981C2498] [lt=12] [dc=0] fail to handle text query(stmt=load data infile ‘/opt/part.tbl’ into table PART fields terminated by “|”, ret=-5036)
[2022-08-19 13:58:31.586481] WARN [SERVER] test_and_save_retry_state (ob_query_retry_ctrl.cpp:180) [23707][1073][YB42C0A80030-0005E68F981C2498] [lt=8] [dc=0] schema error, but do not need retry(client_ret=-5036, err=-5036, retry_type_=0, local_tenant_version_start=1660879420927992, global_tenant_version_start=1660879420927992, local_tenant_version_latest=1660879420927992, local_sys_version_start=1660879420927992, global_sys_version_start=1660879420927992, local_sys_version_latest=1660879420927992)
[2022-08-19 13:58:31.586510] INFO [SERVER] ob_query_retry_ctrl.cpp:460 [23707][1073][YB42C0A80030-0005E68F981C2498] [lt=19] [dc=0] check if need retry(client_ret=-5036, err=-5036, retry_type_=0, retry_times=1, multi_stmt_item={is_part_of_multi_stmt:true, seq_num:0, sql:“load data infile ‘/opt/part.tbl’ into table PART fields terminated by “|””})
[2022-08-19 13:58:31.586524] WARN [SERVER] do_process (obmp_query.cpp:638) [23707][1073][YB42C0A80030-0005E68F981C2498] [lt=8] [dc=0] run stmt_query failed, check if need retry(ret=-5036, cli_ret=-5036, retry_ctrl_.need_retry()=0, sql=load data infile ‘/opt/part.tbl’ into table PART fields terminated by “|”)
[2022-08-19 13:58:31.586549] WARN [SERVER] do_process (obmp_query.cpp:745) [23707][1073][YB42C0A80030-0005E68F981C2498] [lt=9] [dc=0] query failed(ret=-5036, retry_ctrl_.need_retry()=0)
[2022-08-19 13:58:31.586601] INFO [SERVER] obmp_base.cpp:1163 [23707][1073][YB42C0A80030-0005E68F981C2498] [lt=16] [dc=0] sending error packet(err=-5036, bt=“0x9a98e9e 0x9506b06 0x952d452 0x9529b67 0x9bc719c 0x9311c1f 0x92f21db 0x931087f 0x92f0004 0x92f05e7 0x2cabf02 0x9820da5 0x981f792 0x981c24f”, extra_err_info=0x7f4ea0ebf8c8)
[2022-08-19 13:58:31.586617] INFO [SERVER] obmp_base.cpp:1237 [23707][1073][YB42C0A80030-0005E68F981C2498] [lt=9] [dc=0] send error package.(user_error_code=1227, err=-5036, sql_state=“42501”, message=Access denied)
[2022-08-19 13:58:31.586646] INFO [SQL.SESSION] ob_sql_session_info.cpp:90 [23707][1073][YB42C0A80030-0005E68F981C2498] [lt=7] [dc=0] revert schema guard success by sql(session_id=3221498788, tenant_id=1, schema_version=1660879420927992)
[2022-08-19 13:58:31.586714] TRACE [TRACE]obmp_base.cpp:1688 [23707][1073][YB42C0A80030-0005E68F981C2498] [lt=9] [dc=0] [show trace](TRACE=begin_ts=1660888711586089 2022-08-19 05:58:31.586089|[process_begin] u=0 in_queue_time:53, receive_ts:1660888711586033, enqueue_ts:1660888711586036|[start_sql] u=2 addr:{ip:“192.168.0.48”, port:38104}|[query_begin] u=1 trace_id:YB42C0A80030-0005E68F981C2498|[before_processor_run] u=11 |[session] u=10 sid:3221498788, tenant_id:1|[parse_begin] u=50 stmt:“load data infile ‘/opt/part.tbl’ into table PART fields terminated by “|””, stmt_len:73|[cache_get_plan_begin] u=8 |[cache_get_plan_end] u=37 |[transform_with_outline_begin] u=3 |[transform_with_outline_end] u=45 |[resolve_begin] u=32 |[resolve_end] u=82 |[query_end] u=309 |total_timeu=590)
[2022-08-19 13:58:31.586734] WARN [SERVER] process (obmp_query.cpp:291) [23707][1073][YB42C0A80030-0005E68F981C2498] [lt=10] [dc=0] fail execute sql(sql_id="", sql=load data infile ‘/opt/part.tbl’ into table PART fields terminated by “|”, sessid=3221498788, ret=-5036, ret=“OB_ERR_NO_PRIVILEGE”, need_disconnect=false)
[2022-08-19 13:58:31.589725] INFO [STORAGE] ob_pg_sstable_garbage_collector.cpp:188 [23285][262][Y0-0000000000000000] [lt=41] [dc=0] do one gc free sstable by queue(ret=0, free sstable cnt=0)
[2022-08-19 13:58:31.594423] INFO [STORAGE] ob_freeze_info_snapshot_mgr.cpp:955 [23348][384][Y0-0000000000000000] [lt=23] [dc=0] start reload freeze info and snapshots(is_remote_=false)
[2022-08-19 13:58:31.602312] INFO [STORAGE] ob_freeze_info_snapshot_mgr.cpp:741 [23348][384][Y0-0000000000000000] [lt=44] [dc=0] update info commit(snapshot_gc_ts_=1660888704124083, snapshot_gc_ts=1660888706204811)
[2022-08-19 13:58:31.609902] INFO [STORAGE] ob_pg_sstable_garbage_collector.cpp:188 [23285][262][Y0-0000000000000000] [lt=39] [dc=0] do one gc free sstable by queue(ret=0, free sstable cnt=0)
[2022-08-19 13:58:31.630075] INFO [STORAGE] ob_pg_sstable_garbage_collector.cpp:188 [23285][262][Y0-0000000000000000] [lt=40] [dc=0] do one gc free sstable by queue(ret=0, free sstable cnt=0)
[2022-08-19 13:58:31.630902] INFO [STORAGE.TRANS] ob_trans_part_ctx.cpp:731 [23538][762][YB42C0A80030-0005E68F93AD86F3] [lt=21] [dc=0] update gts cache success(updated=false, context={ObDistTransCtx:{ObTransCtx:{this:0x7f4f2d43ef50, ctx_type:2, trans_id:{hash:15145844366255742390, inc:348130, addr:“192.168.0.48:2882”, t:1660888711630750}, tenant_id:1, is_exiting:false, trans_type:0, is_readonly:false, trans_expired_time:1660888741630640, self:{tid:1099511628002, partition_id:0, part_cnt:0}, state:{prepare_version:-1, state:0}, cluster_version:12884967428, trans_need_wait_wrap:{receive_gts_ts:{mts:0}, need_wait_interval_us:0}, trans_param:[access_mode=1, type=2, isolation=1, magic=17361641481138401520, autocommit=1, consistency_type=0(CURRENT_READ), read_snapshot_type=2(PARTICIPANT_SNAPSHOT), cluster_version=12884967428, is_inner_trans=1], can_elr:false, uref:1073741825, ctx_create_time:1660888711628875}, scheduler:“192.168.0.48:2882”, coordinator:{tid:18446744073709551615, partition_id:-1, part_idx:268435455, subpart_idx:268435455}, participants:[{tid:1099511628002, partition_id:0, part_cnt:0}], request_id:-1, timeout_task:{is_inited:true, is_registered:true, is_running:false, delay:30742218, ctx:0x7f4f2d43ef50, bucket_idx:5031, run_ticket:332177748475, is_scheduled:true, prev:0x7f502ebcce80, next:0x7f502ebcce80}, xid:{gtrid_str:"", bqual_str:"", format_id:1, gtrid_str_.ptr():“data_size:0, data:”, bqual_str_.ptr():“data_size:0, data:”}}, snapshot_version:1660888711565694, local_trans_version:-1, submit_log_pending_count:0, submit_log_count:0, stmt_info:{sql_no:0, start_task_cnt:0, end_task_cnt:0, need_rollback:false, task_info:{tasks_:[]}}, global_trans_version:-1, redo_log_no:0, mutator_log_no:0, session_id:1, is_gts_waiting:false, part_trans_action:-1, timeout_task:{is_inited:true, is_registered:true, is_running:false, delay:30742218, ctx:0x7f4f2d43ef50, bucket_idx:5031, run_ticket:332177748475, is_scheduled:true, prev:0x7f502ebcce80, next:0x7f502ebcce80}, batch_commit_trans:false, batch_commit_state:0, is_dup_table_trans:false, last_ask_scheduler_status_ts:1660888711630808, last_ask_scheduler_status_response_ts:1660888711630809, ctx_dependency_wrap:{prev_trans_arr:[], next_trans_arr:[], prev_trans_commit_count:0}, preassigned_log_meta:{log_id_:18446744073709551615, submit_timestamp_:-1, proposal_id_:{time_to_usec:-1, server:“0.0.0.0”}}, is_dup_table_prepare:false, dup_table_syncing_log_id:18446744073709551615, is_prepare_leader_revoke:false, is_local_trans:true, forbidden_sql_no:-1, is_dirty_:false, undo_status:{undo_action_arr:[]}, max_durable_sql_no:0, max_durable_log_ts:0, mt_ctx_.get_checksum_log_ts():0, is_changing_leader:false, has_trans_state_log:false, is_trans_state_sync_finished:false, status:0, same_leader_batch_partitions_count:0, is_hazardous_ctx:false, mt_ctx_.get_callback_count():0, in_xa_prepare_state:false, is_listener:
false, last_replayed_redo_log_id:0, status:0, is_xa_trans_prepared:false, redo_log_id_serialize_size:1, participants_serialize_size:1, undo_serialize_size:7})
[2022-08-19 13:58:31.650254] INFO [STORAGE] ob_pg_sstable_garbage_collector.cpp:188 [23285][262][Y0-0000000000000000] [lt=43] [dc=0] do one gc free sstable by queue(ret=0, free sstable cnt=0)
[2022-08-19 13:58:31.670459] INFO [STORAGE] ob_pg_sstable_garbage_collector.cpp:188 [23285][262][Y0-0000000000000000] [lt=39] [dc=0] do one gc free sstable by queue(ret=0, free sstable cnt=0)
[2022-08-19 13:58:31.671245] WARN [CLOG] finish_timer (ob_log_timer_utility.h:42) [23359][0][Y0-0000000000000000] [lt=43] [dc=0] cost too much time(file="/home/jenkins/agent/workspace/rpm-oceanbase-ce-3.1.4-1.1.5/ob_source_code_dir/src/clog
/ob_clog_file_writer.cpp", line=688, time=39895)
[2022-08-19 13:58:31.671343] INFO [CLOG] ob_log_callback_engine.cpp:85 [23359][0][Y0-0000000000000000] [lt=44] [dc=0] callback queue task number(clog=-3, ret=0)
[2022-08-19 13:58:31.671391] INFO [CLOG] ob_clog_writer.cpp:294 [23359][0][Y0-0000000000000000] [lt=31] [dc=0] ObCLogWriter get_queued_item_cnt(queued_cnt=0)
[2022-08-19 13:58:31.671532] INFO [CLOG] ob_log_flush_task.cpp:180 [23366][418][Y0-0000000000000000] [lt=36] [dc=0] clog flush cb cost time(flush_cb_cnt=12, flush_cb_cost_time=2085, avg time=160)
[2022-08-19 13:58:31.671617] INFO [SERVER] ob_inner_sql_connection.cpp:1300 [23538][762][Y0-0000000000000000] [lt=28] [dc=0] execute write sql(ret=0, tenant_id=1, affected_rows=1, sql=" update all_weak_read_service set min_version=1660888711465813, max_version=1660888711465813 where level_id = 0 and level_value = ‘’ and min_version = 1660888711315558 and max_version = 1660888711315558 ")
[2022-08-19 13:58:31.671695] WARN [LIB] ~ObTimeGuard (utility.h:761) [23538][762][Y0-0000000000000000] [lt=17] [dc=0] destruct(*this=time guard ‘[WRS] [TENANT_WEAK_READ_SERVICE] tenant_id=1, thread_timer_task’ cost too much time, used=41792
, time_dist: generate_cluster_version=41788)
[2022-08-19 13:58:31.671745] INFO [STORAGE.TRANS] ob_tenant_weak_read_service.cpp:496 [23538][762][Y0-0000000000000000] [lt=20] [dc=0] [WRS] [TENANT_WEAK_READ_SERVICE] [STAT](tenant_id=1, server_version={version:1660888711465813, total_part
count:1203, valid_inner_part_count:1200, valid_user_part_count:3}, server_version_delta=205907, in_cluster_service=true, cluster_version=1660888711465813, min_cluster_version=1660888711465813, max_cluster_version=1660888711465813, get_cluster_version_err=0, cluster_version_delta=205907, cluster_service_master=“192.168.0.48:2882”, cluster_service_pkey={tid:1099511628002, partition_id:0, part_cnt:0}, post_cluster_heartbeat_count=160334, succ_cluster_heartbeat_count=536, cluster
heartbeat_interval=50000, local_cluster_version=0, local_cluster_delta=1660888711671720, force_self_check=false, weak_read_refresh_interval=50000)
[2022-08-19 13:58:31.681866] INFO [STORAGE.TRANS] ob_tenant_weak_read_cluster_service.cpp:872 [23538][762][Y0-0000000000000000] [lt=20] [dc=0] [WRS] [TENANT_WEAK_READ_SERVICE] [CLUSTER_SERVICE] [SELF_CHECK] done(ret=0, ret=“OB_SUCCESS”, tenant_id=1, need_start_service=false, need_stop_service=false, need_change_leader=false, is_in_service()=true, can_update_version=true, cur_leader_epoch=1660879262000000, start_service_tstamp=1660879267720878, error_count_for_change_leader=0
, last_error_tstamp_for_change_leader_=0)
[2022-08-19 13:58:31.690649] INFO [STORAGE] ob_pg_sstable_garbage_collector.cpp:188 [23285][262][Y0-0000000000000000] [lt=46] [dc=0] do one gc free sstable by queue(ret=0, free sstable cnt=0)
[2022-08-19 13:58:31.708101] INFO [SHARE] ob_bg_thread_monitor.cpp:294 [23800][1203][Y0-0000000000000000] [lt=27] [dc=0] current monitor number(seq_=4)
[2022-08-19 13:58:31.710824] INFO [STORAGE] ob_pg_sstable_garbage_collector.cpp:188 [23285][262][Y0-0000000000000000] [lt=38] [dc=0] do one gc free sstable by queue(ret=0, free sstable cnt=0)
[2022-08-19 13:58:31.731135] INFO [STORAGE] ob_pg_sstable_garbage_collector.cpp:188 [23285][262][Y0-0000000000000000] [lt=43] [dc=0] do one gc free sstable by queue(ret=0, free sstable cnt=0)
[2022-08-19 13:58:31.732441] INFO [COMMON] ob_kvcache_store.cpp:799 [23203][100][Y0-0000000000000000] [lt=9] [dc=0] Wash compute wash size(sys_total_wash_size=-73400320, global_cache_size=178241920, tenant_max_wash_size=178241920, tenant_mi

